stm32f1xx_hal_i2c.c:5669:13:I2C_Master_SB	0	static
stm32f1xx_hal_i2c.c:5730:13:I2C_Master_ADD10	0	static
stm32f1xx_hal_i2c.c:5751:13:I2C_Master_ADDR	56	static
stm32f1xx_hal_i2c.c:5940:13:I2C_SlaveTransmit_BTF	0	static
stm32f1xx_hal_i2c.c:6002:13:I2C_SlaveReceive_BTF	0	static
stm32f1xx_hal_i2c.c:7305:26:I2C_WaitOnSTOPRequestThroughIT	8	static
stm32f1xx_hal_i2c.c:7379:26:I2C_IsAcknowledgeFailed	0	static
stm32f1xx_hal_i2c.c:7404:13:I2C_ConvertOtherXferOptions	0	static
stm32f1xx_hal_i2c.c:7111:26:I2C_WaitOnFlagUntilTimeout	24	static
stm32f1xx_hal_i2c.c:7145:26:I2C_WaitOnMasterAddressFlagUntilTimeout	24	static
stm32f1xx_hal_i2c.c:6476:26:I2C_MasterRequestWrite	32	static
stm32f1xx_hal_i2c.c:6546:26:I2C_MasterRequestRead	40	static
stm32f1xx_hal_i2c.c:7196:26:I2C_WaitOnTXEFlagUntilTimeout	16	static
stm32f1xx_hal_i2c.c:6646:26:I2C_RequestMemoryWrite	40	static
stm32f1xx_hal_i2c.c:6726:26:I2C_RequestMemoryRead	40	static
stm32f1xx_hal_i2c.c:7234:26:I2C_WaitOnBTFFlagUntilTimeout	16	static
stm32f1xx_hal_i2c.c:7334:26:I2C_WaitOnRXNEFlagUntilTimeout	16	static
stm32f1xx_hal_i2c.c:7272:26:I2C_WaitOnSTOPFlagUntilTimeout	16	static
stm32f1xx_hal_i2c.c:614:13:HAL_I2C_MspInit	0	static
stm32f1xx_hal_i2c.c:453:19:HAL_I2C_Init	24	static
stm32f1xx_hal_i2c.c:630:13:HAL_I2C_MspDeInit	0	static
stm32f1xx_hal_i2c.c:568:19:HAL_I2C_DeInit	8	static
stm32f1xx_hal_i2c.c:1050:19:HAL_I2C_Master_Transmit	40	static
stm32f1xx_hal_i2c.c:1171:19:HAL_I2C_Master_Receive	56	static,ignoring_inline_asm
stm32f1xx_hal_i2c.c:1462:19:HAL_I2C_Slave_Transmit	40	static
stm32f1xx_hal_i2c.c:1592:19:HAL_I2C_Slave_Receive	40	static
stm32f1xx_hal_i2c.c:1713:19:HAL_I2C_Master_Transmit_IT	16	static
stm32f1xx_hal_i2c.c:1793:19:HAL_I2C_Master_Receive_IT	16	static
stm32f1xx_hal_i2c.c:1875:19:HAL_I2C_Slave_Transmit_IT	4	static
stm32f1xx_hal_i2c.c:1937:19:HAL_I2C_Slave_Receive_IT	4	static
stm32f1xx_hal_i2c.c:2001:19:HAL_I2C_Master_Transmit_DMA	24	static
stm32f1xx_hal_i2c.c:2140:19:HAL_I2C_Master_Receive_DMA	24	static
stm32f1xx_hal_i2c.c:2277:19:HAL_I2C_Slave_Transmit_DMA	8	static
stm32f1xx_hal_i2c.c:2372:19:HAL_I2C_Slave_Receive_DMA	8	static
stm32f1xx_hal_i2c.c:2472:19:HAL_I2C_Mem_Write	32	static
stm32f1xx_hal_i2c.c:2595:19:HAL_I2C_Mem_Read	56	static,ignoring_inline_asm
stm32f1xx_hal_i2c.c:2891:19:HAL_I2C_Mem_Write_IT	16	static
stm32f1xx_hal_i2c.c:2979:19:HAL_I2C_Mem_Read_IT	16	static
stm32f1xx_hal_i2c.c:3073:19:HAL_I2C_Mem_Write_DMA	40	static
stm32f1xx_hal_i2c.c:3238:19:HAL_I2C_Mem_Read_DMA	48	static
stm32f1xx_hal_i2c.c:3417:19:HAL_I2C_IsDeviceReady	48	static
stm32f1xx_hal_i2c.c:3553:19:HAL_I2C_Master_Seq_Transmit_IT	24	static
stm32f1xx_hal_i2c.c:3651:19:HAL_I2C_Master_Seq_Transmit_DMA	24	static
stm32f1xx_hal_i2c.c:3817:19:HAL_I2C_Master_Seq_Receive_IT	24	static
stm32f1xx_hal_i2c.c:3941:19:HAL_I2C_Master_Seq_Receive_DMA	32	static
stm32f1xx_hal_i2c.c:4144:19:HAL_I2C_Slave_Seq_Transmit_IT	16	static
stm32f1xx_hal_i2c.c:4210:19:HAL_I2C_Slave_Seq_Transmit_DMA	32	static
stm32f1xx_hal_i2c.c:4367:19:HAL_I2C_Slave_Seq_Receive_IT	16	static
stm32f1xx_hal_i2c.c:4433:19:HAL_I2C_Slave_Seq_Receive_DMA	32	static
stm32f1xx_hal_i2c.c:4586:19:HAL_I2C_EnableListen_IT	0	static
stm32f1xx_hal_i2c.c:4619:19:HAL_I2C_DisableListen_IT	0	static
stm32f1xx_hal_i2c.c:4962:13:HAL_I2C_MasterTxCpltCallback	0	static
stm32f1xx_hal_i2c.c:5284:13:I2C_MasterTransmit_BTF	8	static
stm32f1xx_hal_i2c.c:4978:13:HAL_I2C_MasterRxCpltCallback	0	static
stm32f1xx_hal_i2c.c:4993:13:HAL_I2C_SlaveTxCpltCallback	0	static
stm32f1xx_hal_i2c.c:5899:13:I2C_SlaveTransmit_TXE	8	static
stm32f1xx_hal_i2c.c:5009:13:HAL_I2C_SlaveRxCpltCallback	0	static
stm32f1xx_hal_i2c.c:5961:13:I2C_SlaveReceive_RXNE	8	static
stm32f1xx_hal_i2c.c:5027:13:HAL_I2C_AddrCallback	0	static
stm32f1xx_hal_i2c.c:6024:13:I2C_Slave_ADDR	8	static
stm32f1xx_hal_i2c.c:5045:13:HAL_I2C_ListenCpltCallback	0	static
stm32f1xx_hal_i2c.c:6244:13:I2C_Slave_AF	8	static
stm32f1xx_hal_i2c.c:5061:13:HAL_I2C_MemTxCpltCallback	0	static
stm32f1xx_hal_i2c.c:5351:13:I2C_MemoryTransmit_TXE_BTF	8	static
stm32f1xx_hal_i2c.c:5190:13:I2C_MasterTransmit_TXE	8	static
stm32f1xx_hal_i2c.c:5077:13:HAL_I2C_MemRxCpltCallback	0	static
stm32f1xx_hal_i2c.c:5543:13:I2C_MasterReceive_BTF	8	static
stm32f1xx_hal_i2c.c:5093:13:HAL_I2C_ErrorCallback	0	static
stm32f1xx_hal_i2c.c:6973:13:I2C_DMAError	8	static
stm32f1xx_hal_i2c.c:6835:13:I2C_DMAXferCplt	16	static
stm32f1xx_hal_i2c.c:5435:13:I2C_MasterReceive_RXNE	8	static
stm32f1xx_hal_i2c.c:5109:13:HAL_I2C_AbortCpltCallback	0	static
stm32f1xx_hal_i2c.c:7008:13:I2C_DMAAbort	16	static
stm32f1xx_hal_i2c.c:6310:13:I2C_ITError	8	static
stm32f1xx_hal_i2c.c:4654:19:HAL_I2C_Master_Abort_IT	8	static
stm32f1xx_hal_i2c.c:6075:13:I2C_Slave_STOPF	24	static
stm32f1xx_hal_i2c.c:4713:6:HAL_I2C_EV_IRQHandler	24	static
stm32f1xx_hal_i2c.c:4879:6:HAL_I2C_ER_IRQHandler	24	static
stm32f1xx_hal_i2c.c:5144:22:HAL_I2C_GetState	0	static
stm32f1xx_hal_i2c.c:5156:21:HAL_I2C_GetMode	0	static
stm32f1xx_hal_i2c.c:5167:10:HAL_I2C_GetError	0	static
