stm32f1xx_hal_flash_ex.c:595:13:FLASH_MassErase	0	static
stm32f1xx_hal_flash_ex.c:1021:17:FLASH_OB_GetWRP	0	static
stm32f1xx_hal_flash_ex.c:1034:17:FLASH_OB_GetRDP	0	static
stm32f1xx_hal_flash_ex.c:1060:16:FLASH_OB_GetUser	0	static
stm32f1xx_hal_flash_ex.c:886:26:FLASH_OB_RDP_LevelConfig	16	static
stm32f1xx_hal_flash_ex.c:937:26:FLASH_OB_UserConfig	16	static
stm32f1xx_hal_flash_ex.c:988:26:FLASH_OB_ProgramData	16	static
stm32f1xx_hal_flash_ex.c:397:19:HAL_FLASHEx_OBErase	16	static
stm32f1xx_hal_flash_ex.c:644:26:FLASH_OB_EnableWRP	24	static
stm32f1xx_hal_flash_ex.c:767:26:FLASH_OB_DisableWRP	24	static
stm32f1xx_hal_flash_ex.c:446:19:HAL_FLASHEx_OBProgram	8	static
stm32f1xx_hal_flash_ex.c:527:6:HAL_FLASHEx_OBGetConfig	8	static
stm32f1xx_hal_flash_ex.c:549:10:HAL_FLASHEx_OBGetUserData	0	static
stm32f1xx_hal_flash_ex.c:1089:6:FLASH_PageErase	0	static
stm32f1xx_hal_flash_ex.c:159:19:HAL_FLASHEx_Erase	16	static
stm32f1xx_hal_flash_ex.c:319:19:HAL_FLASHEx_Erase_IT	8	static
