stm32f1xx_hal_i2c.c:7557:26:I2C_IsAcknowledgeFailed	0	static
stm32f1xx_hal_i2c.c:7323:26:I2C_WaitOnMasterAddressFlagUntilTimeout	24	static
stm32f1xx_hal_i2c.c:7412:26:I2C_WaitOnBTFFlagUntilTimeout	16	static
stm32f1xx_hal_i2c.c:7512:26:I2C_WaitOnRXNEFlagUntilTimeout	16	static
stm32f1xx_hal_i2c.c:7289:26:I2C_WaitOnFlagUntilTimeout	32	static
stm32f1xx_hal_i2c.c:7374:26:I2C_WaitOnTXEFlagUntilTimeout	16	static
stm32f1xx_hal_i2c.c:6824:26:I2C_RequestMemoryWrite	48	static
stm32f1xx_hal_i2c.c:6904:26:I2C_RequestMemoryRead	48	static
stm32f1xx_hal_i2c.c:614:13:HAL_I2C_MspInit	0	static
stm32f1xx_hal_i2c.c:453:19:HAL_I2C_Init	16	static
stm32f1xx_hal_i2c.c:630:13:HAL_I2C_MspDeInit	0	static
stm32f1xx_hal_i2c.c:568:19:HAL_I2C_DeInit	8	static
stm32f1xx_hal_i2c.c:1050:19:HAL_I2C_Master_Transmit	48	static
stm32f1xx_hal_i2c.c:1171:19:HAL_I2C_Master_Receive	64	static,ignoring_inline_asm
stm32f1xx_hal_i2c.c:1462:19:HAL_I2C_Slave_Transmit	48	static
stm32f1xx_hal_i2c.c:1592:19:HAL_I2C_Slave_Receive	48	static
stm32f1xx_hal_i2c.c:1713:19:HAL_I2C_Master_Transmit_IT	24	static
stm32f1xx_hal_i2c.c:1793:19:HAL_I2C_Master_Receive_IT	24	static
stm32f1xx_hal_i2c.c:1876:19:HAL_I2C_Slave_Transmit_IT	8	static
stm32f1xx_hal_i2c.c:1938:19:HAL_I2C_Slave_Receive_IT	8	static
stm32f1xx_hal_i2c.c:2002:19:HAL_I2C_Master_Transmit_DMA	32	static
stm32f1xx_hal_i2c.c:2158:19:HAL_I2C_Master_Receive_DMA	24	static
stm32f1xx_hal_i2c.c:2312:19:HAL_I2C_Slave_Transmit_DMA	24	static
stm32f1xx_hal_i2c.c:2424:19:HAL_I2C_Slave_Receive_DMA	24	static
stm32f1xx_hal_i2c.c:2541:19:HAL_I2C_Mem_Write	40	static
stm32f1xx_hal_i2c.c:2664:19:HAL_I2C_Mem_Read	64	static,ignoring_inline_asm
stm32f1xx_hal_i2c.c:2960:19:HAL_I2C_Mem_Write_IT	24	static
stm32f1xx_hal_i2c.c:3048:19:HAL_I2C_Mem_Read_IT	32	static
stm32f1xx_hal_i2c.c:3142:19:HAL_I2C_Mem_Write_DMA	48	static
stm32f1xx_hal_i2c.c:3321:19:HAL_I2C_Mem_Read_DMA	56	static
stm32f1xx_hal_i2c.c:3514:19:HAL_I2C_IsDeviceReady	56	static
stm32f1xx_hal_i2c.c:3650:19:HAL_I2C_Master_Seq_Transmit_IT	32	static
stm32f1xx_hal_i2c.c:3748:19:HAL_I2C_Master_Seq_Transmit_DMA	32	static
stm32f1xx_hal_i2c.c:3931:19:HAL_I2C_Master_Seq_Receive_IT	32	static
stm32f1xx_hal_i2c.c:4055:19:HAL_I2C_Master_Seq_Receive_DMA	32	static
stm32f1xx_hal_i2c.c:4273:19:HAL_I2C_Slave_Seq_Transmit_IT	24	static
stm32f1xx_hal_i2c.c:4339:19:HAL_I2C_Slave_Seq_Transmit_DMA	40	static
stm32f1xx_hal_i2c.c:4513:19:HAL_I2C_Slave_Seq_Receive_IT	24	static
stm32f1xx_hal_i2c.c:4579:19:HAL_I2C_Slave_Seq_Receive_DMA	40	static
stm32f1xx_hal_i2c.c:4749:19:HAL_I2C_EnableListen_IT	0	static
stm32f1xx_hal_i2c.c:4782:19:HAL_I2C_DisableListen_IT	0	static
stm32f1xx_hal_i2c.c:5128:13:HAL_I2C_MasterTxCpltCallback	0	static
stm32f1xx_hal_i2c.c:5144:13:HAL_I2C_MasterRxCpltCallback	0	static
stm32f1xx_hal_i2c.c:5159:13:HAL_I2C_SlaveTxCpltCallback	0	static
stm32f1xx_hal_i2c.c:5175:13:HAL_I2C_SlaveRxCpltCallback	0	static
stm32f1xx_hal_i2c.c:5193:13:HAL_I2C_AddrCallback	0	static
stm32f1xx_hal_i2c.c:5211:13:HAL_I2C_ListenCpltCallback	0	static
stm32f1xx_hal_i2c.c:5227:13:HAL_I2C_MemTxCpltCallback	0	static
stm32f1xx_hal_i2c.c:5529:13:I2C_MemoryTransmit_TXE_BTF	8	static
stm32f1xx_hal_i2c.c:5243:13:HAL_I2C_MemRxCpltCallback	0	static
stm32f1xx_hal_i2c.c:5259:13:HAL_I2C_ErrorCallback	0	static
stm32f1xx_hal_i2c.c:7151:13:I2C_DMAError	8	static
stm32f1xx_hal_i2c.c:7013:13:I2C_DMAXferCplt	16	static
stm32f1xx_hal_i2c.c:5275:13:HAL_I2C_AbortCpltCallback	0	static
stm32f1xx_hal_i2c.c:7186:13:I2C_DMAAbort	24	static
stm32f1xx_hal_i2c.c:6488:13:I2C_ITError	8	static
stm32f1xx_hal_i2c.c:4817:19:HAL_I2C_Master_Abort_IT	8	static
stm32f1xx_hal_i2c.c:4876:6:HAL_I2C_EV_IRQHandler	80	static
stm32f1xx_hal_i2c.c:5045:6:HAL_I2C_ER_IRQHandler	24	static
stm32f1xx_hal_i2c.c:5310:22:HAL_I2C_GetState	0	static
stm32f1xx_hal_i2c.c:5322:21:HAL_I2C_GetMode	0	static
stm32f1xx_hal_i2c.c:5333:10:HAL_I2C_GetError	0	static
