EEPROM.c:25:6:FLASH_Unlock	0	static
EEPROM.c:33:6:FLASH_Lock	0	static
EEPROM.c:61:14:FLASH_GetStatus	0	static
EEPROM.c:40:14:FLASH_WaitForLastOperation_	16	static
EEPROM.c:79:14:FLASH_ErasePage	8	static
EEPROM.c:108:14:FLASH_ProgramHalfWord	16	static
EEPROM.c:345:10:EE_Maxcount	0	static
EEPROM.c:351:10:EE_CheckPage	4	static
EEPROM.c:379:14:EE_ErasePage	16	static
EEPROM.c:365:10:EE_CheckErasePage	16	static
EEPROM.c:235:10:EE_Format	8	static
EEPROM.c:396:10:EE_FindValidPage	4	static
EEPROM.c:410:10:EE_GetVariablesCount	16	static
EEPROM.c:438:10:EE_PageTransfer	40	static
EEPROM.c:134:10:EE_Init	16	static
EEPROM.c:258:10:EE_Erases	8	static
EEPROM.c:283:10:EE_Read	16	static
EEPROM.c:275:10:EE_ReadAddr	16	static
EEPROM.c:330:10:EE_Count	8	static
EEPROM.c:507:10:EE_VerifyPageFullWriteVariable	24	static
EEPROM.c:315:10:EE_Write	16	static
