main.c:157:9:StopWaitingDueToPushBtnRelease	16	static
main.c:165:9:StopWaitingDueToPullBtnRelease	16	static
main.c:173:9:StopWaitingDueToAnyBtnPressed	16	static
main.c:142:10:_write	4	static,ignoring_inline_asm
main.c:153:5:__io_putchar	0	static,ignoring_inline_asm
main.c:179:6:SaveToEprom	8	static
main.c:185:6:ReadFromEprom	8	static
main.c:192:6:RestoreFromEprom	8	static
main.c:206:6:InitTimers	0	static
main.c:222:6:TimerAction	4	static
main.c:237:6:HAL_I2C_MemTxCpltCallback	0	static
main.c:248:6:HAL_I2C_ErrorCallback	0	static
main.c:473:6:SystemClock_Config	96	static
main.c:265:5:main	32	static
main.c:567:6:Error_Handler	0	static
