main.c:148:9:StopWaitingDueToPushBtnRelease	16	static
main.c:156:9:StopWaitingDueToPullBtnRelease	16	static
main.c:164:9:StopWaitingDueToAnyBtnPressed	16	static
main.c:144:5:__io_putchar	0	static,ignoring_inline_asm
main.c:170:6:SaveToEprom	8	static
main.c:176:6:ReadFromEprom	8	static
main.c:183:6:RestoreFromEprom	8	static
main.c:197:6:InitTimers	0	static
main.c:213:6:TimerAction	20	static
main.c:228:6:HAL_I2C_MemTxCpltCallback	0	static
main.c:239:6:HAL_I2C_ErrorCallback	0	static
main.c:457:6:SystemClock_Config	96	static
main.c:256:5:main	48	static
main.c:550:6:Error_Handler	0	static
