stm32f1xx_it.c:73:6:NMI_Handler	0	static
stm32f1xx_it.c:86:6:HardFault_Handler	0	static
stm32f1xx_it.c:101:6:MemManage_Handler	0	static
stm32f1xx_it.c:116:6:BusFault_Handler	0	static
stm32f1xx_it.c:131:6:UsageFault_Handler	0	static
stm32f1xx_it.c:145:6:SVC_Handler	0	static
stm32f1xx_it.c:158:6:DebugMon_Handler	0	static
stm32f1xx_it.c:171:6:PendSV_Handler	0	static
stm32f1xx_it.c:184:6:SysTick_Handler	8	static
stm32f1xx_it.c:205:6:DMA1_Channel1_IRQHandler	0	static
stm32f1xx_it.c:219:6:DMA1_Channel6_IRQHandler	0	static
stm32f1xx_it.c:233:6:ADC1_2_IRQHandler	0	static
stm32f1xx_it.c:247:6:I2C1_EV_IRQHandler	0	static
