Archive member included to satisfy reference by file (symbol)

c:/program files (x86)/stmicroelectronics/stm32cubeide_1.3.0/stm32cubeide/plugins/com.st.stm32cube.ide.mcu.externaltools.gnu-tools-for-stm32.9-2020-q2-update.win32_2.0.0.202105311346/tools/bin/../lib/gcc/arm-none-eabi/9.3.1/../../../../arm-none-eabi/lib/thumb/v7-m/nofp\libc_nano.a(lib_a-errno.o)
                              ./Src/syscalls.o (__errno)
c:/program files (x86)/stmicroelectronics/stm32cubeide_1.3.0/stm32cubeide/plugins/com.st.stm32cube.ide.mcu.externaltools.gnu-tools-for-stm32.9-2020-q2-update.win32_2.0.0.202105311346/tools/bin/../lib/gcc/arm-none-eabi/9.3.1/../../../../arm-none-eabi/lib/thumb/v7-m/nofp\libc_nano.a(lib_a-exit.o)
                              c:/program files (x86)/stmicroelectronics/stm32cubeide_1.3.0/stm32cubeide/plugins/com.st.stm32cube.ide.mcu.externaltools.gnu-tools-for-stm32.9-2020-q2-update.win32_2.0.0.202105311346/tools/bin/../lib/gcc/arm-none-eabi/9.3.1/../../../../arm-none-eabi/lib/thumb/v7-m/nofp/crt0.o (exit)
c:/program files (x86)/stmicroelectronics/stm32cubeide_1.3.0/stm32cubeide/plugins/com.st.stm32cube.ide.mcu.externaltools.gnu-tools-for-stm32.9-2020-q2-update.win32_2.0.0.202105311346/tools/bin/../lib/gcc/arm-none-eabi/9.3.1/../../../../arm-none-eabi/lib/thumb/v7-m/nofp\libc_nano.a(lib_a-impure.o)
                              c:/program files (x86)/stmicroelectronics/stm32cubeide_1.3.0/stm32cubeide/plugins/com.st.stm32cube.ide.mcu.externaltools.gnu-tools-for-stm32.9-2020-q2-update.win32_2.0.0.202105311346/tools/bin/../lib/gcc/arm-none-eabi/9.3.1/../../../../arm-none-eabi/lib/thumb/v7-m/nofp\libc_nano.a(lib_a-exit.o) (_global_impure_ptr)
c:/program files (x86)/stmicroelectronics/stm32cubeide_1.3.0/stm32cubeide/plugins/com.st.stm32cube.ide.mcu.externaltools.gnu-tools-for-stm32.9-2020-q2-update.win32_2.0.0.202105311346/tools/bin/../lib/gcc/arm-none-eabi/9.3.1/../../../../arm-none-eabi/lib/thumb/v7-m/nofp\libc_nano.a(lib_a-init.o)
                              c:/program files (x86)/stmicroelectronics/stm32cubeide_1.3.0/stm32cubeide/plugins/com.st.stm32cube.ide.mcu.externaltools.gnu-tools-for-stm32.9-2020-q2-update.win32_2.0.0.202105311346/tools/bin/../lib/gcc/arm-none-eabi/9.3.1/../../../../arm-none-eabi/lib/thumb/v7-m/nofp/crt0.o (__libc_init_array)
c:/program files (x86)/stmicroelectronics/stm32cubeide_1.3.0/stm32cubeide/plugins/com.st.stm32cube.ide.mcu.externaltools.gnu-tools-for-stm32.9-2020-q2-update.win32_2.0.0.202105311346/tools/bin/../lib/gcc/arm-none-eabi/9.3.1/../../../../arm-none-eabi/lib/thumb/v7-m/nofp\libc_nano.a(lib_a-itoa.o)
                              ./Application/display.o (itoa)
c:/program files (x86)/stmicroelectronics/stm32cubeide_1.3.0/stm32cubeide/plugins/com.st.stm32cube.ide.mcu.externaltools.gnu-tools-for-stm32.9-2020-q2-update.win32_2.0.0.202105311346/tools/bin/../lib/gcc/arm-none-eabi/9.3.1/../../../../arm-none-eabi/lib/thumb/v7-m/nofp\libc_nano.a(lib_a-memset.o)
                              c:/program files (x86)/stmicroelectronics/stm32cubeide_1.3.0/stm32cubeide/plugins/com.st.stm32cube.ide.mcu.externaltools.gnu-tools-for-stm32.9-2020-q2-update.win32_2.0.0.202105311346/tools/bin/../lib/gcc/arm-none-eabi/9.3.1/../../../../arm-none-eabi/lib/thumb/v7-m/nofp/crt0.o (memset)
c:/program files (x86)/stmicroelectronics/stm32cubeide_1.3.0/stm32cubeide/plugins/com.st.stm32cube.ide.mcu.externaltools.gnu-tools-for-stm32.9-2020-q2-update.win32_2.0.0.202105311346/tools/bin/../lib/gcc/arm-none-eabi/9.3.1/../../../../arm-none-eabi/lib/thumb/v7-m/nofp\libc_nano.a(lib_a-puts.o)
                              ./Application/measurement.o (puts)
c:/program files (x86)/stmicroelectronics/stm32cubeide_1.3.0/stm32cubeide/plugins/com.st.stm32cube.ide.mcu.externaltools.gnu-tools-for-stm32.9-2020-q2-update.win32_2.0.0.202105311346/tools/bin/../lib/gcc/arm-none-eabi/9.3.1/../../../../arm-none-eabi/lib/thumb/v7-m/nofp\libc_nano.a(lib_a-strcat.o)
                              ./Application/display.o (strcat)
c:/program files (x86)/stmicroelectronics/stm32cubeide_1.3.0/stm32cubeide/plugins/com.st.stm32cube.ide.mcu.externaltools.gnu-tools-for-stm32.9-2020-q2-update.win32_2.0.0.202105311346/tools/bin/../lib/gcc/arm-none-eabi/9.3.1/../../../../arm-none-eabi/lib/thumb/v7-m/nofp\libc_nano.a(lib_a-strcpy.o)
                              ./Application/display.o (strcpy)
c:/program files (x86)/stmicroelectronics/stm32cubeide_1.3.0/stm32cubeide/plugins/com.st.stm32cube.ide.mcu.externaltools.gnu-tools-for-stm32.9-2020-q2-update.win32_2.0.0.202105311346/tools/bin/../lib/gcc/arm-none-eabi/9.3.1/../../../../arm-none-eabi/lib/thumb/v7-m/nofp\libc_nano.a(lib_a-strlen.o)
                              ./Application/fonts.o (strlen)
[...]
Memory Configuration

Name             Origin             Length             Attributes
RAM              0x0000000020000000 0x0000000000005000 xrw
FLASH            0x0000000008000000 0x0000000000010000 xr
*default*        0x0000000000000000 0xffffffffffffffff

Linker script and memory map

LOAD c:/program files (x86)/stmicroelectronics/stm32cubeide_1.3.0/stm32cubeide/plugins/com.st.stm32cube.ide.mcu.externaltools.gnu-tools-for-stm32.9-2020-q2-update.win32_2.0.0.202105311346/tools/bin/../lib/gcc/arm-none-eabi/9.3.1/thumb/v7-m/nofp/crti.o
LOAD c:/program files (x86)/stmicroelectronics/stm32cubeide_1.3.0/stm32cubeide/plugins/com.st.stm32cube.ide.mcu.externaltools.gnu-tools-for-stm32.9-2020-q2-update.win32_2.0.0.202105311346/tools/bin/../lib/gcc/arm-none-eabi/9.3.1/thumb/v7-m/nofp/crtbegin.o
LOAD c:/program files (x86)/stmicroelectronics/stm32cubeide_1.3.0/stm32cubeide/plugins/com.st.stm32cube.ide.mcu.externaltools.gnu-tools-for-stm32.9-2020-q2-update.win32_2.0.0.202105311346/tools/bin/../lib/gcc/arm-none-eabi/9.3.1/../../../../arm-none-eabi/lib/thumb/v7-m/nofp/crt0.o
LOAD ./Application/EEPROM.o
LOAD ./Application/bbb.o
LOAD ./Application/display.o
LOAD ./Application/fonts.o
LOAD ./Application/measurement.o
LOAD ./Application/motor.o
LOAD ./Application/ssd1306.o
LOAD ./Application/test.o
LOAD ./Application/utility.o
LOAD ./Drivers/STM32F1xx_HAL_Driver/Src/stm32f1xx_hal.o
LOAD ./Drivers/STM32F1xx_HAL_Driver/Src/stm32f1xx_hal_adc.o
LOAD ./Drivers/STM32F1xx_HAL_Driver/Src/stm32f1xx_hal_adc_ex.o
LOAD ./Drivers/STM32F1xx_HAL_Driver/Src/stm32f1xx_hal_cortex.o
LOAD ./Drivers/STM32F1xx_HAL_Driver/Src/stm32f1xx_hal_dma.o
LOAD ./Drivers/STM32F1xx_HAL_Driver/Src/stm32f1xx_hal_exti.o
LOAD ./Drivers/STM32F1xx_HAL_Driver/Src/stm32f1xx_hal_flash.o
LOAD ./Drivers/STM32F1xx_HAL_Driver/Src/stm32f1xx_hal_flash_ex.o
LOAD ./Drivers/STM32F1xx_HAL_Driver/Src/stm32f1xx_hal_gpio.o
LOAD ./Drivers/STM32F1xx_HAL_Driver/Src/stm32f1xx_hal_gpio_ex.o
LOAD ./Drivers/STM32F1xx_HAL_Driver/Src/stm32f1xx_hal_i2c.o
LOAD ./Drivers/STM32F1xx_HAL_Driver/Src/stm32f1xx_hal_pwr.o
LOAD ./Drivers/STM32F1xx_HAL_Driver/Src/stm32f1xx_hal_rcc.o
LOAD ./Drivers/STM32F1xx_HAL_Driver/Src/stm32f1xx_hal_rcc_ex.o
LOAD ./Drivers/STM32F1xx_HAL_Driver/Src/stm32f1xx_hal_tim.o
LOAD ./Drivers/STM32F1xx_HAL_Driver/Src/stm32f1xx_hal_tim_ex.o
LOAD ./Src/adc.o
LOAD ./Src/dma.o
LOAD ./Src/gpio.o
LOAD ./Src/i2c.o
LOAD ./Src/main.o
LOAD ./Src/stm32f1xx_hal_msp.o
LOAD ./Src/stm32f1xx_it.o
LOAD ./Src/syscalls.o
LOAD ./Src/sysmem.o
LOAD ./Src/system_stm32f1xx.o
LOAD ./Src/tim.o
LOAD ./Startup/startup_stm32f103c8tx.o
START GROUP
LOAD c:/program files (x86)/stmicroelectronics/stm32cubeide_1.3.0/stm32cubeide/plugins/com.st.stm32cube.ide.mcu.externaltools.gnu-tools-for-stm32.9-2020-q2-update.win32_2.0.0.202105311346/tools/bin/../lib/gcc/arm-none-eabi/9.3.1/../../../../arm-none-eabi/lib/thumb/v7-m/nofp\libc_nano.a
LOAD c:/program files (x86)/stmicroelectronics/stm32cubeide_1.3.0/stm32cubeide/plugins/com.st.stm32cube.ide.mcu.externaltools.gnu-tools-for-stm32.9-2020-q2-update.win32_2.0.0.202105311346/tools/bin/../lib/gcc/arm-none-eabi/9.3.1/../../../../arm-none-eabi/lib/thumb/v7-m/nofp\libm.a
END GROUP
START GROUP
LOAD c:/program files (x86)/stmicroelectronics/stm32cubeide_1.3.0/stm32cubeide/plugins/com.st.stm32cube.ide.mcu.externaltools.gnu-tools-for-stm32.9-2020-q2-update.win32_2.0.0.202105311346/tools/bin/../lib/gcc/arm-none-eabi/9.3.1/thumb/v7-m/nofp\libgcc.a
LOAD c:/program files (x86)/stmicroelectronics/stm32cubeide_1.3.0/stm32cubeide/plugins/com.st.stm32cube.ide.mcu.externaltools.gnu-tools-for-stm32.9-2020-q2-update.win32_2.0.0.202105311346/tools/bin/../lib/gcc/arm-none-eabi/9.3.1/../../../../arm-none-eabi/lib/thumb/v7-m/nofp\libc_nano.a
END GROUP
START GROUP
LOAD c:/program files (x86)/stmicroelectronics/stm32cubeide_1.3.0/stm32cubeide/plugins/com.st.stm32cube.ide.mcu.externaltools.gnu-tools-for-stm32.9-2020-q2-update.win32_2.0.0.202105311346/tools/bin/../lib/gcc/arm-none-eabi/9.3.1/thumb/v7-m/nofp\libgcc.a
LOAD c:/program files (x86)/stmicroelectronics/stm32cubeide_1.3.0/stm32cubeide/plugins/com.st.stm32cube.ide.mcu.externaltools.gnu-tools-for-stm32.9-2020-q2-update.win32_2.0.0.202105311346/tools/bin/../lib/gcc/arm-none-eabi/9.3.1/../../../../arm-none-eabi/lib/thumb/v7-m/nofp\libc_nano.a
LOAD c:/program files (x86)/stmicroelectronics/stm32cubeide_1.3.0/stm32cubeide/plugins/com.st.stm32cube.ide.mcu.externaltools.gnu-tools-for-stm32.9-2020-q2-update.win32_2.0.0.202105311346/tools/bin/../lib/gcc/arm-none-eabi/9.3.1/../../../../arm-none-eabi/lib/thumb/v7-m/nofp\libnosys.a
END GROUP
START GROUP
LOAD c:/program files (x86)/stmicroelectronics/stm32cubeide_1.3.0/stm32cubeide/plugins/com.st.stm32cube.ide.mcu.externaltools.gnu-tools-for-stm32.9-2020-q2-update.win32_2.0.0.202105311346/tools/bin/../lib/gcc/arm-none-eabi/9.3.1/thumb/v7-m/nofp\libgcc.a
LOAD c:/program files (x86)/stmicroelectronics/stm32cubeide_1.3.0/stm32cubeide/plugins/com.st.stm32cube.ide.mcu.externaltools.gnu-tools-for-stm32.9-2020-q2-update.win32_2.0.0.202105311346/tools/bin/../lib/gcc/arm-none-eabi/9.3.1/../../../../arm-none-eabi/lib/thumb/v7-m/nofp\libc_nano.a
LOAD c:/program files (x86)/stmicroelectronics/stm32cubeide_1.3.0/stm32cubeide/plugins/com.st.stm32cube.ide.mcu.externaltools.gnu-tools-for-stm32.9-2020-q2-update.win32_2.0.0.202105311346/tools/bin/../lib/gcc/arm-none-eabi/9.3.1/../../../../arm-none-eabi/lib/thumb/v7-m/nofp\libnosys.a
END GROUP
LOAD c:/program files (x86)/stmicroelectronics/stm32cubeide_1.3.0/stm32cubeide/plugins/com.st.stm32cube.ide.mcu.externaltools.gnu-tools-for-stm32.9-2020-q2-update.win32_2.0.0.202105311346/tools/bin/../lib/gcc/arm-none-eabi/9.3.1/thumb/v7-m/nofp/crtend.o
LOAD c:/program files (x86)/stmicroelectronics/stm32cubeide_1.3.0/stm32cubeide/plugins/com.st.stm32cube.ide.mcu.externaltools.gnu-tools-for-stm32.9-2020-q2-update.win32_2.0.0.202105311346/tools/bin/../lib/gcc/arm-none-eabi/9.3.1/thumb/v7-m/nofp/crtn.o
                0x0000000020005000                _estack = (ORIGIN (RAM) + LENGTH (RAM))
                0x0000000000000200                _Min_Heap_Size = 0x200
                0x0000000000000400                _Min_Stack_Size = 0x400

.isr_vector     0x0000000008000000      0x10c
                0x0000000008000000                . = ALIGN (0x4)
 *(.isr_vector)
 .isr_vector    0x0000000008000000      0x10c ./Startup/startup_stm32f103c8tx.o
                0x0000000008000000                g_pfnVectors
                0x000000000800010c                . = ALIGN (0x4)

.text           0x000000000800010c     0x664c
                0x000000000800010c                . = ALIGN (0x4)
 *(.text)
 .text          0x000000000800010c       0x40 c:/program files (x86)/stmicroelectronics/stm32cubeide_1.3.0/stm32cubeide/plugins/com.st.stm32cube.ide.mcu.externaltools.gnu-tools-for-stm32.9-2020-q2-update.win32_2.0.0.202105311346/tools/bin/../lib/gcc/arm-none-eabi/9.3.1/thumb/v7-m/nofp/crtbegin.o
 .text          0x000000000800014c      0x378 c:/program files (x86)/stmicroelectronics/stm32cubeide_1.3.0/stm32cubeide/plugins/com.st.stm32cube.ide.mcu.externaltools.gnu-tools-for-stm32.9-2020-q2-update.win32_2.0.0.202105311346/tools/bin/../lib/gcc/arm-none-eabi/9.3.1/thumb/v7-m/nofp\libgcc.a(_arm_addsubdf3.o)
                0x000000000800014c                __aeabi_drsub
                0x0000000008000154                __aeabi_dsub
                0x0000000008000154                __subdf3
                0x0000000008000158                __aeabi_dadd
                0x0000000008000158                __adddf3
                0x00000000080003d0                __floatunsidf
                0x00000000080003d0                __aeabi_ui2d
                0x00000000080003f0                __floatsidf
                0x00000000080003f0                __aeabi_i2d
                0x0000000008000414                __aeabi_f2d
                0x0000000008000414                __extendsfdf2
                0x0000000008000458                __floatundidf
                0x0000000008000458                __aeabi_ul2d
                0x0000000008000468                __floatdidf
                0x0000000008000468                __aeabi_l2d
 .text          0x00000000080004c4      0x424 c:/program files (x86)/stmicroelectronics/stm32cubeide_1.3.0/stm32cubeide/plugins/com.st.stm32cube.ide.mcu.externaltools.gnu-tools-for-stm32.9-2020-q2-update.win32_2.0.0.202105311346/tools/bin/../lib/gcc/arm-none-eabi/9.3.1/thumb/v7-m/nofp\libgcc.a(_arm_muldivdf3.o)
                0x00000000080004c4                __aeabi_dmul
                0x00000000080004c4                __muldf3
                0x0000000008000718                __divdf3
                0x0000000008000718                __aeabi_ddiv
 .text          0x00000000080008e8      0x110 c:/program files (x86)/stmicroelectronics/stm32cubeide_1.3.0/stm32cubeide/plugins/com.st.stm32cube.ide.mcu.externaltools.gnu-tools-for-stm32.9-2020-q2-update.win32_2.0.0.202105311346/tools/bin/../lib/gcc/arm-none-eabi/9.3.1/thumb/v7-m/nofp\libgcc.a(_arm_cmpdf2.o)
                0x00000000080008e8                __gtdf2
                0x00000000080008e8                __gedf2
                0x00000000080008f0                __ltdf2
                0x00000000080008f0                __ledf2
                0x00000000080008f8                __nedf2
                0x00000000080008f8                __eqdf2
                0x00000000080008f8                __cmpdf2
                0x0000000008000974                __aeabi_cdrcmple
                0x0000000008000984                __aeabi_cdcmpeq
                0x0000000008000984                __aeabi_cdcmple
                0x0000000008000994                __aeabi_dcmpeq
                0x00000000080009a8                __aeabi_dcmplt
                0x00000000080009bc                __aeabi_dcmple
                0x00000000080009d0                __aeabi_dcmpge
                0x00000000080009e4                __aeabi_dcmpgt
 .text          0x00000000080009f8      0x21c c:/program files (x86)/stmicroelectronics/stm32cubeide_1.3.0/stm32cubeide/plugins/com.st.stm32cube.ide.mcu.externaltools.gnu-tools-for-stm32.9-2020-q2-update.win32_2.0.0.202105311346/tools/bin/../lib/gcc/arm-none-eabi/9.3.1/thumb/v7-m/nofp\libgcc.a(_arm_addsubsf3.o)
                0x00000000080009f8                __aeabi_frsub
                0x0000000008000a00                __subsf3
                0x0000000008000a00                __aeabi_fsub
                0x0000000008000a04                __aeabi_fadd
                0x0000000008000a04                __addsf3
                0x0000000008000b64                __aeabi_ui2f
                0x0000000008000b64                __floatunsisf
                0x0000000008000b6c                __aeabi_i2f
                0x0000000008000b6c                __floatsisf
                0x0000000008000b88                __aeabi_ul2f
                0x0000000008000b88                __floatundisf
                0x0000000008000b98                __aeabi_l2f
                0x0000000008000b98                __floatdisf
 .text          0x0000000008000c14      0x2a0 c:/program files (x86)/stmicroelectronics/stm32cubeide_1.3.0/stm32cubeide/plugins/com.st.stm32cube.ide.mcu.externaltools.gnu-tools-for-stm32.9-2020-q2-update.win32_2.0.0.202105311346/tools/bin/../lib/gcc/arm-none-eabi/9.3.1/thumb/v7-m/nofp\libgcc.a(_arm_muldivsf3.o)
                0x0000000008000c14                __mulsf3
                0x0000000008000c14                __aeabi_fmul
                0x0000000008000d7c                __aeabi_fdiv
                0x0000000008000d7c                __divsf3
 .text          0x0000000008000eb4       0xec c:/program files (x86)/stmicroelectronics/stm32cubeide_1.3.0/stm32cubeide/plugins/com.st.stm32cube.ide.mcu.externaltools.gnu-tools-for-stm32.9-2020-q2-update.win32_2.0.0.202105311346/tools/bin/../lib/gcc/arm-none-eabi/9.3.1/thumb/v7-m/nofp\libgcc.a(_arm_cmpsf2.o)
                0x0000000008000eb4                __gesf2
                0x0000000008000eb4                __gtsf2
                0x0000000008000ebc                __lesf2
                0x0000000008000ebc                __ltsf2
                0x0000000008000ec4                __nesf2
                0x0000000008000ec4                __eqsf2
                0x0000000008000ec4                __cmpsf2
                0x0000000008000f24                __aeabi_cfrcmple
                0x0000000008000f2c                __aeabi_cfcmpeq
                0x0000000008000f2c                __aeabi_cfcmple
                0x0000000008000f3c                __aeabi_fcmpeq
                0x0000000008000f50                __aeabi_fcmplt
                0x0000000008000f64                __aeabi_fcmple
                0x0000000008000f78                __aeabi_fcmpge
                0x0000000008000f8c                __aeabi_fcmpgt
 .text          0x0000000008000fa0       0x4c c:/program files (x86)/stmicroelectronics/stm32cubeide_1.3.0/stm32cubeide/plugins/com.st.stm32cube.ide.mcu.externaltools.gnu-tools-for-stm32.9-2020-q2-update.win32_2.0.0.202105311346/tools/bin/../lib/gcc/arm-none-eabi/9.3.1/thumb/v7-m/nofp\libgcc.a(_arm_fixsfsi.o)
                0x0000000008000fa0                __aeabi_f2iz
                0x0000000008000fa0                __fixsfsi
 *(.text*)
 .text.FLASH_Unlock
                0x0000000008000fec       0x18 ./Application/EEPROM.o
                0x0000000008000fec                FLASH_Unlock
 .text.FLASH_GetStatus
                0x0000000008001004       0x34 ./Application/EEPROM.o
                0x0000000008001004                FLASH_GetStatus
 .text.FLASH_WaitForLastOperation_
                0x0000000008001038       0x34 ./Application/EEPROM.o
                0x0000000008001038                FLASH_WaitForLastOperation_
 .text.FLASH_ErasePage
                0x000000000800106c       0x44 ./Application/EEPROM.o
                0x000000000800106c                FLASH_ErasePage
 .text.FLASH_ProgramHalfWord
                0x00000000080010b0       0x4c ./Application/EEPROM.o
                0x00000000080010b0                FLASH_ProgramHalfWord
 .text.EE_CheckPage
                0x00000000080010fc       0x34 ./Application/EEPROM.o
                0x00000000080010fc                EE_CheckPage
 .text.EE_ErasePage
                0x0000000008001130       0x3e ./Application/EEPROM.o
                0x0000000008001130                EE_ErasePage
 .text.EE_CheckErasePage
                0x000000000800116e       0x26 ./Application/EEPROM.o
                0x000000000800116e                EE_CheckErasePage
 .text.EE_Format
                0x0000000008001194       0x48 ./Application/EEPROM.o
                0x0000000008001194                EE_Format
 .text.EE_FindValidPage
                0x00000000080011dc       0x3c ./Application/EEPROM.o
                0x00000000080011dc                EE_FindValidPage
 .text.EE_GetVariablesCount
                0x0000000008001218       0x40 ./Application/EEPROM.o
                0x0000000008001218                EE_GetVariablesCount
 .text.EE_PageTransfer
                0x0000000008001258       0xac ./Application/EEPROM.o
                0x0000000008001258                EE_PageTransfer
 .text.EE_Init  0x0000000008001304       0xe4 ./Application/EEPROM.o
                0x0000000008001304                EE_Init
 .text.EE_Read  0x00000000080013e8       0x58 ./Application/EEPROM.o
                0x00000000080013e8                EE_Read
 .text.EE_VerifyPageFullWriteVariable
                0x0000000008001440       0xf0 ./Application/EEPROM.o
                0x0000000008001440                EE_VerifyPageFullWriteVariable
 .text.EE_Write
                0x0000000008001530       0x34 ./Application/EEPROM.o
                0x0000000008001530                EE_Write
 .text.bbb_Init
                0x0000000008001564        0x2 ./Application/bbb.o
                0x0000000008001564                bbb_Init
 *fill*         0x0000000008001566        0x2 
 .text.bbb_Update
                0x0000000008001568      0x108 ./Application/bbb.o
                0x0000000008001568                bbb_Update
 .text.bbb_GetBtnStates
                0x0000000008001670       0x50 ./Application/bbb.o
                0x0000000008001670                bbb_GetBtnStates
 .text.bbb_GetPushBtnState
                0x00000000080016c0        0x8 ./Application/bbb.o
                0x00000000080016c0                bbb_GetPushBtnState
 .text.bbb_GetPullBtnState
                0x00000000080016c8        0x8 ./Application/bbb.o
                0x00000000080016c8                bbb_GetPullBtnState
 .text.bbb_GetCfgBtnState
                0x00000000080016d0        0x8 ./Application/bbb.o
                0x00000000080016d0                bbb_GetCfgBtnState
 .text.bbb_WaitSync
                0x00000000080016d8       0x14 ./Application/bbb.o
                0x00000000080016d8                bbb_WaitSync
 .text.bbb_WaitSyncCond
                0x00000000080016ec       0x20 ./Application/bbb.o
                0x00000000080016ec                bbb_WaitSyncCond
 .text.bbb_Beep
                0x000000000800170c       0x58 ./Application/bbb.o
                0x000000000800170c                bbb_Beep
 .text.bbb_Melody4
                0x0000000008001764       0x4e ./Application/bbb.o
                0x0000000008001764                bbb_Melody4
 .text.disp_DrawFrame
                0x00000000080017b2       0x86 ./Application/display.o
                0x00000000080017b2                disp_DrawFrame
 .text.disp_DrawInitScreen
                0x0000000008001838       0x68 ./Application/display.o
                0x0000000008001838                disp_DrawInitScreen
 .text.floatToString
                0x00000000080018a0      0x1e4 ./Application/display.o
                0x00000000080018a0                floatToString
 .text.disp_DrawScreen
                0x0000000008001a84       0xf8 ./Application/display.o
                0x0000000008001a84                disp_DrawScreen
 .text.meas_Init
                0x0000000008001b7c       0x44 ./Application/measurement.o
                0x0000000008001b7c                meas_Init
 .text.HAL_ADC_ConvCpltCallback
                0x0000000008001bc0       0x98 ./Application/measurement.o
                0x0000000008001bc0                HAL_ADC_ConvCpltCallback
 .text.HAL_ADC_ErrorCallback
                0x0000000008001c58        0xc ./Application/measurement.o
                0x0000000008001c58                HAL_ADC_ErrorCallback
 .text.mo_SetSpeed
                0x0000000008001c64       0xb4 ./Application/motor.o
                0x0000000008001c64                mo_SetSpeed
 .text.SSD1306_Fill
                0x0000000008001d18       0x18 ./Application/ssd1306.o
                0x0000000008001d18                SSD1306_Fill
 .text.SSD1306_DrawPixel
                0x0000000008001d30       0x40 ./Application/ssd1306.o
                0x0000000008001d30                SSD1306_DrawPixel
 .text.SSD1306_GotoXY
                0x0000000008001d70        0xc ./Application/ssd1306.o
                0x0000000008001d70                SSD1306_GotoXY
 .text.SSD1306_Putc
                0x0000000008001d7c       0x94 ./Application/ssd1306.o
                0x0000000008001d7c                SSD1306_Putc
 .text.SSD1306_Puts
                0x0000000008001e10       0x20 ./Application/ssd1306.o
                0x0000000008001e10                SSD1306_Puts
 .text.ssd1306_I2C_Write
                0x0000000008001e30       0x28 ./Application/ssd1306.o
                0x0000000008001e30                ssd1306_I2C_Write
 .text.SSD1306_UpdateScreen
                0x0000000008001e58       0x6c ./Application/ssd1306.o
                0x0000000008001e58                SSD1306_UpdateScreen
 .text.SSD1306_Init
                0x0000000008001ec4      0x13c ./Application/ssd1306.o
                0x0000000008001ec4                SSD1306_Init
 .text.HAL_InitTick
                0x0000000008002000       0x48 ./Drivers/STM32F1xx_HAL_Driver/Src/stm32f1xx_hal.o
                0x0000000008002000                HAL_InitTick
 .text.HAL_Init
                0x0000000008002048       0x24 ./Drivers/STM32F1xx_HAL_Driver/Src/stm32f1xx_hal.o
                0x0000000008002048                HAL_Init
 .text.HAL_IncTick
                0x000000000800206c       0x18 ./Drivers/STM32F1xx_HAL_Driver/Src/stm32f1xx_hal.o
                0x000000000800206c                HAL_IncTick
 .text.HAL_GetTick
                0x0000000008002084        0xc ./Drivers/STM32F1xx_HAL_Driver/Src/stm32f1xx_hal.o
                0x0000000008002084                HAL_GetTick
 .text.HAL_Delay
                0x0000000008002090       0x24 ./Drivers/STM32F1xx_HAL_Driver/Src/stm32f1xx_hal.o
                0x0000000008002090                HAL_Delay
 .text.ADC_DMAConvCplt
                0x00000000080020b4       0x4e ./Drivers/STM32F1xx_HAL_Driver/Src/stm32f1xx_hal_adc.o
                0x00000000080020b4                ADC_DMAConvCplt
 .text.HAL_ADC_ConvHalfCpltCallback
                0x0000000008002102        0x2 ./Drivers/STM32F1xx_HAL_Driver/Src/stm32f1xx_hal_adc.o
                0x0000000008002102                HAL_ADC_ConvHalfCpltCallback
 .text.ADC_DMAHalfConvCplt
                0x0000000008002104        0xa ./Drivers/STM32F1xx_HAL_Driver/Src/stm32f1xx_hal_adc.o
                0x0000000008002104                ADC_DMAHalfConvCplt
 .text.HAL_ADC_LevelOutOfWindowCallback
                0x000000000800210e        0x2 ./Drivers/STM32F1xx_HAL_Driver/Src/stm32f1xx_hal_adc.o
                0x000000000800210e                HAL_ADC_LevelOutOfWindowCallback
 .text.HAL_ADC_IRQHandler
                0x0000000008002110       0xec ./Drivers/STM32F1xx_HAL_Driver/Src/stm32f1xx_hal_adc.o
                0x0000000008002110                HAL_ADC_IRQHandler
 .text.ADC_DMAError
                0x00000000080021fc       0x1a ./Drivers/STM32F1xx_HAL_Driver/Src/stm32f1xx_hal_adc.o
                0x00000000080021fc                ADC_DMAError
 *fill*         0x0000000008002216        0x2 
 .text.HAL_ADC_ConfigChannel
                0x0000000008002218       0xfc ./Drivers/STM32F1xx_HAL_Driver/Src/stm32f1xx_hal_adc.o
                0x0000000008002218                HAL_ADC_ConfigChannel
 .text.ADC_Enable
                0x0000000008002314       0x78 ./Drivers/STM32F1xx_HAL_Driver/Src/stm32f1xx_hal_adc.o
                0x0000000008002314                ADC_Enable
 .text.HAL_ADC_Start_DMA
                0x000000000800238c      0x11c ./Drivers/STM32F1xx_HAL_Driver/Src/stm32f1xx_hal_adc.o
                0x000000000800238c                HAL_ADC_Start_DMA
 .text.ADC_ConversionStop_Disable
                0x00000000080024a8       0x4c ./Drivers/STM32F1xx_HAL_Driver/Src/stm32f1xx_hal_adc.o
                0x00000000080024a8                ADC_ConversionStop_Disable
 .text.HAL_ADC_Init
                0x00000000080024f4       0xfc ./Drivers/STM32F1xx_HAL_Driver/Src/stm32f1xx_hal_adc.o
                0x00000000080024f4                HAL_ADC_Init
 .text.HAL_ADCEx_Calibration_Start
                0x00000000080025f0       0xe0 ./Drivers/STM32F1xx_HAL_Driver/Src/stm32f1xx_hal_adc_ex.o
                0x00000000080025f0                HAL_ADCEx_Calibration_Start
 .text.HAL_ADCEx_InjectedConvCpltCallback
                0x00000000080026d0        0x2 ./Drivers/STM32F1xx_HAL_Driver/Src/stm32f1xx_hal_adc_ex.o
                0x00000000080026d0                HAL_ADCEx_InjectedConvCpltCallback
 *fill*         0x00000000080026d2        0x2 
 .text.HAL_NVIC_SetPriorityGrouping
                0x00000000080026d4       0x24 ./Drivers/STM32F1xx_HAL_Driver/Src/stm32f1xx_hal_cortex.o
                0x00000000080026d4                HAL_NVIC_SetPriorityGrouping
 .text.HAL_NVIC_SetPriority
                0x00000000080026f8       0x64 ./Drivers/STM32F1xx_HAL_Driver/Src/stm32f1xx_hal_cortex.o
                0x00000000080026f8                HAL_NVIC_SetPriority
 .text.HAL_NVIC_EnableIRQ
                0x000000000800275c       0x1c ./Drivers/STM32F1xx_HAL_Driver/Src/stm32f1xx_hal_cortex.o
                0x000000000800275c                HAL_NVIC_EnableIRQ
 .text.HAL_SYSTICK_Config
                0x0000000008002778       0x2c ./Drivers/STM32F1xx_HAL_Driver/Src/stm32f1xx_hal_cortex.o
                0x0000000008002778                HAL_SYSTICK_Config
 .text.HAL_DMA_Init
                0x00000000080027a4       0x5c ./Drivers/STM32F1xx_HAL_Driver/Src/stm32f1xx_hal_dma.o
                0x00000000080027a4                HAL_DMA_Init
 .text.HAL_DMA_Start_IT
                0x0000000008002800       0x78 ./Drivers/STM32F1xx_HAL_Driver/Src/stm32f1xx_hal_dma.o
                0x0000000008002800                HAL_DMA_Start_IT
 .text.HAL_DMA_Abort_IT
                0x0000000008002878       0x8c ./Drivers/STM32F1xx_HAL_Driver/Src/stm32f1xx_hal_dma.o
                0x0000000008002878                HAL_DMA_Abort_IT
 .text.HAL_DMA_IRQHandler
                0x0000000008002904      0x124 ./Drivers/STM32F1xx_HAL_Driver/Src/stm32f1xx_hal_dma.o
                0x0000000008002904                HAL_DMA_IRQHandler
 .text.HAL_DMA_GetState
                0x0000000008002a28        0x6 ./Drivers/STM32F1xx_HAL_Driver/Src/stm32f1xx_hal_dma.o
                0x0000000008002a28                HAL_DMA_GetState
 *fill*         0x0000000008002a2e        0x2 
 .text.HAL_GPIO_Init
                0x0000000008002a30      0x1b8 ./Drivers/STM32F1xx_HAL_Driver/Src/stm32f1xx_hal_gpio.o
                0x0000000008002a30                HAL_GPIO_Init
 .text.HAL_GPIO_WritePin
                0x0000000008002be8        0xa ./Drivers/STM32F1xx_HAL_Driver/Src/stm32f1xx_hal_gpio.o
                0x0000000008002be8                HAL_GPIO_WritePin
 .text.HAL_GPIO_TogglePin
                0x0000000008002bf2       0x12 ./Drivers/STM32F1xx_HAL_Driver/Src/stm32f1xx_hal_gpio.o
                0x0000000008002bf2                HAL_GPIO_TogglePin
 .text.I2C_IsAcknowledgeFailed
                0x0000000008002c04       0x32 ./Drivers/STM32F1xx_HAL_Driver/Src/stm32f1xx_hal_i2c.o
 .text.I2C_WaitOnMasterAddressFlagUntilTimeout
                0x0000000008002c36       0x76 ./Drivers/STM32F1xx_HAL_Driver/Src/stm32f1xx_hal_i2c.o
 .text.I2C_WaitOnBTFFlagUntilTimeout
                0x0000000008002cac       0x4c ./Drivers/STM32F1xx_HAL_Driver/Src/stm32f1xx_hal_i2c.o
 .text.I2C_WaitOnFlagUntilTimeout
                0x0000000008002cf8       0x64 ./Drivers/STM32F1xx_HAL_Driver/Src/stm32f1xx_hal_i2c.o
 .text.I2C_WaitOnTXEFlagUntilTimeout
                0x0000000008002d5c       0x4c ./Drivers/STM32F1xx_HAL_Driver/Src/stm32f1xx_hal_i2c.o
 .text.I2C_RequestMemoryWrite
                0x0000000008002da8       0xb0 ./Drivers/STM32F1xx_HAL_Driver/Src/stm32f1xx_hal_i2c.o
 .text.HAL_I2C_Init
                0x0000000008002e58      0x150 ./Drivers/STM32F1xx_HAL_Driver/Src/stm32f1xx_hal_i2c.o
                0x0000000008002e58                HAL_I2C_Init
 .text.HAL_I2C_Mem_Write
                0x0000000008002fa8      0x120 ./Drivers/STM32F1xx_HAL_Driver/Src/stm32f1xx_hal_i2c.o
                0x0000000008002fa8                HAL_I2C_Mem_Write
 .text.HAL_I2C_Mem_Write_DMA
                0x00000000080030c8      0x180 ./Drivers/STM32F1xx_HAL_Driver/Src/stm32f1xx_hal_i2c.o
                0x00000000080030c8                HAL_I2C_Mem_Write_DMA
 .text.HAL_I2C_IsDeviceReady
                0x0000000008003248      0x164 ./Drivers/STM32F1xx_HAL_Driver/Src/stm32f1xx_hal_i2c.o
                0x0000000008003248                HAL_I2C_IsDeviceReady
 .text.HAL_I2C_MasterTxCpltCallback
                0x00000000080033ac        0x2 ./Drivers/STM32F1xx_HAL_Driver/Src/stm32f1xx_hal_i2c.o
                0x00000000080033ac                HAL_I2C_MasterTxCpltCallback
 .text.HAL_I2C_MasterRxCpltCallback
                0x00000000080033ae        0x2 ./Drivers/STM32F1xx_HAL_Driver/Src/stm32f1xx_hal_i2c.o
                0x00000000080033ae                HAL_I2C_MasterRxCpltCallback
 .text.HAL_I2C_SlaveTxCpltCallback
                0x00000000080033b0        0x2 ./Drivers/STM32F1xx_HAL_Driver/Src/stm32f1xx_hal_i2c.o
                0x00000000080033b0                HAL_I2C_SlaveTxCpltCallback
 .text.HAL_I2C_SlaveRxCpltCallback
                0x00000000080033b2        0x2 ./Drivers/STM32F1xx_HAL_Driver/Src/stm32f1xx_hal_i2c.o
                0x00000000080033b2                HAL_I2C_SlaveRxCpltCallback
 .text.HAL_I2C_AddrCallback
                0x00000000080033b4        0x2 ./Drivers/STM32F1xx_HAL_Driver/Src/stm32f1xx_hal_i2c.o
                0x00000000080033b4                HAL_I2C_AddrCallback
 .text.HAL_I2C_ListenCpltCallback
                0x00000000080033b6        0x2 ./Drivers/STM32F1xx_HAL_Driver/Src/stm32f1xx_hal_i2c.o
                0x00000000080033b6                HAL_I2C_ListenCpltCallback
 .text.I2C_MemoryTransmit_TXE_BTF
                0x00000000080033b8       0xa2 ./Drivers/STM32F1xx_HAL_Driver/Src/stm32f1xx_hal_i2c.o
 .text.HAL_I2C_MemRxCpltCallback
                0x000000000800345a        0x2 ./Drivers/STM32F1xx_HAL_Driver/Src/stm32f1xx_hal_i2c.o
                0x000000000800345a                HAL_I2C_MemRxCpltCallback
 .text.I2C_DMAError
                0x000000000800345c       0x3a ./Drivers/STM32F1xx_HAL_Driver/Src/stm32f1xx_hal_i2c.o
 .text.I2C_DMAXferCplt
                0x0000000008003496      0x108 ./Drivers/STM32F1xx_HAL_Driver/Src/stm32f1xx_hal_i2c.o
 .text.HAL_I2C_AbortCpltCallback
                0x000000000800359e        0x2 ./Drivers/STM32F1xx_HAL_Driver/Src/stm32f1xx_hal_i2c.o
                0x000000000800359e                HAL_I2C_AbortCpltCallback
 .text.I2C_DMAAbort
                0x00000000080035a0       0xc0 ./Drivers/STM32F1xx_HAL_Driver/Src/stm32f1xx_hal_i2c.o
 .text.I2C_ITError
                0x0000000008003660      0x150 ./Drivers/STM32F1xx_HAL_Driver/Src/stm32f1xx_hal_i2c.o
 .text.HAL_I2C_EV_IRQHandler
                0x00000000080037b0      0x878 ./Drivers/STM32F1xx_HAL_Driver/Src/stm32f1xx_hal_i2c.o
                0x00000000080037b0                HAL_I2C_EV_IRQHandler
 .text.HAL_I2C_GetState
                0x0000000008004028        0x6 ./Drivers/STM32F1xx_HAL_Driver/Src/stm32f1xx_hal_i2c.o
                0x0000000008004028                HAL_I2C_GetState
 *fill*         0x000000000800402e        0x2 
 .text.HAL_RCC_OscConfig
                0x0000000008004030      0x338 ./Drivers/STM32F1xx_HAL_Driver/Src/stm32f1xx_hal_rcc.o
                0x0000000008004030                HAL_RCC_OscConfig
 .text.HAL_RCC_GetSysClockFreq
                0x0000000008004368       0x80 ./Drivers/STM32F1xx_HAL_Driver/Src/stm32f1xx_hal_rcc.o
                0x0000000008004368                HAL_RCC_GetSysClockFreq
 .text.HAL_RCC_ClockConfig
                0x00000000080043e8      0x138 ./Drivers/STM32F1xx_HAL_Driver/Src/stm32f1xx_hal_rcc.o
                0x00000000080043e8                HAL_RCC_ClockConfig
 .text.HAL_RCC_GetPCLK1Freq
                0x0000000008004520       0x20 ./Drivers/STM32F1xx_HAL_Driver/Src/stm32f1xx_hal_rcc.o
                0x0000000008004520                HAL_RCC_GetPCLK1Freq
 .text.HAL_RCC_GetPCLK2Freq
                0x0000000008004540       0x20 ./Drivers/STM32F1xx_HAL_Driver/Src/stm32f1xx_hal_rcc.o
                0x0000000008004540                HAL_RCC_GetPCLK2Freq
 .text.HAL_RCCEx_PeriphCLKConfig
                0x0000000008004560       0xf0 ./Drivers/STM32F1xx_HAL_Driver/Src/stm32f1xx_hal_rcc_ex.o
                0x0000000008004560                HAL_RCCEx_PeriphCLKConfig
 .text.HAL_RCCEx_GetPeriphCLKFreq
                0x0000000008004650       0xe8 ./Drivers/STM32F1xx_HAL_Driver/Src/stm32f1xx_hal_rcc_ex.o
                0x0000000008004650                HAL_RCCEx_GetPeriphCLKFreq
 .text.TIM_OC1_SetConfig
                0x0000000008004738       0x50 ./Drivers/STM32F1xx_HAL_Driver/Src/stm32f1xx_hal_tim.o
 .text.TIM_OC3_SetConfig
                0x0000000008004788       0x54 ./Drivers/STM32F1xx_HAL_Driver/Src/stm32f1xx_hal_tim.o
 .text.TIM_OC4_SetConfig
                0x00000000080047dc       0x44 ./Drivers/STM32F1xx_HAL_Driver/Src/stm32f1xx_hal_tim.o
 .text.HAL_TIM_Base_Start
                0x0000000008004820       0x4c ./Drivers/STM32F1xx_HAL_Driver/Src/stm32f1xx_hal_tim.o
                0x0000000008004820                HAL_TIM_Base_Start
 .text.HAL_TIM_Base_Stop
                0x000000000800486c       0x28 ./Drivers/STM32F1xx_HAL_Driver/Src/stm32f1xx_hal_tim.o
                0x000000000800486c                HAL_TIM_Base_Stop
 .text.TIM_Base_SetConfig
                0x0000000008004894       0x70 ./Drivers/STM32F1xx_HAL_Driver/Src/stm32f1xx_hal_tim.o
                0x0000000008004894                TIM_Base_SetConfig
 .text.HAL_TIM_Base_Init
                0x0000000008004904       0x58 ./Drivers/STM32F1xx_HAL_Driver/Src/stm32f1xx_hal_tim.o
                0x0000000008004904                HAL_TIM_Base_Init
 .text.HAL_TIM_PWM_Init
                0x000000000800495c       0x58 ./Drivers/STM32F1xx_HAL_Driver/Src/stm32f1xx_hal_tim.o
                0x000000000800495c                HAL_TIM_PWM_Init
 .text.TIM_OC2_SetConfig
                0x00000000080049b4       0x58 ./Drivers/STM32F1xx_HAL_Driver/Src/stm32f1xx_hal_tim.o
                0x00000000080049b4                TIM_OC2_SetConfig
 .text.HAL_TIM_PWM_ConfigChannel
                0x0000000008004a0c       0xb6 ./Drivers/STM32F1xx_HAL_Driver/Src/stm32f1xx_hal_tim.o
                0x0000000008004a0c                HAL_TIM_PWM_ConfigChannel
 .text.TIM_ETR_SetConfig
                0x0000000008004ac2       0x14 ./Drivers/STM32F1xx_HAL_Driver/Src/stm32f1xx_hal_tim.o
                0x0000000008004ac2                TIM_ETR_SetConfig
 .text.HAL_TIM_ConfigClockSource
                0x0000000008004ad6      0x128 ./Drivers/STM32F1xx_HAL_Driver/Src/stm32f1xx_hal_tim.o
                0x0000000008004ad6                HAL_TIM_ConfigClockSource
 .text.TIM_CCxChannelCmd
                0x0000000008004bfe       0x1c ./Drivers/STM32F1xx_HAL_Driver/Src/stm32f1xx_hal_tim.o
                0x0000000008004bfe                TIM_CCxChannelCmd
 *fill*         0x0000000008004c1a        0x2 
 .text.HAL_TIM_OC_Start
                0x0000000008004c1c       0x9c ./Drivers/STM32F1xx_HAL_Driver/Src/stm32f1xx_hal_tim.o
                0x0000000008004c1c                HAL_TIM_OC_Start
 .text.HAL_TIM_PWM_Start
                0x0000000008004cb8        0x4 ./Drivers/STM32F1xx_HAL_Driver/Src/stm32f1xx_hal_tim.o
                0x0000000008004cb8                HAL_TIM_PWM_Start
 .text.HAL_TIM_OC_Stop
                0x0000000008004cbc       0x78 ./Drivers/STM32F1xx_HAL_Driver/Src/stm32f1xx_hal_tim.o
                0x0000000008004cbc                HAL_TIM_OC_Stop
 .text.HAL_TIM_PWM_Stop
                0x0000000008004d34        0x4 ./Drivers/STM32F1xx_HAL_Driver/Src/stm32f1xx_hal_tim.o
                0x0000000008004d34                HAL_TIM_PWM_Stop
 .text.TIM_CCxNChannelCmd
                0x0000000008004d38       0x1c ./Drivers/STM32F1xx_HAL_Driver/Src/stm32f1xx_hal_tim_ex.o
 .text.HAL_TIMEx_OCN_Start
                0x0000000008004d54       0x98 ./Drivers/STM32F1xx_HAL_Driver/Src/stm32f1xx_hal_tim_ex.o
                0x0000000008004d54                HAL_TIMEx_OCN_Start
 .text.HAL_TIMEx_OCN_Stop
                0x0000000008004dec       0x6c ./Drivers/STM32F1xx_HAL_Driver/Src/stm32f1xx_hal_tim_ex.o
                0x0000000008004dec                HAL_TIMEx_OCN_Stop
 .text.HAL_TIMEx_PWMN_Start
                0x0000000008004e58        0x4 ./Drivers/STM32F1xx_HAL_Driver/Src/stm32f1xx_hal_tim_ex.o
                0x0000000008004e58                HAL_TIMEx_PWMN_Start
 .text.HAL_TIMEx_PWMN_Stop
                0x0000000008004e5c        0x4 ./Drivers/STM32F1xx_HAL_Driver/Src/stm32f1xx_hal_tim_ex.o
                0x0000000008004e5c                HAL_TIMEx_PWMN_Stop
 .text.HAL_TIMEx_MasterConfigSynchronization
                0x0000000008004e60       0x5c ./Drivers/STM32F1xx_HAL_Driver/Src/stm32f1xx_hal_tim_ex.o
                0x0000000008004e60                HAL_TIMEx_MasterConfigSynchronization
 .text.HAL_TIMEx_ConfigBreakDeadTime
                0x0000000008004ebc       0x4c ./Drivers/STM32F1xx_HAL_Driver/Src/stm32f1xx_hal_tim_ex.o
                0x0000000008004ebc                HAL_TIMEx_ConfigBreakDeadTime
 .text.MX_ADC1_Init
                0x0000000008004f08       0x84 ./Src/adc.o
                0x0000000008004f08                MX_ADC1_Init
 .text.HAL_ADC_MspInit
                0x0000000008004f8c       0xa8 ./Src/adc.o
                0x0000000008004f8c                HAL_ADC_MspInit
 .text.MX_DMA_Init
                0x0000000008005034       0x40 ./Src/dma.o
                0x0000000008005034                MX_DMA_Init
 .text.MX_GPIO_Init
                0x0000000008005074       0xb4 ./Src/gpio.o
                0x0000000008005074                MX_GPIO_Init
 .text.MX_I2C1_Init
                0x0000000008005128       0x3c ./Src/i2c.o
                0x0000000008005128                MX_I2C1_Init
 .text.HAL_I2C_MspInit
                0x0000000008005164       0xa8 ./Src/i2c.o
                0x0000000008005164                HAL_I2C_MspInit
 .text.StopWaitingDueToPushBtnRelease
                0x000000000800520c       0x1e ./Src/main.o
                0x000000000800520c                StopWaitingDueToPushBtnRelease
 .text.StopWaitingDueToPullBtnRelease
                0x000000000800522a       0x1e ./Src/main.o
                0x000000000800522a                StopWaitingDueToPullBtnRelease
 .text.StopWaitingDueToAnyBtnPressed
                0x0000000008005248       0x2e ./Src/main.o
                0x0000000008005248                StopWaitingDueToAnyBtnPressed
 .text.__io_putchar
                0x0000000008005276       0x22 ./Src/main.o
                0x0000000008005276                __io_putchar
 .text.ReadFromEprom
                0x0000000008005298       0x2c ./Src/main.o
                0x0000000008005298                ReadFromEprom
 .text.RestoreFromEprom
                0x00000000080052c4       0x48 ./Src/main.o
                0x00000000080052c4                RestoreFromEprom
 .text.InitTimers
                0x000000000800530c       0x34 ./Src/main.o
                0x000000000800530c                InitTimers
 .text.TimerAction
                0x0000000008005340       0x58 ./Src/main.o
                0x0000000008005340                TimerAction
 .text.HAL_I2C_MemTxCpltCallback
                0x0000000008005398        0xc ./Src/main.o
                0x0000000008005398                HAL_I2C_MemTxCpltCallback
 .text.HAL_I2C_ErrorCallback
                0x00000000080053a4        0x4 ./Src/main.o
                0x00000000080053a4                HAL_I2C_ErrorCallback
 .text.SystemClock_Config
                0x00000000080053a8       0x6c ./Src/main.o
                0x00000000080053a8                SystemClock_Config
 .text.startup.main
                0x0000000008005414      0x42c ./Src/main.o
                0x0000000008005414                main
 .text.Error_Handler
                0x0000000008005840        0x2 ./Src/main.o
                0x0000000008005840                Error_Handler
 *fill*         0x0000000008005842        0x2 
 .text.HAL_MspInit
                0x0000000008005844       0x44 ./Src/stm32f1xx_hal_msp.o
                0x0000000008005844                HAL_MspInit
 .text.NMI_Handler
                0x0000000008005888        0x2 ./Src/stm32f1xx_it.o
                0x0000000008005888                NMI_Handler
 .text.HardFault_Handler
                0x000000000800588a        0x2 ./Src/stm32f1xx_it.o
                0x000000000800588a                HardFault_Handler
 .text.MemManage_Handler
                0x000000000800588c        0x2 ./Src/stm32f1xx_it.o
                0x000000000800588c                MemManage_Handler
 .text.BusFault_Handler
                0x000000000800588e        0x2 ./Src/stm32f1xx_it.o
                0x000000000800588e                BusFault_Handler
 .text.UsageFault_Handler
                0x0000000008005890        0x2 ./Src/stm32f1xx_it.o
                0x0000000008005890                UsageFault_Handler
 .text.SVC_Handler
                0x0000000008005892        0x2 ./Src/stm32f1xx_it.o
                0x0000000008005892                SVC_Handler
 .text.DebugMon_Handler
                0x0000000008005894        0x2 ./Src/stm32f1xx_it.o
                0x0000000008005894                DebugMon_Handler
 .text.PendSV_Handler
                0x0000000008005896        0x2 ./Src/stm32f1xx_it.o
                0x0000000008005896                PendSV_Handler
 .text.SysTick_Handler
                0x0000000008005898        0xe ./Src/stm32f1xx_it.o
                0x0000000008005898                SysTick_Handler
 *fill*         0x00000000080058a6        0x2 
 .text.DMA1_Channel1_IRQHandler
                0x00000000080058a8        0xc ./Src/stm32f1xx_it.o
                0x00000000080058a8                DMA1_Channel1_IRQHandler
 .text.DMA1_Channel6_IRQHandler
                0x00000000080058b4        0xc ./Src/stm32f1xx_it.o
                0x00000000080058b4                DMA1_Channel6_IRQHandler
 .text.ADC1_2_IRQHandler
                0x00000000080058c0        0xc ./Src/stm32f1xx_it.o
                0x00000000080058c0                ADC1_2_IRQHandler
 .text.I2C1_EV_IRQHandler
                0x00000000080058cc        0xc ./Src/stm32f1xx_it.o
                0x00000000080058cc                I2C1_EV_IRQHandler
 .text._read    0x00000000080058d8       0x1a ./Src/syscalls.o
                0x00000000080058d8                _read
 .text._write   0x00000000080058f2       0x1a ./Src/syscalls.o
                0x00000000080058f2                _write
 .text._close   0x000000000800590c        0x6 ./Src/syscalls.o
                0x000000000800590c                _close
 .text._fstat   0x0000000008005912        0xa ./Src/syscalls.o
                0x0000000008005912                _fstat
 .text._isatty  0x000000000800591c        0x4 ./Src/syscalls.o
                0x000000000800591c                _isatty
 .text._lseek   0x0000000008005920        0x4 ./Src/syscalls.o
                0x0000000008005920                _lseek
 .text._sbrk    0x0000000008005924       0x40 ./Src/sysmem.o
                0x0000000008005924                _sbrk
 .text.SystemInit
                0x0000000008005964        0x2 ./Src/system_stm32f1xx.o
                0x0000000008005964                SystemInit
 *fill*         0x0000000008005966        0x2 
 .text.APB2TIM  0x0000000008005968       0x1c ./Src/tim.o
                0x0000000008005968                APB2TIM
 .text.PWMPulse
                0x0000000008005984       0x38 ./Src/tim.o
                0x0000000008005984                PWMPulse
 .text.m_MX_TIM3_Init
                0x00000000080059bc       0xd8 ./Src/tim.o
                0x00000000080059bc                m_MX_TIM3_Init
 .text.HAL_TIM_PWM_MspInit
                0x0000000008005a94       0x28 ./Src/tim.o
                0x0000000008005a94                HAL_TIM_PWM_MspInit
 .text.HAL_TIM_Base_MspInit
                0x0000000008005abc       0x28 ./Src/tim.o
                0x0000000008005abc                HAL_TIM_Base_MspInit
 .text.HAL_TIM_MspPostInit
                0x0000000008005ae4       0x60 ./Src/tim.o
                0x0000000008005ae4                HAL_TIM_MspPostInit
 .text.MX_TIM1_Init
                0x0000000008005b44       0xe0 ./Src/tim.o
                0x0000000008005b44                MX_TIM1_Init
 .text.Reset_Handler
                0x0000000008005c24       0x48 ./Startup/startup_stm32f103c8tx.o
                0x0000000008005c24                Reset_Handler
 .text.Default_Handler
                0x0000000008005c6c        0x2 ./Startup/startup_stm32f103c8tx.o
                0x0000000008005c6c                RTC_Alarm_IRQHandler
                0x0000000008005c6c                EXTI2_IRQHandler
                0x0000000008005c6c                TIM1_CC_IRQHandler
                0x0000000008005c6c                PVD_IRQHandler
                0x0000000008005c6c                EXTI3_IRQHandler
                0x0000000008005c6c                EXTI0_IRQHandler
                0x0000000008005c6c                I2C2_EV_IRQHandler
                0x0000000008005c6c                SPI1_IRQHandler
                0x0000000008005c6c                TAMPER_IRQHandler
                0x0000000008005c6c                DMA1_Channel4_IRQHandler
                0x0000000008005c6c                USART3_IRQHandler
                0x0000000008005c6c                RTC_IRQHandler
                0x0000000008005c6c                DMA1_Channel7_IRQHandler
                0x0000000008005c6c                CAN1_RX1_IRQHandler
                0x0000000008005c6c                TIM4_IRQHandler
                0x0000000008005c6c                TIM3_IRQHandler
                0x0000000008005c6c                RCC_IRQHandler
                0x0000000008005c6c                TIM1_TRG_COM_IRQHandler
                0x0000000008005c6c                Default_Handler
                0x0000000008005c6c                EXTI15_10_IRQHandler
                0x0000000008005c6c                EXTI9_5_IRQHandler
                0x0000000008005c6c                SPI2_IRQHandler
                0x0000000008005c6c                DMA1_Channel5_IRQHandler
                0x0000000008005c6c                EXTI4_IRQHandler
                0x0000000008005c6c                USB_LP_CAN1_RX0_IRQHandler
                0x0000000008005c6c                USB_HP_CAN1_TX_IRQHandler
                0x0000000008005c6c                DMA1_Channel3_IRQHandler
                0x0000000008005c6c                TIM1_UP_IRQHandler
                0x0000000008005c6c                WWDG_IRQHandler
                0x0000000008005c6c                TIM2_IRQHandler
                0x0000000008005c6c                TIM1_BRK_IRQHandler
                0x0000000008005c6c                EXTI1_IRQHandler
                0x0000000008005c6c                USART2_IRQHandler
                0x0000000008005c6c                I2C2_ER_IRQHandler
                0x0000000008005c6c                DMA1_Channel2_IRQHandler
                0x0000000008005c6c                CAN1_SCE_IRQHandler
                0x0000000008005c6c                FLASH_IRQHandler
                0x0000000008005c6c                USART1_IRQHandler
                0x0000000008005c6c                I2C1_ER_IRQHandler
                0x0000000008005c6c                USBWakeUp_IRQHandler
 *fill*         0x0000000008005c6e        0x2 
 .text.__errno  0x0000000008005c70        0xc c:/program files (x86)/stmicroelectronics/stm32cubeide_1.3.0/stm32cubeide/plugins/com.st.stm32cube.ide.mcu.externaltools.gnu-tools-for-stm32.9-2020-q2-update.win32_2.0.0.202105311346/tools/bin/../lib/gcc/arm-none-eabi/9.3.1/../../../../arm-none-eabi/lib/thumb/v7-m/nofp\libc_nano.a(lib_a-errno.o)
                0x0000000008005c70                __errno
 .text.__libc_init_array
                0x0000000008005c7c       0x48 c:/program files (x86)/stmicroelectronics/stm32cubeide_1.3.0/stm32cubeide/plugins/com.st.stm32cube.ide.mcu.externaltools.gnu-tools-for-stm32.9-2020-q2-update.win32_2.0.0.202105311346/tools/bin/../lib/gcc/arm-none-eabi/9.3.1/../../../../arm-none-eabi/lib/thumb/v7-m/nofp\libc_nano.a(lib_a-init.o)
                0x0000000008005c7c                __libc_init_array
 .text.__itoa   0x0000000008005cc4       0x30 c:/program files (x86)/stmicroelectronics/stm32cubeide_1.3.0/stm32cubeide/plugins/com.st.stm32cube.ide.mcu.externaltools.gnu-tools-for-stm32.9-2020-q2-update.win32_2.0.0.202105311346/tools/bin/../lib/gcc/arm-none-eabi/9.3.1/../../../../arm-none-eabi/lib/thumb/v7-m/nofp\libc_nano.a(lib_a-itoa.o)
                0x0000000008005cc4                __itoa
 .text.itoa     0x0000000008005cf4        0x4 c:/program files (x86)/stmicroelectronics/stm32cubeide_1.3.0/stm32cubeide/plugins/com.st.stm32cube.ide.mcu.externaltools.gnu-tools-for-stm32.9-2020-q2-update.win32_2.0.0.202105311346/tools/bin/../lib/gcc/arm-none-eabi/9.3.1/../../../../arm-none-eabi/lib/thumb/v7-m/nofp\libc_nano.a(lib_a-itoa.o)
                0x0000000008005cf4                itoa
 .text.memset   0x0000000008005cf8       0x10 c:/program files (x86)/stmicroelectronics/stm32cubeide_1.3.0/stm32cubeide/plugins/com.st.stm32cube.ide.mcu.externaltools.gnu-tools-for-stm32.9-2020-q2-update.win32_2.0.0.202105311346/tools/bin/../lib/gcc/arm-none-eabi/9.3.1/../../../../arm-none-eabi/lib/thumb/v7-m/nofp\libc_nano.a(lib_a-memset.o)
                0x0000000008005cf8                memset
 .text._puts_r  0x0000000008005d08       0xdc c:/program files (x86)/stmicroelectronics/stm32cubeide_1.3.0/stm32cubeide/plugins/com.st.stm32cube.ide.mcu.externaltools.gnu-tools-for-stm32.9-2020-q2-update.win32_2.0.0.202105311346/tools/bin/../lib/gcc/arm-none-eabi/9.3.1/../../../../arm-none-eabi/lib/thumb/v7-m/nofp\libc_nano.a(lib_a-puts.o)
                0x0000000008005d08                _puts_r
 .text.puts     0x0000000008005de4       0x10 c:/program files (x86)/stmicroelectronics/stm32cubeide_1.3.0/stm32cubeide/plugins/com.st.stm32cube.ide.mcu.externaltools.gnu-tools-for-stm32.9-2020-q2-update.win32_2.0.0.202105311346/tools/bin/../lib/gcc/arm-none-eabi/9.3.1/../../../../arm-none-eabi/lib/thumb/v7-m/nofp\libc_nano.a(lib_a-puts.o)
                0x0000000008005de4                puts
 .text.strcat   0x0000000008005df4       0x1e c:/program files (x86)/stmicroelectronics/stm32cubeide_1.3.0/stm32cubeide/plugins/com.st.stm32cube.ide.mcu.externaltools.gnu-tools-for-stm32.9-2020-q2-update.win32_2.0.0.202105311346/tools/bin/../lib/gcc/arm-none-eabi/9.3.1/../../../../arm-none-eabi/lib/thumb/v7-m/nofp\libc_nano.a(lib_a-strcat.o)
                0x0000000008005df4                strcat
 .text.strcpy   0x0000000008005e12       0x10 c:/program files (x86)/stmicroelectronics/stm32cubeide_1.3.0/stm32cubeide/plugins/com.st.stm32cube.ide.mcu.externaltools.gnu-tools-for-stm32.9-2020-q2-update.win32_2.0.0.202105311346/tools/bin/../lib/gcc/arm-none-eabi/9.3.1/../../../../arm-none-eabi/lib/thumb/v7-m/nofp\libc_nano.a(lib_a-strcpy.o)
                0x0000000008005e12                strcpy
 *fill*         0x0000000008005e22        0x2 
 .text.__utoa   0x0000000008005e24       0x84 c:/program files (x86)/stmicroelectronics/stm32cubeide_1.3.0/stm32cubeide/plugins/com.st.stm32cube.ide.mcu.externaltools.gnu-tools-for-stm32.9-2020-q2-update.win32_2.0.0.202105311346/tools/bin/../lib/gcc/arm-none-eabi/9.3.1/../../../../arm-none-eabi/lib/thumb/v7-m/nofp\libc_nano.a(lib_a-utoa.o)
                0x0000000008005e24                __utoa
 .text.__swbuf_r
                0x0000000008005ea8       0xa4 c:/program files (x86)/stmicroelectronics/stm32cubeide_1.3.0/stm32cubeide/plugins/com.st.stm32cube.ide.mcu.externaltools.gnu-tools-for-stm32.9-2020-q2-update.win32_2.0.0.202105311346/tools/bin/../lib/gcc/arm-none-eabi/9.3.1/../../../../arm-none-eabi/lib/thumb/v7-m/nofp\libc_nano.a(lib_a-wbuf.o)
                0x0000000008005ea8                __swbuf_r
 .text.__swsetup_r
                0x0000000008005f4c       0xdc c:/program files (x86)/stmicroelectronics/stm32cubeide_1.3.0/stm32cubeide/plugins/com.st.stm32cube.ide.mcu.externaltools.gnu-tools-for-stm32.9-2020-q2-update.win32_2.0.0.202105311346/tools/bin/../lib/gcc/arm-none-eabi/9.3.1/../../../../arm-none-eabi/lib/thumb/v7-m/nofp\libc_nano.a(lib_a-wsetup.o)
                0x0000000008005f4c                __swsetup_r
 .text.__sflush_r
                0x0000000008006028      0x10c c:/program files (x86)/stmicroelectronics/stm32cubeide_1.3.0/stm32cubeide/plugins/com.st.stm32cube.ide.mcu.externaltools.gnu-tools-for-stm32.9-2020-q2-update.win32_2.0.0.202105311346/tools/bin/../lib/gcc/arm-none-eabi/9.3.1/../../../../arm-none-eabi/lib/thumb/v7-m/nofp\libc_nano.a(lib_a-fflush.o)
                0x0000000008006028                __sflush_r
 .text._fflush_r
                0x0000000008006134       0x78 c:/program files (x86)/stmicroelectronics/stm32cubeide_1.3.0/stm32cubeide/plugins/com.st.stm32cube.ide.mcu.externaltools.gnu-tools-for-stm32.9-2020-q2-update.win32_2.0.0.202105311346/tools/bin/../lib/gcc/arm-none-eabi/9.3.1/../../../../arm-none-eabi/lib/thumb/v7-m/nofp\libc_nano.a(lib_a-fflush.o)
                0x0000000008006134                _fflush_r
 .text.std      0x00000000080061ac       0x48 c:/program files (x86)/stmicroelectronics/stm32cubeide_1.3.0/stm32cubeide/plugins/com.st.stm32cube.ide.mcu.externaltools.gnu-tools-for-stm32.9-2020-q2-update.win32_2.0.0.202105311346/tools/bin/../lib/gcc/arm-none-eabi/9.3.1/../../../../arm-none-eabi/lib/thumb/v7-m/nofp\libc_nano.a(lib_a-findfp.o)
 .text._cleanup_r
                0x00000000080061f4        0xc c:/program files (x86)/stmicroelectronics/stm32cubeide_1.3.0/stm32cubeide/plugins/com.st.stm32cube.ide.mcu.externaltools.gnu-tools-for-stm32.9-2020-q2-update.win32_2.0.0.202105311346/tools/bin/../lib/gcc/arm-none-eabi/9.3.1/../../../../arm-none-eabi/lib/thumb/v7-m/nofp\libc_nano.a(lib_a-findfp.o)
                0x00000000080061f4                _cleanup_r
 .text.__sfmoreglue
                0x0000000008006200       0x2c c:/program files (x86)/stmicroelectronics/stm32cubeide_1.3.0/stm32cubeide/plugins/com.st.stm32cube.ide.mcu.externaltools.gnu-tools-for-stm32.9-2020-q2-update.win32_2.0.0.202105311346/tools/bin/../lib/gcc/arm-none-eabi/9.3.1/../../../../arm-none-eabi/lib/thumb/v7-m/nofp\libc_nano.a(lib_a-findfp.o)
                0x0000000008006200                __sfmoreglue
 .text.__sfp_lock_acquire
                0x000000000800622c        0xc c:/program files (x86)/stmicroelectronics/stm32cubeide_1.3.0/stm32cubeide/plugins/com.st.stm32cube.ide.mcu.externaltools.gnu-tools-for-stm32.9-2020-q2-update.win32_2.0.0.202105311346/tools/bin/../lib/gcc/arm-none-eabi/9.3.1/../../../../arm-none-eabi/lib/thumb/v7-m/nofp\libc_nano.a(lib_a-findfp.o)
                0x000000000800622c                __sfp_lock_acquire
 .text.__sfp_lock_release
                0x0000000008006238        0xc c:/program files (x86)/stmicroelectronics/stm32cubeide_1.3.0/stm32cubeide/plugins/com.st.stm32cube.ide.mcu.externaltools.gnu-tools-for-stm32.9-2020-q2-update.win32_2.0.0.202105311346/tools/bin/../lib/gcc/arm-none-eabi/9.3.1/../../../../arm-none-eabi/lib/thumb/v7-m/nofp\libc_nano.a(lib_a-findfp.o)
                0x0000000008006238                __sfp_lock_release
 .text.__sinit_lock_acquire
                0x0000000008006244        0xc c:/program files (x86)/stmicroelectronics/stm32cubeide_1.3.0/stm32cubeide/plugins/com.st.stm32cube.ide.mcu.externaltools.gnu-tools-for-stm32.9-2020-q2-update.win32_2.0.0.202105311346/tools/bin/../lib/gcc/arm-none-eabi/9.3.1/../../../../arm-none-eabi/lib/thumb/v7-m/nofp\libc_nano.a(lib_a-findfp.o)
                0x0000000008006244                __sinit_lock_acquire
 .text.__sinit_lock_release
                0x0000000008006250        0xc c:/program files (x86)/stmicroelectronics/stm32cubeide_1.3.0/stm32cubeide/plugins/com.st.stm32cube.ide.mcu.externaltools.gnu-tools-for-stm32.9-2020-q2-update.win32_2.0.0.202105311346/tools/bin/../lib/gcc/arm-none-eabi/9.3.1/../../../../arm-none-eabi/lib/thumb/v7-m/nofp\libc_nano.a(lib_a-findfp.o)
                0x0000000008006250                __sinit_lock_release
 .text.__sinit  0x000000000800625c       0x70 c:/program files (x86)/stmicroelectronics/stm32cubeide_1.3.0/stm32cubeide/plugins/com.st.stm32cube.ide.mcu.externaltools.gnu-tools-for-stm32.9-2020-q2-update.win32_2.0.0.202105311346/tools/bin/../lib/gcc/arm-none-eabi/9.3.1/../../../../arm-none-eabi/lib/thumb/v7-m/nofp\libc_nano.a(lib_a-findfp.o)
                0x000000000800625c                __sinit
 .text.__sfp    0x00000000080062cc       0x8c c:/program files (x86)/stmicroelectronics/stm32cubeide_1.3.0/stm32cubeide/plugins/com.st.stm32cube.ide.mcu.externaltools.gnu-tools-for-stm32.9-2020-q2-update.win32_2.0.0.202105311346/tools/bin/../lib/gcc/arm-none-eabi/9.3.1/../../../../arm-none-eabi/lib/thumb/v7-m/nofp\libc_nano.a(lib_a-findfp.o)
                0x00000000080062cc                __sfp
 .text._fwalk_reent
                0x0000000008006358       0x3e c:/program files (x86)/stmicroelectronics/stm32cubeide_1.3.0/stm32cubeide/plugins/com.st.stm32cube.ide.mcu.externaltools.gnu-tools-for-stm32.9-2020-q2-update.win32_2.0.0.202105311346/tools/bin/../lib/gcc/arm-none-eabi/9.3.1/../../../../arm-none-eabi/lib/thumb/v7-m/nofp\libc_nano.a(lib_a-fwalk.o)
                0x0000000008006358                _fwalk_reent
 .text.__retarget_lock_init_recursive
                0x0000000008006396        0x2 c:/program files (x86)/stmicroelectronics/stm32cubeide_1.3.0/stm32cubeide/plugins/com.st.stm32cube.ide.mcu.externaltools.gnu-tools-for-stm32.9-2020-q2-update.win32_2.0.0.202105311346/tools/bin/../lib/gcc/arm-none-eabi/9.3.1/../../../../arm-none-eabi/lib/thumb/v7-m/nofp\libc_nano.a(lib_a-lock.o)
                0x0000000008006396                __retarget_lock_init_recursive
 .text.__retarget_lock_acquire_recursive
                0x0000000008006398        0x2 c:/program files (x86)/stmicroelectronics/stm32cubeide_1.3.0/stm32cubeide/plugins/com.st.stm32cube.ide.mcu.externaltools.gnu-tools-for-stm32.9-2020-q2-update.win32_2.0.0.202105311346/tools/bin/../lib/gcc/arm-none-eabi/9.3.1/../../../../arm-none-eabi/lib/thumb/v7-m/nofp\libc_nano.a(lib_a-lock.o)
                0x0000000008006398                __retarget_lock_acquire_recursive
 .text.__retarget_lock_release_recursive
                0x000000000800639a        0x2 c:/program files (x86)/stmicroelectronics/stm32cubeide_1.3.0/stm32cubeide/plugins/com.st.stm32cube.ide.mcu.externaltools.gnu-tools-for-stm32.9-2020-q2-update.win32_2.0.0.202105311346/tools/bin/../lib/gcc/arm-none-eabi/9.3.1/../../../../arm-none-eabi/lib/thumb/v7-m/nofp\libc_nano.a(lib_a-lock.o)
                0x000000000800639a                __retarget_lock_release_recursive
 .text.__swhatbuf_r
                0x000000000800639c       0x48 c:/program files (x86)/stmicroelectronics/stm32cubeide_1.3.0/stm32cubeide/plugins/com.st.stm32cube.ide.mcu.externaltools.gnu-tools-for-stm32.9-2020-q2-update.win32_2.0.0.202105311346/tools/bin/../lib/gcc/arm-none-eabi/9.3.1/../../../../arm-none-eabi/lib/thumb/v7-m/nofp\libc_nano.a(lib_a-makebuf.o)
                0x000000000800639c                __swhatbuf_r
 .text.__smakebuf_r
                0x00000000080063e4       0x80 c:/program files (x86)/stmicroelectronics/stm32cubeide_1.3.0/stm32cubeide/plugins/com.st.stm32cube.ide.mcu.externaltools.gnu-tools-for-stm32.9-2020-q2-update.win32_2.0.0.202105311346/tools/bin/../lib/gcc/arm-none-eabi/9.3.1/../../../../arm-none-eabi/lib/thumb/v7-m/nofp\libc_nano.a(lib_a-makebuf.o)
                0x00000000080063e4                __smakebuf_r
 .text._free_r  0x0000000008006464       0x98 c:/program files (x86)/stmicroelectronics/stm32cubeide_1.3.0/stm32cubeide/plugins/com.st.stm32cube.ide.mcu.externaltools.gnu-tools-for-stm32.9-2020-q2-update.win32_2.0.0.202105311346/tools/bin/../lib/gcc/arm-none-eabi/9.3.1/../../../../arm-none-eabi/lib/thumb/v7-m/nofp\libc_nano.a(lib_a-nano-freer.o)
                0x0000000008006464                _free_r
 .text._malloc_r
                0x00000000080064fc       0xb4 c:/program files (x86)/stmicroelectronics/stm32cubeide_1.3.0/stm32cubeide/plugins/com.st.stm32cube.ide.mcu.externaltools.gnu-tools-for-stm32.9-2020-q2-update.win32_2.0.0.202105311346/tools/bin/../lib/gcc/arm-none-eabi/9.3.1/../../../../arm-none-eabi/lib/thumb/v7-m/nofp\libc_nano.a(lib_a-nano-mallocr.o)
                0x00000000080064fc                _malloc_r
 .text._sbrk_r  0x00000000080065b0       0x20 c:/program files (x86)/stmicroelectronics/stm32cubeide_1.3.0/stm32cubeide/plugins/com.st.stm32cube.ide.mcu.externaltools.gnu-tools-for-stm32.9-2020-q2-update.win32_2.0.0.202105311346/tools/bin/../lib/gcc/arm-none-eabi/9.3.1/../../../../arm-none-eabi/lib/thumb/v7-m/nofp\libc_nano.a(lib_a-sbrkr.o)
                0x00000000080065b0                _sbrk_r
 .text.__sread  0x00000000080065d0       0x22 c:/program files (x86)/stmicroelectronics/stm32cubeide_1.3.0/stm32cubeide/plugins/com.st.stm32cube.ide.mcu.externaltools.gnu-tools-for-stm32.9-2020-q2-update.win32_2.0.0.202105311346/tools/bin/../lib/gcc/arm-none-eabi/9.3.1/../../../../arm-none-eabi/lib/thumb/v7-m/nofp\libc_nano.a(lib_a-stdio.o)
                0x00000000080065d0                __sread
 .text.__swrite
                0x00000000080065f2       0x38 c:/program files (x86)/stmicroelectronics/stm32cubeide_1.3.0/stm32cubeide/plugins/com.st.stm32cube.ide.mcu.externaltools.gnu-tools-for-stm32.9-2020-q2-update.win32_2.0.0.202105311346/tools/bin/../lib/gcc/arm-none-eabi/9.3.1/../../../../arm-none-eabi/lib/thumb/v7-m/nofp\libc_nano.a(lib_a-stdio.o)
                0x00000000080065f2                __swrite
 .text.__sseek  0x000000000800662a       0x24 c:/program files (x86)/stmicroelectronics/stm32cubeide_1.3.0/stm32cubeide/plugins/com.st.stm32cube.ide.mcu.externaltools.gnu-tools-for-stm32.9-2020-q2-update.win32_2.0.0.202105311346/tools/bin/../lib/gcc/arm-none-eabi/9.3.1/../../../../arm-none-eabi/lib/thumb/v7-m/nofp\libc_nano.a(lib_a-stdio.o)
                0x000000000800662a                __sseek
 .text.__sclose
                0x000000000800664e        0x8 c:/program files (x86)/stmicroelectronics/stm32cubeide_1.3.0/stm32cubeide/plugins/com.st.stm32cube.ide.mcu.externaltools.gnu-tools-for-stm32.9-2020-q2-update.win32_2.0.0.202105311346/tools/bin/../lib/gcc/arm-none-eabi/9.3.1/../../../../arm-none-eabi/lib/thumb/v7-m/nofp\libc_nano.a(lib_a-stdio.o)
                0x000000000800664e                __sclose
 *fill*         0x0000000008006656        0x2 
 .text._write_r
                0x0000000008006658       0x24 c:/program files (x86)/stmicroelectronics/stm32cubeide_1.3.0/stm32cubeide/plugins/com.st.stm32cube.ide.mcu.externaltools.gnu-tools-for-stm32.9-2020-q2-update.win32_2.0.0.202105311346/tools/bin/../lib/gcc/arm-none-eabi/9.3.1/../../../../arm-none-eabi/lib/thumb/v7-m/nofp\libc_nano.a(lib_a-writer.o)
                0x0000000008006658                _write_r
 .text._close_r
                0x000000000800667c       0x20 c:/program files (x86)/stmicroelectronics/stm32cubeide_1.3.0/stm32cubeide/plugins/com.st.stm32cube.ide.mcu.externaltools.gnu-tools-for-stm32.9-2020-q2-update.win32_2.0.0.202105311346/tools/bin/../lib/gcc/arm-none-eabi/9.3.1/../../../../arm-none-eabi/lib/thumb/v7-m/nofp\libc_nano.a(lib_a-closer.o)
                0x000000000800667c                _close_r
 .text._fstat_r
                0x000000000800669c       0x24 c:/program files (x86)/stmicroelectronics/stm32cubeide_1.3.0/stm32cubeide/plugins/com.st.stm32cube.ide.mcu.externaltools.gnu-tools-for-stm32.9-2020-q2-update.win32_2.0.0.202105311346/tools/bin/../lib/gcc/arm-none-eabi/9.3.1/../../../../arm-none-eabi/lib/thumb/v7-m/nofp\libc_nano.a(lib_a-fstatr.o)
                0x000000000800669c                _fstat_r
 .text._isatty_r
                0x00000000080066c0       0x20 c:/program files (x86)/stmicroelectronics/stm32cubeide_1.3.0/stm32cubeide/plugins/com.st.stm32cube.ide.mcu.externaltools.gnu-tools-for-stm32.9-2020-q2-update.win32_2.0.0.202105311346/tools/bin/../lib/gcc/arm-none-eabi/9.3.1/../../../../arm-none-eabi/lib/thumb/v7-m/nofp\libc_nano.a(lib_a-isattyr.o)
                0x00000000080066c0                _isatty_r
 .text._lseek_r
                0x00000000080066e0       0x24 c:/program files (x86)/stmicroelectronics/stm32cubeide_1.3.0/stm32cubeide/plugins/com.st.stm32cube.ide.mcu.externaltools.gnu-tools-for-stm32.9-2020-q2-update.win32_2.0.0.202105311346/tools/bin/../lib/gcc/arm-none-eabi/9.3.1/../../../../arm-none-eabi/lib/thumb/v7-m/nofp\libc_nano.a(lib_a-lseekr.o)
                0x00000000080066e0                _lseek_r
 .text.__malloc_lock
                0x0000000008006704        0xc c:/program files (x86)/stmicroelectronics/stm32cubeide_1.3.0/stm32cubeide/plugins/com.st.stm32cube.ide.mcu.externaltools.gnu-tools-for-stm32.9-2020-q2-update.win32_2.0.0.202105311346/tools/bin/../lib/gcc/arm-none-eabi/9.3.1/../../../../arm-none-eabi/lib/thumb/v7-m/nofp\libc_nano.a(lib_a-mlock.o)
                0x0000000008006704                __malloc_lock
 .text.__malloc_unlock
                0x0000000008006710        0xc c:/program files (x86)/stmicroelectronics/stm32cubeide_1.3.0/stm32cubeide/plugins/com.st.stm32cube.ide.mcu.externaltools.gnu-tools-for-stm32.9-2020-q2-update.win32_2.0.0.202105311346/tools/bin/../lib/gcc/arm-none-eabi/9.3.1/../../../../arm-none-eabi/lib/thumb/v7-m/nofp\libc_nano.a(lib_a-mlock.o)
                0x0000000008006710                __malloc_unlock
 .text._read_r  0x000000000800671c       0x24 c:/program files (x86)/stmicroelectronics/stm32cubeide_1.3.0/stm32cubeide/plugins/com.st.stm32cube.ide.mcu.externaltools.gnu-tools-for-stm32.9-2020-q2-update.win32_2.0.0.202105311346/tools/bin/../lib/gcc/arm-none-eabi/9.3.1/../../../../arm-none-eabi/lib/thumb/v7-m/nofp\libc_nano.a(lib_a-readr.o)
                0x000000000800671c                _read_r
 *(.glue_7)
 .glue_7        0x0000000008006740        0x0 linker stubs
 *(.glue_7t)
 .glue_7t       0x0000000008006740        0x0 linker stubs
 *(.eh_frame)
 .eh_frame      0x0000000008006740        0x0 c:/program files (x86)/stmicroelectronics/stm32cubeide_1.3.0/stm32cubeide/plugins/com.st.stm32cube.ide.mcu.externaltools.gnu-tools-for-stm32.9-2020-q2-update.win32_2.0.0.202105311346/tools/bin/../lib/gcc/arm-none-eabi/9.3.1/thumb/v7-m/nofp/crtbegin.o
 *(.init)
 .init          0x0000000008006740        0x4 c:/program files (x86)/stmicroelectronics/stm32cubeide_1.3.0/stm32cubeide/plugins/com.st.stm32cube.ide.mcu.externaltools.gnu-tools-for-stm32.9-2020-q2-update.win32_2.0.0.202105311346/tools/bin/../lib/gcc/arm-none-eabi/9.3.1/thumb/v7-m/nofp/crti.o
                0x0000000008006740                _init
 .init          0x0000000008006744        0x8 c:/program files (x86)/stmicroelectronics/stm32cubeide_1.3.0/stm32cubeide/plugins/com.st.stm32cube.ide.mcu.externaltools.gnu-tools-for-stm32.9-2020-q2-update.win32_2.0.0.202105311346/tools/bin/../lib/gcc/arm-none-eabi/9.3.1/thumb/v7-m/nofp/crtn.o
 *(.fini)
 .fini          0x000000000800674c        0x4 c:/program files (x86)/stmicroelectronics/stm32cubeide_1.3.0/stm32cubeide/plugins/com.st.stm32cube.ide.mcu.externaltools.gnu-tools-for-stm32.9-2020-q2-update.win32_2.0.0.202105311346/tools/bin/../lib/gcc/arm-none-eabi/9.3.1/thumb/v7-m/nofp/crti.o
                0x000000000800674c                _fini
 .fini          0x0000000008006750        0x8 c:/program files (x86)/stmicroelectronics/stm32cubeide_1.3.0/stm32cubeide/plugins/com.st.stm32cube.ide.mcu.externaltools.gnu-tools-for-stm32.9-2020-q2-update.win32_2.0.0.202105311346/tools/bin/../lib/gcc/arm-none-eabi/9.3.1/thumb/v7-m/nofp/crtn.o
                0x0000000008006758                . = ALIGN (0x4)
                0x0000000008006758                _etext = .

.vfp11_veneer   0x0000000008006758        0x0
 .vfp11_veneer  0x0000000008006758        0x0 linker stubs

.v4_bx          0x0000000008006758        0x0
 .v4_bx         0x0000000008006758        0x0 linker stubs

.iplt           0x0000000008006758        0x0
 .iplt          0x0000000008006758        0x0 c:/program files (x86)/stmicroelectronics/stm32cubeide_1.3.0/stm32cubeide/plugins/com.st.stm32cube.ide.mcu.externaltools.gnu-tools-for-stm32.9-2020-q2-update.win32_2.0.0.202105311346/tools/bin/../lib/gcc/arm-none-eabi/9.3.1/thumb/v7-m/nofp/crtbegin.o

.rodata         0x0000000008006758      0x91c
                0x0000000008006758                . = ALIGN (0x4)
 *(.rodata)
 *(.rodata*)
 .rodata.BtnList
                0x0000000008006758        0xc ./Application/bbb.o
 .rodata.disp_DrawInitScreen.str1.1
                0x0000000008006764       0x32 ./Application/display.o
 .rodata.disp_DrawScreen.str1.1
                0x0000000008006796       0x37 ./Application/display.o
 *fill*         0x00000000080067cd        0x1 
 .rodata.Font7x10
                0x00000000080067ce      0x76c ./Application/fonts.o
                0x00000000080067ce                Font7x10
 .rodata.HAL_ADC_ErrorCallback.str1.1
                0x0000000008006f3a       0x13 ./Application/measurement.o
 .rodata.HAL_RCC_GetSysClockFreq.str1.1
                0x0000000008006f4d       0x11 ./Drivers/STM32F1xx_HAL_Driver/Src/stm32f1xx_hal_rcc.o
 .rodata.HAL_RCCEx_GetPeriphCLKFreq.str1.1
                0x0000000008006f5e       0x11 ./Drivers/STM32F1xx_HAL_Driver/Src/stm32f1xx_hal_rcc_ex.o
 .rodata.str1.1
                0x0000000008006f5e       0x31 ./Src/main.o
 *fill*         0x0000000008006f8f        0x1 
 .rodata.RetractDurationDesc
                0x0000000008006f90       0x14 ./Src/main.o
 .rodata.RetractDurationList
                0x0000000008006fa4        0xa ./Src/main.o
 *fill*         0x0000000008006fae        0x2 
 .rodata.SpeedModeDesc
                0x0000000008006fb0       0x14 ./Src/main.o
 .rodata.SpeedModeList
                0x0000000008006fc4        0xa ./Src/main.o
 .rodata.AHBPrescTable
                0x0000000008006fce       0x10 ./Src/system_stm32f1xx.o
                0x0000000008006fce                AHBPrescTable
 .rodata.APBPrescTable
                0x0000000008006fde        0x8 ./Src/system_stm32f1xx.o
                0x0000000008006fde                APBPrescTable
 *fill*         0x0000000008006fe6        0x2 
 .rodata._global_impure_ptr
                0x0000000008006fe8        0x4 c:/program files (x86)/stmicroelectronics/stm32cubeide_1.3.0/stm32cubeide/plugins/com.st.stm32cube.ide.mcu.externaltools.gnu-tools-for-stm32.9-2020-q2-update.win32_2.0.0.202105311346/tools/bin/../lib/gcc/arm-none-eabi/9.3.1/../../../../arm-none-eabi/lib/thumb/v7-m/nofp\libc_nano.a(lib_a-impure.o)
                0x0000000008006fe8                _global_impure_ptr
 .rodata.__utoa.str1.1
                0x0000000008006fec       0x25 c:/program files (x86)/stmicroelectronics/stm32cubeide_1.3.0/stm32cubeide/plugins/com.st.stm32cube.ide.mcu.externaltools.gnu-tools-for-stm32.9-2020-q2-update.win32_2.0.0.202105311346/tools/bin/../lib/gcc/arm-none-eabi/9.3.1/../../../../arm-none-eabi/lib/thumb/v7-m/nofp\libc_nano.a(lib_a-utoa.o)
 *fill*         0x0000000008007011        0x3 
 .rodata.__sf_fake_stderr
                0x0000000008007014       0x20 c:/program files (x86)/stmicroelectronics/stm32cubeide_1.3.0/stm32cubeide/plugins/com.st.stm32cube.ide.mcu.externaltools.gnu-tools-for-stm32.9-2020-q2-update.win32_2.0.0.202105311346/tools/bin/../lib/gcc/arm-none-eabi/9.3.1/../../../../arm-none-eabi/lib/thumb/v7-m/nofp\libc_nano.a(lib_a-findfp.o)
                0x0000000008007014                __sf_fake_stderr
 .rodata.__sf_fake_stdin
                0x0000000008007034       0x20 c:/program files (x86)/stmicroelectronics/stm32cubeide_1.3.0/stm32cubeide/plugins/com.st.stm32cube.ide.mcu.externaltools.gnu-tools-for-stm32.9-2020-q2-update.win32_2.0.0.202105311346/tools/bin/../lib/gcc/arm-none-eabi/9.3.1/../../../../arm-none-eabi/lib/thumb/v7-m/nofp\libc_nano.a(lib_a-findfp.o)
                0x0000000008007034                __sf_fake_stdin
 .rodata.__sf_fake_stdout
                0x0000000008007054       0x20 c:/program files (x86)/stmicroelectronics/stm32cubeide_1.3.0/stm32cubeide/plugins/com.st.stm32cube.ide.mcu.externaltools.gnu-tools-for-stm32.9-2020-q2-update.win32_2.0.0.202105311346/tools/bin/../lib/gcc/arm-none-eabi/9.3.1/../../../../arm-none-eabi/lib/thumb/v7-m/nofp\libc_nano.a(lib_a-findfp.o)
                0x0000000008007054                __sf_fake_stdout
                0x0000000008007074                . = ALIGN (0x4)

.rel.dyn        0x0000000008007074        0x0
 .rel.iplt      0x0000000008007074        0x0 c:/program files (x86)/stmicroelectronics/stm32cubeide_1.3.0/stm32cubeide/plugins/com.st.stm32cube.ide.mcu.externaltools.gnu-tools-for-stm32.9-2020-q2-update.win32_2.0.0.202105311346/tools/bin/../lib/gcc/arm-none-eabi/9.3.1/thumb/v7-m/nofp/crtbegin.o

.ARM.extab      0x0000000008007074        0x0
                0x0000000008007074                . = ALIGN (0x4)
 *(.ARM.extab* .gnu.linkonce.armextab.*)
                0x0000000008007074                . = ALIGN (0x4)

.ARM            0x0000000008007074        0x0
                0x0000000008007074                . = ALIGN (0x4)
                0x0000000008007074                __exidx_start = .
 *(.ARM.exidx*)
                0x0000000008007074                __exidx_end = .
                0x0000000008007074                . = ALIGN (0x4)

.preinit_array  0x0000000008007074        0x0
                0x0000000008007074                . = ALIGN (0x4)
                0x0000000008007074                PROVIDE (__preinit_array_start = .)
 *(.preinit_array*)
                0x0000000008007074                PROVIDE (__preinit_array_end = .)
                0x0000000008007074                . = ALIGN (0x4)

.init_array     0x0000000008007074        0x4
                0x0000000008007074                . = ALIGN (0x4)
                0x0000000008007074                PROVIDE (__init_array_start = .)
 *(SORT_BY_NAME(.init_array.*))
 *(.init_array*)
 .init_array    0x0000000008007074        0x4 c:/program files (x86)/stmicroelectronics/stm32cubeide_1.3.0/stm32cubeide/plugins/com.st.stm32cube.ide.mcu.externaltools.gnu-tools-for-stm32.9-2020-q2-update.win32_2.0.0.202105311346/tools/bin/../lib/gcc/arm-none-eabi/9.3.1/thumb/v7-m/nofp/crtbegin.o
                0x0000000008007078                PROVIDE (__init_array_end = .)
                0x0000000008007078                . = ALIGN (0x4)

.fini_array     0x0000000008007078        0x4
                0x0000000008007078                . = ALIGN (0x4)
                [!provide]                        PROVIDE (__fini_array_start = .)
 *(SORT_BY_NAME(.fini_array.*))
 *(.fini_array*)
 .fini_array    0x0000000008007078        0x4 c:/program files (x86)/stmicroelectronics/stm32cubeide_1.3.0/stm32cubeide/plugins/com.st.stm32cube.ide.mcu.externaltools.gnu-tools-for-stm32.9-2020-q2-update.win32_2.0.0.202105311346/tools/bin/../lib/gcc/arm-none-eabi/9.3.1/thumb/v7-m/nofp/crtbegin.o
                [!provide]                        PROVIDE (__fini_array_end = .)
                0x000000000800707c                . = ALIGN (0x4)
                0x000000000800707c                _sidata = LOADADDR (.data)

.data           0x0000000020000000       0xe0 load address 0x000000000800707c
                0x0000000020000000                . = ALIGN (0x4)
                0x0000000020000000                _sdata = .
 *(.data)
 *(.data*)
 .data.CfgBtn   0x0000000020000000       0x20 ./Application/bbb.o
 .data.PullBtn  0x0000000020000020       0x20 ./Application/bbb.o
 .data.PushBtn  0x0000000020000040       0x20 ./Application/bbb.o
 .data.Font_7x10
                0x0000000020000060        0x8 ./Application/fonts.o
                0x0000000020000060                Font_7x10
 .data.uwTickFreq
                0x0000000020000068        0x1 ./Drivers/STM32F1xx_HAL_Driver/Src/stm32f1xx_hal.o
                0x0000000020000068                uwTickFreq
 *fill*         0x0000000020000069        0x3 
 .data.uwTickPrio
                0x000000002000006c        0x4 ./Drivers/STM32F1xx_HAL_Driver/Src/stm32f1xx_hal.o
                0x000000002000006c                uwTickPrio
 .data.I2C_DMA_Completed
                0x0000000020000070        0x1 ./Src/main.o
                0x0000000020000070                I2C_DMA_Completed
 .data.RedrawRequested
                0x0000000020000071        0x1 ./Src/main.o
                0x0000000020000071                RedrawRequested
 .data.RetractDuration
                0x0000000020000072        0x2 ./Src/main.o
 .data.SpeedMode
                0x0000000020000074        0x2 ./Src/main.o
 *fill*         0x0000000020000076        0x2 
 .data.SystemCoreClock
                0x0000000020000078        0x4 ./Src/system_stm32f1xx.o
                0x0000000020000078                SystemCoreClock
 .data._impure_ptr
                0x000000002000007c        0x4 c:/program files (x86)/stmicroelectronics/stm32cubeide_1.3.0/stm32cubeide/plugins/com.st.stm32cube.ide.mcu.externaltools.gnu-tools-for-stm32.9-2020-q2-update.win32_2.0.0.202105311346/tools/bin/../lib/gcc/arm-none-eabi/9.3.1/../../../../arm-none-eabi/lib/thumb/v7-m/nofp\libc_nano.a(lib_a-impure.o)
                0x000000002000007c                _impure_ptr
 .data.impure_data
                0x0000000020000080       0x60 c:/program files (x86)/stmicroelectronics/stm32cubeide_1.3.0/stm32cubeide/plugins/com.st.stm32cube.ide.mcu.externaltools.gnu-tools-for-stm32.9-2020-q2-update.win32_2.0.0.202105311346/tools/bin/../lib/gcc/arm-none-eabi/9.3.1/../../../../arm-none-eabi/lib/thumb/v7-m/nofp\libc_nano.a(lib_a-impure.o)
                0x00000000200000e0                . = ALIGN (0x4)
                0x00000000200000e0                _edata = .

.igot.plt       0x00000000200000e0        0x0 load address 0x000000000800715c
 .igot.plt      0x00000000200000e0        0x0 c:/program files (x86)/stmicroelectronics/stm32cubeide_1.3.0/stm32cubeide/plugins/com.st.stm32cube.ide.mcu.externaltools.gnu-tools-for-stm32.9-2020-q2-update.win32_2.0.0.202105311346/tools/bin/../lib/gcc/arm-none-eabi/9.3.1/thumb/v7-m/nofp/crtbegin.o
                0x00000000200000e0                . = ALIGN (0x4)

.bss            0x00000000200000e0      0x478 load address 0x000000000800715c
                0x00000000200000e0                _sbss = .
                0x00000000200000e0                __bss_start__ = _sbss
 *(.bss)
 .bss           0x00000000200000e0       0x1c c:/program files (x86)/stmicroelectronics/stm32cubeide_1.3.0/stm32cubeide/plugins/com.st.stm32cube.ide.mcu.externaltools.gnu-tools-for-stm32.9-2020-q2-update.win32_2.0.0.202105311346/tools/bin/../lib/gcc/arm-none-eabi/9.3.1/thumb/v7-m/nofp/crtbegin.o
 *(.bss*)
 .bss.LastBtnEvtUpdateTimestamp
                0x00000000200000fc        0x4 ./Application/bbb.o
 .bss.AvTemp    0x0000000020000100        0x4 ./Application/measurement.o
                0x0000000020000100                AvTemp
 .bss.AvVBat    0x0000000020000104        0x4 ./Application/measurement.o
                0x0000000020000104                AvVBat
 .bss.CountMeasure
                0x0000000020000108        0x1 ./Application/measurement.o
                0x0000000020000108                CountMeasure
 *fill*         0x0000000020000109        0x1 
 .bss.SSD1306   0x000000002000010a        0x6 ./Application/ssd1306.o
 .bss.SSD1306_Buffer
                0x0000000020000110      0x200 ./Application/ssd1306.o
 .bss.CfgMode   0x0000000020000310        0x1 ./Src/main.o
 .bss.RetractDurationChange
                0x0000000020000311        0x1 ./Src/main.o
                0x0000000020000311                RetractDurationChange
 .bss.SpeedModeChange
                0x0000000020000312        0x1 ./Src/main.o
                0x0000000020000312                SpeedModeChange
 *fill*         0x0000000020000313        0x1 
 .bss.__sbrk_heap_end
                0x0000000020000314        0x4 ./Src/sysmem.o
 .bss.__malloc_free_list
                0x0000000020000318        0x4 c:/program files (x86)/stmicroelectronics/stm32cubeide_1.3.0/stm32cubeide/plugins/com.st.stm32cube.ide.mcu.externaltools.gnu-tools-for-stm32.9-2020-q2-update.win32_2.0.0.202105311346/tools/bin/../lib/gcc/arm-none-eabi/9.3.1/../../../../arm-none-eabi/lib/thumb/v7-m/nofp\libc_nano.a(lib_a-nano-mallocr.o)
                0x0000000020000318                __malloc_free_list
 .bss.__malloc_sbrk_start
                0x000000002000031c        0x4 c:/program files (x86)/stmicroelectronics/stm32cubeide_1.3.0/stm32cubeide/plugins/com.st.stm32cube.ide.mcu.externaltools.gnu-tools-for-stm32.9-2020-q2-update.win32_2.0.0.202105311346/tools/bin/../lib/gcc/arm-none-eabi/9.3.1/../../../../arm-none-eabi/lib/thumb/v7-m/nofp\libc_nano.a(lib_a-nano-mallocr.o)
                0x000000002000031c                __malloc_sbrk_start
 *(COMMON)
 COMMON         0x0000000020000320       0x10 ./Application/EEPROM.o
                0x0000000020000320                PageBase0
                0x0000000020000324                Status
                0x0000000020000328                PageSize
                0x000000002000032c                PageBase1
 COMMON         0x0000000020000330       0x34 ./Application/display.o
                0x0000000020000330                floatBuf
                0x000000002000033a                Tmp
                0x000000002000034f                Line
 COMMON         0x0000000020000364       0x18 ./Application/measurement.o
                0x0000000020000364                vSense
                0x0000000020000368                Temp
                0x000000002000036c                VBat
                0x0000000020000370                ADCBuffer
                0x0000000020000378                Im
 COMMON         0x000000002000037c        0x2 ./Application/motor.o
                0x000000002000037c                Speed
 *fill*         0x000000002000037e        0x2 
 COMMON         0x0000000020000380        0x4 ./Drivers/STM32F1xx_HAL_Driver/Src/stm32f1xx_hal.o
                0x0000000020000380                uwTick
 COMMON         0x0000000020000384       0x74 ./Src/adc.o
                0x0000000020000384                hadc1
                0x00000000200003b4                hdma_adc1
 COMMON         0x00000000200003f8       0x98 ./Src/i2c.o
                0x00000000200003f8                hdma_i2c1_tx
                0x000000002000043c                hi2c1
 COMMON         0x0000000020000490       0x25 ./Src/main.o
                0x0000000020000490                Timers
                0x00000000200004a2                Status1
                0x00000000200004a4                CfgBtn
                0x00000000200004a8                CompareDate
                0x00000000200004ac                PullBtn
                0x00000000200004b0                PushBtn
                0x00000000200004b4                CompareSeconds
 *fill*         0x00000000200004b5        0x3 
 COMMON         0x00000000200004b8       0x90 ./Src/tim.o
                0x00000000200004b8                htim3
                0x0000000020000500                htim1
 COMMON         0x0000000020000548        0x9 c:/program files (x86)/stmicroelectronics/stm32cubeide_1.3.0/stm32cubeide/plugins/com.st.stm32cube.ide.mcu.externaltools.gnu-tools-for-stm32.9-2020-q2-update.win32_2.0.0.202105311346/tools/bin/../lib/gcc/arm-none-eabi/9.3.1/../../../../arm-none-eabi/lib/thumb/v7-m/nofp\libc_nano.a(lib_a-lock.o)
                0x0000000020000548                __lock___atexit_recursive_mutex
                0x0000000020000549                __lock___arc4random_mutex
                0x000000002000054a                __lock___env_recursive_mutex
                0x000000002000054b                __lock___sinit_recursive_mutex
                0x000000002000054c                __lock___malloc_recursive_mutex
                0x000000002000054d                __lock___at_quick_exit_mutex
                0x000000002000054e                __lock___dd_hash_mutex
                0x000000002000054f                __lock___tz_mutex
                0x0000000020000550                __lock___sfp_recursive_mutex
 *fill*         0x0000000020000551        0x3 
 COMMON         0x0000000020000554        0x4 c:/program files (x86)/stmicroelectronics/stm32cubeide_1.3.0/stm32cubeide/plugins/com.st.stm32cube.ide.mcu.externaltools.gnu-tools-for-stm32.9-2020-q2-update.win32_2.0.0.202105311346/tools/bin/../lib/gcc/arm-none-eabi/9.3.1/../../../../arm-none-eabi/lib/thumb/v7-m/nofp\libc_nano.a(lib_a-reent.o)
                0x0000000020000554                errno
                0x0000000020000558                . = ALIGN (0x4)
                0x0000000020000558                _ebss = .
                0x0000000020000558                __bss_end__ = _ebss

._user_heap_stack
                0x0000000020000558      0x600 load address 0x000000000800715c
                0x0000000020000558                . = ALIGN (0x8)
                [!provide]                        PROVIDE (end = .)
                0x0000000020000558                PROVIDE (_end = .)
                0x0000000020000758                . = (. + _Min_Heap_Size)
 *fill*         0x0000000020000558      0x200 
                0x0000000020000b58                . = (. + _Min_Stack_Size)
 *fill*         0x0000000020000758      0x400 
                0x0000000020000b58                . = ALIGN (0x8)

/DISCARD/
 libc.a(*)
 libm.a(*)
 libgcc.a(*)

.ARM.attributes
                0x0000000000000000       0x29
 *(.ARM.attributes)
 .ARM.attributes
                0x0000000000000000       0x1d c:/program files (x86)/stmicroelectronics/stm32cubeide_1.3.0/stm32cubeide/plugins/com.st.stm32cube.ide.mcu.externaltools.gnu-tools-for-stm32.9-2020-q2-update.win32_2.0.0.202105311346/tools/bin/../lib/gcc/arm-none-eabi/9.3.1/thumb/v7-m/nofp/crti.o
 .ARM.attributes
                0x000000000000001d       0x2d c:/program files (x86)/stmicroelectronics/stm32cubeide_1.3.0/stm32cubeide/plugins/com.st.stm32cube.ide.mcu.externaltools.gnu-tools-for-stm32.9-2020-q2-update.win32_2.0.0.202105311346/tools/bin/../lib/gcc/arm-none-eabi/9.3.1/thumb/v7-m/nofp/crtbegin.o
 .ARM.attributes
                0x000000000000004a       0x2d ./Application/EEPROM.o
 .ARM.attributes
                0x0000000000000077       0x2d ./Application/bbb.o
 .ARM.attributes
                0x00000000000000a4       0x2d ./Application/display.o
 .ARM.attributes
                0x00000000000000d1       0x2d ./Application/fonts.o
 .ARM.attributes
                0x00000000000000fe       0x2d ./Application/measurement.o
 .ARM.attributes
                0x000000000000012b       0x2d ./Application/motor.o
 .ARM.attributes
                0x0000000000000158       0x2d ./Application/ssd1306.o
 .ARM.attributes
                0x0000000000000185       0x2d ./Drivers/STM32F1xx_HAL_Driver/Src/stm32f1xx_hal.o
 .ARM.attributes
                0x00000000000001b2       0x2d ./Drivers/STM32F1xx_HAL_Driver/Src/stm32f1xx_hal_adc.o
 .ARM.attributes
                0x00000000000001df       0x2d ./Drivers/STM32F1xx_HAL_Driver/Src/stm32f1xx_hal_adc_ex.o
 .ARM.attributes
                0x000000000000020c       0x2d ./Drivers/STM32F1xx_HAL_Driver/Src/stm32f1xx_hal_cortex.o
 .ARM.attributes
                0x0000000000000239       0x2d ./Drivers/STM32F1xx_HAL_Driver/Src/stm32f1xx_hal_dma.o
 .ARM.attributes
                0x0000000000000266       0x2d ./Drivers/STM32F1xx_HAL_Driver/Src/stm32f1xx_hal_gpio.o
 .ARM.attributes
                0x0000000000000293       0x2d ./Drivers/STM32F1xx_HAL_Driver/Src/stm32f1xx_hal_i2c.o
 .ARM.attributes
                0x00000000000002c0       0x2d ./Drivers/STM32F1xx_HAL_Driver/Src/stm32f1xx_hal_rcc.o
 .ARM.attributes
                0x00000000000002ed       0x2d ./Drivers/STM32F1xx_HAL_Driver/Src/stm32f1xx_hal_rcc_ex.o
 .ARM.attributes
                0x000000000000031a       0x2d ./Drivers/STM32F1xx_HAL_Driver/Src/stm32f1xx_hal_tim.o
 .ARM.attributes
                0x0000000000000347       0x2d ./Drivers/STM32F1xx_HAL_Driver/Src/stm32f1xx_hal_tim_ex.o
 .ARM.attributes
                0x0000000000000374       0x2d ./Src/adc.o
 .ARM.attributes
                0x00000000000003a1       0x2d ./Src/dma.o
 .ARM.attributes
                0x00000000000003ce       0x2d ./Src/gpio.o
 .ARM.attributes
                0x00000000000003fb       0x2d ./Src/i2c.o
 .ARM.attributes
                0x0000000000000428       0x2d ./Src/main.o
 .ARM.attributes
                0x0000000000000455       0x2d ./Src/stm32f1xx_hal_msp.o
 .ARM.attributes
                0x0000000000000482       0x2d ./Src/stm32f1xx_it.o
 .ARM.attributes
                0x00000000000004af       0x2d ./Src/syscalls.o
 .ARM.attributes
                0x00000000000004dc       0x2d ./Src/sysmem.o
 .ARM.attributes
                0x0000000000000509       0x2d ./Src/system_stm32f1xx.o
 .ARM.attributes
                0x0000000000000536       0x2d ./Src/tim.o
 .ARM.attributes
                0x0000000000000563       0x21 ./Startup/startup_stm32f103c8tx.o
 .ARM.attributes
                0x0000000000000584       0x2d c:/program files (x86)/stmicroelectronics/stm32cubeide_1.3.0/stm32cubeide/plugins/com.st.stm32cube.ide.mcu.externaltools.gnu-tools-for-stm32.9-2020-q2-update.win32_2.0.0.202105311346/tools/bin/../lib/gcc/arm-none-eabi/9.3.1/../../../../arm-none-eabi/lib/thumb/v7-m/nofp\libc_nano.a(lib_a-errno.o)
 .ARM.attributes
                0x00000000000005b1       0x2d c:/program files (x86)/stmicroelectronics/stm32cubeide_1.3.0/stm32cubeide/plugins/com.st.stm32cube.ide.mcu.externaltools.gnu-tools-for-stm32.9-2020-q2-update.win32_2.0.0.202105311346/tools/bin/../lib/gcc/arm-none-eabi/9.3.1/../../../../arm-none-eabi/lib/thumb/v7-m/nofp\libc_nano.a(lib_a-impure.o)
 .ARM.attributes
                0x00000000000005de       0x2d c:/program files (x86)/stmicroelectronics/stm32cubeide_1.3.0/stm32cubeide/plugins/com.st.stm32cube.ide.mcu.externaltools.gnu-tools-for-stm32.9-2020-q2-update.win32_2.0.0.202105311346/tools/bin/../lib/gcc/arm-none-eabi/9.3.1/../../../../arm-none-eabi/lib/thumb/v7-m/nofp\libc_nano.a(lib_a-init.o)
 .ARM.attributes
                0x000000000000060b       0x2d c:/program files (x86)/stmicroelectronics/stm32cubeide_1.3.0/stm32cubeide/plugins/com.st.stm32cube.ide.mcu.externaltools.gnu-tools-for-stm32.9-2020-q2-update.win32_2.0.0.202105311346/tools/bin/../lib/gcc/arm-none-eabi/9.3.1/../../../../arm-none-eabi/lib/thumb/v7-m/nofp\libc_nano.a(lib_a-itoa.o)
 .ARM.attributes
                0x0000000000000638       0x2d c:/program files (x86)/stmicroelectronics/stm32cubeide_1.3.0/stm32cubeide/plugins/com.st.stm32cube.ide.mcu.externaltools.gnu-tools-for-stm32.9-2020-q2-update.win32_2.0.0.202105311346/tools/bin/../lib/gcc/arm-none-eabi/9.3.1/../../../../arm-none-eabi/lib/thumb/v7-m/nofp\libc_nano.a(lib_a-memset.o)
 .ARM.attributes
                0x0000000000000665       0x2d c:/program files (x86)/stmicroelectronics/stm32cubeide_1.3.0/stm32cubeide/plugins/com.st.stm32cube.ide.mcu.externaltools.gnu-tools-for-stm32.9-2020-q2-update.win32_2.0.0.202105311346/tools/bin/../lib/gcc/arm-none-eabi/9.3.1/../../../../arm-none-eabi/lib/thumb/v7-m/nofp\libc_nano.a(lib_a-puts.o)
 .ARM.attributes
                0x0000000000000692       0x2d c:/program files (x86)/stmicroelectronics/stm32cubeide_1.3.0/stm32cubeide/plugins/com.st.stm32cube.ide.mcu.externaltools.gnu-tools-for-stm32.9-2020-q2-update.win32_2.0.0.202105311346/tools/bin/../lib/gcc/arm-none-eabi/9.3.1/../../../../arm-none-eabi/lib/thumb/v7-m/nofp\libc_nano.a(lib_a-strcat.o)
 .ARM.attributes
                0x00000000000006bf       0x2d c:/program files (x86)/stmicroelectronics/stm32cubeide_1.3.0/stm32cubeide/plugins/com.st.stm32cube.ide.mcu.externaltools.gnu-tools-for-stm32.9-2020-q2-update.win32_2.0.0.202105311346/tools/bin/../lib/gcc/arm-none-eabi/9.3.1/../../../../arm-none-eabi/lib/thumb/v7-m/nofp\libc_nano.a(lib_a-strcpy.o)
 .ARM.attributes
                0x00000000000006ec       0x2d c:/program files (x86)/stmicroelectronics/stm32cubeide_1.3.0/stm32cubeide/plugins/com.st.stm32cube.ide.mcu.externaltools.gnu-tools-for-stm32.9-2020-q2-update.win32_2.0.0.202105311346/tools/bin/../lib/gcc/arm-none-eabi/9.3.1/../../../../arm-none-eabi/lib/thumb/v7-m/nofp\libc_nano.a(lib_a-utoa.o)
 .ARM.attributes
                0x0000000000000719       0x2d c:/program files (x86)/stmicroelectronics/stm32cubeide_1.3.0/stm32cubeide/plugins/com.st.stm32cube.ide.mcu.externaltools.gnu-tools-for-stm32.9-2020-q2-update.win32_2.0.0.202105311346/tools/bin/../lib/gcc/arm-none-eabi/9.3.1/../../../../arm-none-eabi/lib/thumb/v7-m/nofp\libc_nano.a(lib_a-wbuf.o)
 .ARM.attributes
                0x0000000000000746       0x2d c:/program files (x86)/stmicroelectronics/stm32cubeide_1.3.0/stm32cubeide/plugins/com.st.stm32cube.ide.mcu.externaltools.gnu-tools-for-stm32.9-2020-q2-update.win32_2.0.0.202105311346/tools/bin/../lib/gcc/arm-none-eabi/9.3.1/../../../../arm-none-eabi/lib/thumb/v7-m/nofp\libc_nano.a(lib_a-wsetup.o)
 .ARM.attributes
                0x0000000000000773       0x2d c:/program files (x86)/stmicroelectronics/stm32cubeide_1.3.0/stm32cubeide/plugins/com.st.stm32cube.ide.mcu.externaltools.gnu-tools-for-stm32.9-2020-q2-update.win32_2.0.0.202105311346/tools/bin/../lib/gcc/arm-none-eabi/9.3.1/../../../../arm-none-eabi/lib/thumb/v7-m/nofp\libc_nano.a(lib_a-fflush.o)
 .ARM.attributes
                0x00000000000007a0       0x2d c:/program files (x86)/stmicroelectronics/stm32cubeide_1.3.0/stm32cubeide/plugins/com.st.stm32cube.ide.mcu.externaltools.gnu-tools-for-stm32.9-2020-q2-update.win32_2.0.0.202105311346/tools/bin/../lib/gcc/arm-none-eabi/9.3.1/../../../../arm-none-eabi/lib/thumb/v7-m/nofp\libc_nano.a(lib_a-findfp.o)
 .ARM.attributes
                0x00000000000007cd       0x2d c:/program files (x86)/stmicroelectronics/stm32cubeide_1.3.0/stm32cubeide/plugins/com.st.stm32cube.ide.mcu.externaltools.gnu-tools-for-stm32.9-2020-q2-update.win32_2.0.0.202105311346/tools/bin/../lib/gcc/arm-none-eabi/9.3.1/../../../../arm-none-eabi/lib/thumb/v7-m/nofp\libc_nano.a(lib_a-fwalk.o)
 .ARM.attributes
                0x00000000000007fa       0x2d c:/program files (x86)/stmicroelectronics/stm32cubeide_1.3.0/stm32cubeide/plugins/com.st.stm32cube.ide.mcu.externaltools.gnu-tools-for-stm32.9-2020-q2-update.win32_2.0.0.202105311346/tools/bin/../lib/gcc/arm-none-eabi/9.3.1/../../../../arm-none-eabi/lib/thumb/v7-m/nofp\libc_nano.a(lib_a-lock.o)
 .ARM.attributes
                0x0000000000000827       0x2d c:/program files (x86)/stmicroelectronics/stm32cubeide_1.3.0/stm32cubeide/plugins/com.st.stm32cube.ide.mcu.externaltools.gnu-tools-for-stm32.9-2020-q2-update.win32_2.0.0.202105311346/tools/bin/../lib/gcc/arm-none-eabi/9.3.1/../../../../arm-none-eabi/lib/thumb/v7-m/nofp\libc_nano.a(lib_a-makebuf.o)
 .ARM.attributes
                0x0000000000000854       0x2d c:/program files (x86)/stmicroelectronics/stm32cubeide_1.3.0/stm32cubeide/plugins/com.st.stm32cube.ide.mcu.externaltools.gnu-tools-for-stm32.9-2020-q2-update.win32_2.0.0.202105311346/tools/bin/../lib/gcc/arm-none-eabi/9.3.1/../../../../arm-none-eabi/lib/thumb/v7-m/nofp\libc_nano.a(lib_a-nano-freer.o)
 .ARM.attributes
                0x0000000000000881       0x2d c:/program files (x86)/stmicroelectronics/stm32cubeide_1.3.0/stm32cubeide/plugins/com.st.stm32cube.ide.mcu.externaltools.gnu-tools-for-stm32.9-2020-q2-update.win32_2.0.0.202105311346/tools/bin/../lib/gcc/arm-none-eabi/9.3.1/../../../../arm-none-eabi/lib/thumb/v7-m/nofp\libc_nano.a(lib_a-nano-mallocr.o)
 .ARM.attributes