ssd1306.c:294:6:SSD1306_ToggleInvert	0	static
ssd1306.c:306:6:SSD1306_Fill	0	static
ssd1306.c:313:6:SSD1306_DrawPixel	12	static
ssd1306.c:180:6:SSD1306_DrawBitmap	64	static
ssd1306.c:329:6:SSD1306_GotoXY	0	static
ssd1306.c:335:6:SSD1306_Putc	48	static
ssd1306.c:366:6:SSD1306_Puts	16	static
ssd1306.c:384:6:SSD1306_DrawLine	56	static
ssd1306.c:460:6:SSD1306_DrawRectangle	32	static
ssd1306.c:475:6:SSD1306_DrawFilledRectangle	40	static
ssd1306.c:502:6:SSD1306_DrawTriangle	40	static
ssd1306.c:509:6:SSD1306_DrawFilledTriangle	80	static
ssd1306.c:565:6:SSD1306_DrawCircle	56	static
ssd1306.c:599:6:SSD1306_DrawFilledCircle	64	static
ssd1306.c:648:6:ssd1306_I2C_Init	0	static
ssd1306.c:660:6:ssd1306_I2C_WriteMulti	32	static
ssd1306.c:665:6:ssd1306_I2C_Write	32	static
ssd1306.c:97:6:SSD1306_ScrollRight	16	static
ssd1306.c:109:6:SSD1306_ScrollLeft	16	static
ssd1306.c:121:6:SSD1306_Scrolldiagright	16	static
ssd1306.c:136:6:SSD1306_Scrolldiagleft	16	static
ssd1306.c:151:6:SSD1306_Stopscroll	0	static
ssd1306.c:156:6:SSD1306_MirrorVertically	0	static
ssd1306.c:164:6:SSD1306_MirrorHorizontally	0	static
ssd1306.c:172:6:SSD1306_InvertDisplay	0	static
ssd1306.c:278:6:SSD1306_UpdateScreen	16	static
ssd1306.c:630:6:SSD1306_Clear	8	static
ssd1306.c:203:9:SSD1306_Init	8	static
ssd1306.c:636:6:SSD1306_ON	8	static
ssd1306.c:642:6:SSD1306_OFF	8	static
