Archive member included to satisfy reference by file (symbol)

c:/program files (x86)/stmicroelectronics/stm32cubeide_1.3.0/stm32cubeide/plugins/com.st.stm32cube.ide.mcu.externaltools.gnu-tools-for-stm32.9-2020-q2-update.win32_2.0.0.202105311346/tools/bin/../lib/gcc/arm-none-eabi/9.3.1/../../../../arm-none-eabi/lib/thumb/v7-m/nofp\libc_nano.a(lib_a-errno.o)
                              ./Src/syscalls.o (__errno)
c:/program files (x86)/stmicroelectronics/stm32cubeide_1.3.0/stm32cubeide/plugins/com.st.stm32cube.ide.mcu.externaltools.gnu-tools-for-stm32.9-2020-q2-update.win32_2.0.0.202105311346/tools/bin/../lib/gcc/arm-none-eabi/9.3.1/../../../../arm-none-eabi/lib/thumb/v7-m/nofp\libc_nano.a(lib_a-exit.o)
                              c:/program files (x86)/stmicroelectronics/stm32cubeide_1.3.0/stm32cubeide/plugins/com.st.stm32cube.ide.mcu.externaltools.gnu-tools-for-stm32.9-2020-q2-update.win32_2.0.0.202105311346/tools/bin/../lib/gcc/arm-none-eabi/9.3.1/../../../../arm-none-eabi/lib/thumb/v7-m/nofp/crt0.o (exit)
c:/program files (x86)/stmicroelectronics/stm32cubeide_1.3.0/stm32cubeide/plugins/com.st.stm32cube.ide.mcu.externaltools.gnu-tools-for-stm32.9-2020-q2-update.win32_2.0.0.202105311346/tools/bin/../lib/gcc/arm-none-eabi/9.3.1/../../../../arm-none-eabi/lib/thumb/v7-m/nofp\libc_nano.a(lib_a-impure.o)
                              c:/program files (x86)/stmicroelectronics/stm32cubeide_1.3.0/stm32cubeide/plugins/com.st.stm32cube.ide.mcu.externaltools.gnu-tools-for-stm32.9-2020-q2-update.win32_2.0.0.202105311346/tools/bin/../lib/gcc/arm-none-eabi/9.3.1/../../../../arm-none-eabi/lib/thumb/v7-m/nofp\libc_nano.a(lib_a-exit.o) (_global_impure_ptr)
c:/program files (x86)/stmicroelectronics/stm32cubeide_1.3.0/stm32cubeide/plugins/com.st.stm32cube.ide.mcu.externaltools.gnu-tools-for-stm32.9-2020-q2-update.win32_2.0.0.202105311346/tools/bin/../lib/gcc/arm-none-eabi/9.3.1/../../../../arm-none-eabi/lib/thumb/v7-m/nofp\libc_nano.a(lib_a-init.o)
                              c:/program files (x86)/stmicroelectronics/stm32cubeide_1.3.0/stm32cubeide/plugins/com.st.stm32cube.ide.mcu.externaltools.gnu-tools-for-stm32.9-2020-q2-update.win32_2.0.0.202105311346/tools/bin/../lib/gcc/arm-none-eabi/9.3.1/../../../../arm-none-eabi/lib/thumb/v7-m/nofp/crt0.o (__libc_init_array)
c:/program files (x86)/stmicroelectronics/stm32cubeide_1.3.0/stm32cubeide/plugins/com.st.stm32cube.ide.mcu.externaltools.gnu-tools-for-stm32.9-2020-q2-update.win32_2.0.0.202105311346/tools/bin/../lib/gcc/arm-none-eabi/9.3.1/../../../../arm-none-eabi/lib/thumb/v7-m/nofp\libc_nano.a(lib_a-itoa.o)
                              ./Application/display.o (itoa)
c:/program files (x86)/stmicroelectronics/stm32cubeide_1.3.0/stm32cubeide/plugins/com.st.stm32cube.ide.mcu.externaltools.gnu-tools-for-stm32.9-2020-q2-update.win32_2.0.0.202105311346/tools/bin/../lib/gcc/arm-none-eabi/9.3.1/../../../../arm-none-eabi/lib/thumb/v7-m/nofp\libc_nano.a(lib_a-memset.o)
                              c:/program files (x86)/stmicroelectronics/stm32cubeide_1.3.0/stm32cubeide/plugins/com.st.stm32cube.ide.mcu.externaltools.gnu-tools-for-stm32.9-2020-q2-update.win32_2.0.0.202105311346/tools/bin/../lib/gcc/arm-none-eabi/9.3.1/../../../../arm-none-eabi/lib/thumb/v7-m/nofp/crt0.o (memset)
c:/program files (x86)/stmicroelectronics/stm32cubeide_1.3.0/stm32cubeide/plugins/com.st.stm32cube.ide.mcu.externaltools.gnu-tools-for-stm32.9-2020-q2-update.win32_2.0.0.202105311346/tools/bin/../lib/gcc/arm-none-eabi/9.3.1/../../../../arm-none-eabi/lib/thumb/v7-m/nofp\libc_nano.a(lib_a-printf.o)
                              ./Src/main.o (printf)
c:/program files (x86)/stmicroelectronics/stm32cubeide_1.3.0/stm32cubeide/plugins/com.st.stm32cube.ide.mcu.externaltools.gnu-tools-for-stm32.9-2020-q2-update.win32_2.0.0.202105311346/tools/bin/../lib/gcc/arm-none-eabi/9.3.1/../../../../arm-none-eabi/lib/thumb/v7-m/nofp\libc_nano.a(lib_a-puts.o)
                              ./Application/measurement.o (puts)
c:/program files (x86)/stmicroelectronics/stm32cubeide_1.3.0/stm32cubeide/plugins/com.st.stm32cube.ide.mcu.externaltools.gnu-tools-for-stm32.9-2020-q2-update.win32_2.0.0.202105311346/tools/bin/../lib/gcc/arm-none-eabi/9.3.1/../../../../arm-none-eabi/lib/thumb/v7-m/nofp\libc_nano.a(lib_a-strcat.o)
                              ./Application/display.o (strcat)
c:/program files (x86)/stmicroelectronics/stm32cubeide_1.3.0/stm32cubeide/plugins/com.st.stm32cube.ide.mcu.externaltools.gnu-tools-for-stm32.9-2020-q2-update.win32_2.0.0.202105311346/tools/bin/../lib/gcc/arm-none-eabi/9.3.1/../../../../arm-none-eabi/lib/thumb/v7-m/nofp\libc_nano.a(lib_a-strlen.o)
                              ./Application/display.o (strlen)
c:/program files (x86)/stmicroelectronics/stm32cubeide_1.3.0/stm32cubeide/plugins/com.st.stm32cube.ide.mcu.externaltools.gnu-tools-for-stm32.9-2020-q2-update.win32_2.0.0.202105311346/tools/bin/../lib/gcc/arm-none-eabi/9.3.1/../../../../arm-none-eabi/lib/thumb/v7-m/nofp\libc_nano.a(lib_a-utoa.o)
[...]
Memory Configuration

Name             Origin             Length             Attributes
RAM              0x0000000020000000 0x0000000000005000 xrw
FLASH            0x0000000008000000 0x0000000000010000 xr
*default*        0x0000000000000000 0xffffffffffffffff

Linker script and memory map

LOAD c:/program files (x86)/stmicroelectronics/stm32cubeide_1.3.0/stm32cubeide/plugins/com.st.stm32cube.ide.mcu.externaltools.gnu-tools-for-stm32.9-2020-q2-update.win32_2.0.0.202105311346/tools/bin/../lib/gcc/arm-none-eabi/9.3.1/thumb/v7-m/nofp/crti.o
LOAD c:/program files (x86)/stmicroelectronics/stm32cubeide_1.3.0/stm32cubeide/plugins/com.st.stm32cube.ide.mcu.externaltools.gnu-tools-for-stm32.9-2020-q2-update.win32_2.0.0.202105311346/tools/bin/../lib/gcc/arm-none-eabi/9.3.1/thumb/v7-m/nofp/crtbegin.o
LOAD c:/program files (x86)/stmicroelectronics/stm32cubeide_1.3.0/stm32cubeide/plugins/com.st.stm32cube.ide.mcu.externaltools.gnu-tools-for-stm32.9-2020-q2-update.win32_2.0.0.202105311346/tools/bin/../lib/gcc/arm-none-eabi/9.3.1/../../../../arm-none-eabi/lib/thumb/v7-m/nofp/crt0.o
LOAD ./Application/EEPROM.o
LOAD ./Application/bbb.o
LOAD ./Application/display.o
LOAD ./Application/fonts.o
LOAD ./Application/measurement.o
LOAD ./Application/motor.o
LOAD ./Application/ssd1306.o
LOAD ./Application/test.o
LOAD ./Application/utility.o
LOAD ./Drivers/STM32F1xx_HAL_Driver/Src/stm32f1xx_hal.o
LOAD ./Drivers/STM32F1xx_HAL_Driver/Src/stm32f1xx_hal_adc.o
LOAD ./Drivers/STM32F1xx_HAL_Driver/Src/stm32f1xx_hal_adc_ex.o
LOAD ./Drivers/STM32F1xx_HAL_Driver/Src/stm32f1xx_hal_cortex.o
LOAD ./Drivers/STM32F1xx_HAL_Driver/Src/stm32f1xx_hal_dma.o
LOAD ./Drivers/STM32F1xx_HAL_Driver/Src/stm32f1xx_hal_exti.o
LOAD ./Drivers/STM32F1xx_HAL_Driver/Src/stm32f1xx_hal_flash.o
LOAD ./Drivers/STM32F1xx_HAL_Driver/Src/stm32f1xx_hal_flash_ex.o
LOAD ./Drivers/STM32F1xx_HAL_Driver/Src/stm32f1xx_hal_gpio.o
LOAD ./Drivers/STM32F1xx_HAL_Driver/Src/stm32f1xx_hal_gpio_ex.o
LOAD ./Drivers/STM32F1xx_HAL_Driver/Src/stm32f1xx_hal_i2c.o
LOAD ./Drivers/STM32F1xx_HAL_Driver/Src/stm32f1xx_hal_pwr.o
LOAD ./Drivers/STM32F1xx_HAL_Driver/Src/stm32f1xx_hal_rcc.o
LOAD ./Drivers/STM32F1xx_HAL_Driver/Src/stm32f1xx_hal_rcc_ex.o
LOAD ./Drivers/STM32F1xx_HAL_Driver/Src/stm32f1xx_hal_tim.o
LOAD ./Drivers/STM32F1xx_HAL_Driver/Src/stm32f1xx_hal_tim_ex.o
LOAD ./Src/adc.o
LOAD ./Src/dma.o
LOAD ./Src/gpio.o
LOAD ./Src/i2c.o
LOAD ./Src/main.o
LOAD ./Src/stm32f1xx_hal_msp.o
LOAD ./Src/stm32f1xx_it.o
LOAD ./Src/syscalls.o
LOAD ./Src/sysmem.o
LOAD ./Src/system_stm32f1xx.o
LOAD ./Src/tim.o
LOAD ./Startup/startup_stm32f103c8tx.o
START GROUP
LOAD c:/program files (x86)/stmicroelectronics/stm32cubeide_1.3.0/stm32cubeide/plugins/com.st.stm32cube.ide.mcu.externaltools.gnu-tools-for-stm32.9-2020-q2-update.win32_2.0.0.202105311346/tools/bin/../lib/gcc/arm-none-eabi/9.3.1/../../../../arm-none-eabi/lib/thumb/v7-m/nofp\libc_nano.a
LOAD c:/program files (x86)/stmicroelectronics/stm32cubeide_1.3.0/stm32cubeide/plugins/com.st.stm32cube.ide.mcu.externaltools.gnu-tools-for-stm32.9-2020-q2-update.win32_2.0.0.202105311346/tools/bin/../lib/gcc/arm-none-eabi/9.3.1/../../../../arm-none-eabi/lib/thumb/v7-m/nofp\libm.a
END GROUP
START GROUP
LOAD c:/program files (x86)/stmicroelectronics/stm32cubeide_1.3.0/stm32cubeide/plugins/com.st.stm32cube.ide.mcu.externaltools.gnu-tools-for-stm32.9-2020-q2-update.win32_2.0.0.202105311346/tools/bin/../lib/gcc/arm-none-eabi/9.3.1/thumb/v7-m/nofp\libgcc.a
LOAD c:/program files (x86)/stmicroelectronics/stm32cubeide_1.3.0/stm32cubeide/plugins/com.st.stm32cube.ide.mcu.externaltools.gnu-tools-for-stm32.9-2020-q2-update.win32_2.0.0.202105311346/tools/bin/../lib/gcc/arm-none-eabi/9.3.1/../../../../arm-none-eabi/lib/thumb/v7-m/nofp\libc_nano.a
END GROUP
START GROUP
LOAD c:/program files (x86)/stmicroelectronics/stm32cubeide_1.3.0/stm32cubeide/plugins/com.st.stm32cube.ide.mcu.externaltools.gnu-tools-for-stm32.9-2020-q2-update.win32_2.0.0.202105311346/tools/bin/../lib/gcc/arm-none-eabi/9.3.1/thumb/v7-m/nofp\libgcc.a
LOAD c:/program files (x86)/stmicroelectronics/stm32cubeide_1.3.0/stm32cubeide/plugins/com.st.stm32cube.ide.mcu.externaltools.gnu-tools-for-stm32.9-2020-q2-update.win32_2.0.0.202105311346/tools/bin/../lib/gcc/arm-none-eabi/9.3.1/../../../../arm-none-eabi/lib/thumb/v7-m/nofp\libc_nano.a
LOAD c:/program files (x86)/stmicroelectronics/stm32cubeide_1.3.0/stm32cubeide/plugins/com.st.stm32cube.ide.mcu.externaltools.gnu-tools-for-stm32.9-2020-q2-update.win32_2.0.0.202105311346/tools/bin/../lib/gcc/arm-none-eabi/9.3.1/../../../../arm-none-eabi/lib/thumb/v7-m/nofp\libnosys.a
END GROUP
START GROUP
LOAD c:/program files (x86)/stmicroelectronics/stm32cubeide_1.3.0/stm32cubeide/plugins/com.st.stm32cube.ide.mcu.externaltools.gnu-tools-for-stm32.9-2020-q2-update.win32_2.0.0.202105311346/tools/bin/../lib/gcc/arm-none-eabi/9.3.1/thumb/v7-m/nofp\libgcc.a
LOAD c:/program files (x86)/stmicroelectronics/stm32cubeide_1.3.0/stm32cubeide/plugins/com.st.stm32cube.ide.mcu.externaltools.gnu-tools-for-stm32.9-2020-q2-update.win32_2.0.0.202105311346/tools/bin/../lib/gcc/arm-none-eabi/9.3.1/../../../../arm-none-eabi/lib/thumb/v7-m/nofp\libc_nano.a
LOAD c:/program files (x86)/stmicroelectronics/stm32cubeide_1.3.0/stm32cubeide/plugins/com.st.stm32cube.ide.mcu.externaltools.gnu-tools-for-stm32.9-2020-q2-update.win32_2.0.0.202105311346/tools/bin/../lib/gcc/arm-none-eabi/9.3.1/../../../../arm-none-eabi/lib/thumb/v7-m/nofp\libnosys.a
END GROUP
LOAD c:/program files (x86)/stmicroelectronics/stm32cubeide_1.3.0/stm32cubeide/plugins/com.st.stm32cube.ide.mcu.externaltools.gnu-tools-for-stm32.9-2020-q2-update.win32_2.0.0.202105311346/tools/bin/../lib/gcc/arm-none-eabi/9.3.1/thumb/v7-m/nofp/crtend.o
LOAD c:/program files (x86)/stmicroelectronics/stm32cubeide_1.3.0/stm32cubeide/plugins/com.st.stm32cube.ide.mcu.externaltools.gnu-tools-for-stm32.9-2020-q2-update.win32_2.0.0.202105311346/tools/bin/../lib/gcc/arm-none-eabi/9.3.1/thumb/v7-m/nofp/crtn.o
                0x0000000020005000                _estack = (ORIGIN (RAM) + LENGTH (RAM))
                0x0000000000000200                _Min_Heap_Size = 0x200
                0x0000000000000400                _Min_Stack_Size = 0x400

.isr_vector     0x0000000008000000      0x10c
                0x0000000008000000                . = ALIGN (0x4)
 *(.isr_vector)
 .isr_vector    0x0000000008000000      0x10c ./Startup/startup_stm32f103c8tx.o
                0x0000000008000000                g_pfnVectors
                0x000000000800010c                . = ALIGN (0x4)

.text           0x000000000800010c     0x77d4
                0x000000000800010c                . = ALIGN (0x4)
 *(.text)
 .text          0x000000000800010c       0x40 c:/program files (x86)/stmicroelectronics/stm32cubeide_1.3.0/stm32cubeide/plugins/com.st.stm32cube.ide.mcu.externaltools.gnu-tools-for-stm32.9-2020-q2-update.win32_2.0.0.202105311346/tools/bin/../lib/gcc/arm-none-eabi/9.3.1/thumb/v7-m/nofp/crtbegin.o
 .text          0x000000000800014c       0x10 c:/program files (x86)/stmicroelectronics/stm32cubeide_1.3.0/stm32cubeide/plugins/com.st.stm32cube.ide.mcu.externaltools.gnu-tools-for-stm32.9-2020-q2-update.win32_2.0.0.202105311346/tools/bin/../lib/gcc/arm-none-eabi/9.3.1/../../../../arm-none-eabi/lib/thumb/v7-m/nofp\libc_nano.a(lib_a-strlen.o)
                0x000000000800014c                strlen
 .text          0x000000000800015c      0x378 c:/program files (x86)/stmicroelectronics/stm32cubeide_1.3.0/stm32cubeide/plugins/com.st.stm32cube.ide.mcu.externaltools.gnu-tools-for-stm32.9-2020-q2-update.win32_2.0.0.202105311346/tools/bin/../lib/gcc/arm-none-eabi/9.3.1/thumb/v7-m/nofp\libgcc.a(_arm_addsubdf3.o)
                0x000000000800015c                __aeabi_drsub
                0x0000000008000164                __aeabi_dsub
                0x0000000008000164                __subdf3
                0x0000000008000168                __aeabi_dadd
                0x0000000008000168                __adddf3
                0x00000000080003e0                __floatunsidf
                0x00000000080003e0                __aeabi_ui2d
                0x0000000008000400                __floatsidf
                0x0000000008000400                __aeabi_i2d
                0x0000000008000424                __aeabi_f2d
                0x0000000008000424                __extendsfdf2
                0x0000000008000468                __floatundidf
                0x0000000008000468                __aeabi_ul2d
                0x0000000008000478                __floatdidf
                0x0000000008000478                __aeabi_l2d
 .text          0x00000000080004d4      0x424 c:/program files (x86)/stmicroelectronics/stm32cubeide_1.3.0/stm32cubeide/plugins/com.st.stm32cube.ide.mcu.externaltools.gnu-tools-for-stm32.9-2020-q2-update.win32_2.0.0.202105311346/tools/bin/../lib/gcc/arm-none-eabi/9.3.1/thumb/v7-m/nofp\libgcc.a(_arm_muldivdf3.o)
                0x00000000080004d4                __aeabi_dmul
                0x00000000080004d4                __muldf3
                0x0000000008000728                __divdf3
                0x0000000008000728                __aeabi_ddiv
 .text          0x00000000080008f8      0x110 c:/program files (x86)/stmicroelectronics/stm32cubeide_1.3.0/stm32cubeide/plugins/com.st.stm32cube.ide.mcu.externaltools.gnu-tools-for-stm32.9-2020-q2-update.win32_2.0.0.202105311346/tools/bin/../lib/gcc/arm-none-eabi/9.3.1/thumb/v7-m/nofp\libgcc.a(_arm_cmpdf2.o)
                0x00000000080008f8                __gtdf2
                0x00000000080008f8                __gedf2
                0x0000000008000900                __ltdf2
                0x0000000008000900                __ledf2
                0x0000000008000908                __nedf2
                0x0000000008000908                __eqdf2
                0x0000000008000908                __cmpdf2
                0x0000000008000984                __aeabi_cdrcmple
                0x0000000008000994                __aeabi_cdcmpeq
                0x0000000008000994                __aeabi_cdcmple
                0x00000000080009a4                __aeabi_dcmpeq
                0x00000000080009b8                __aeabi_dcmplt
                0x00000000080009cc                __aeabi_dcmple
                0x00000000080009e0                __aeabi_dcmpge
                0x00000000080009f4                __aeabi_dcmpgt
 .text          0x0000000008000a08      0x21c c:/program files (x86)/stmicroelectronics/stm32cubeide_1.3.0/stm32cubeide/plugins/com.st.stm32cube.ide.mcu.externaltools.gnu-tools-for-stm32.9-2020-q2-update.win32_2.0.0.202105311346/tools/bin/../lib/gcc/arm-none-eabi/9.3.1/thumb/v7-m/nofp\libgcc.a(_arm_addsubsf3.o)
                0x0000000008000a08                __aeabi_frsub
                0x0000000008000a10                __subsf3
                0x0000000008000a10                __aeabi_fsub
                0x0000000008000a14                __aeabi_fadd
                0x0000000008000a14                __addsf3
                0x0000000008000b74                __aeabi_ui2f
                0x0000000008000b74                __floatunsisf
                0x0000000008000b7c                __aeabi_i2f
                0x0000000008000b7c                __floatsisf
                0x0000000008000b98                __aeabi_ul2f
                0x0000000008000b98                __floatundisf
                0x0000000008000ba8                __aeabi_l2f
                0x0000000008000ba8                __floatdisf
 .text          0x0000000008000c24      0x2a0 c:/program files (x86)/stmicroelectronics/stm32cubeide_1.3.0/stm32cubeide/plugins/com.st.stm32cube.ide.mcu.externaltools.gnu-tools-for-stm32.9-2020-q2-update.win32_2.0.0.202105311346/tools/bin/../lib/gcc/arm-none-eabi/9.3.1/thumb/v7-m/nofp\libgcc.a(_arm_muldivsf3.o)
                0x0000000008000c24                __mulsf3
                0x0000000008000c24                __aeabi_fmul
                0x0000000008000d8c                __aeabi_fdiv
                0x0000000008000d8c                __divsf3
 .text          0x0000000008000ec4       0xec c:/program files (x86)/stmicroelectronics/stm32cubeide_1.3.0/stm32cubeide/plugins/com.st.stm32cube.ide.mcu.externaltools.gnu-tools-for-stm32.9-2020-q2-update.win32_2.0.0.202105311346/tools/bin/../lib/gcc/arm-none-eabi/9.3.1/thumb/v7-m/nofp\libgcc.a(_arm_cmpsf2.o)
                0x0000000008000ec4                __gesf2
                0x0000000008000ec4                __gtsf2
                0x0000000008000ecc                __lesf2
                0x0000000008000ecc                __ltsf2
                0x0000000008000ed4                __nesf2
                0x0000000008000ed4                __eqsf2
                0x0000000008000ed4                __cmpsf2
                0x0000000008000f34                __aeabi_cfrcmple
                0x0000000008000f3c                __aeabi_cfcmpeq
                0x0000000008000f3c                __aeabi_cfcmple
                0x0000000008000f4c                __aeabi_fcmpeq
                0x0000000008000f60                __aeabi_fcmplt
                0x0000000008000f74                __aeabi_fcmple
                0x0000000008000f88                __aeabi_fcmpge
                0x0000000008000f9c                __aeabi_fcmpgt
 .text          0x0000000008000fb0       0x4c c:/program files (x86)/stmicroelectronics/stm32cubeide_1.3.0/stm32cubeide/plugins/com.st.stm32cube.ide.mcu.externaltools.gnu-tools-for-stm32.9-2020-q2-update.win32_2.0.0.202105311346/tools/bin/../lib/gcc/arm-none-eabi/9.3.1/thumb/v7-m/nofp\libgcc.a(_arm_fixsfsi.o)
                0x0000000008000fb0                __aeabi_f2iz
                0x0000000008000fb0                __fixsfsi
 *(.text*)
 .text.FLASH_Unlock
                0x0000000008000ffc       0x18 ./Application/EEPROM.o
                0x0000000008000ffc                FLASH_Unlock
 .text.FLASH_GetStatus
                0x0000000008001014       0x40 ./Application/EEPROM.o
                0x0000000008001014                FLASH_GetStatus
 .text.FLASH_WaitForLastOperation_
                0x0000000008001054       0x34 ./Application/EEPROM.o
                0x0000000008001054                FLASH_WaitForLastOperation_
 .text.FLASH_ErasePage
                0x0000000008001088       0x48 ./Application/EEPROM.o
                0x0000000008001088                FLASH_ErasePage
 .text.FLASH_ProgramHalfWord
                0x00000000080010d0       0x50 ./Application/EEPROM.o
                0x00000000080010d0                FLASH_ProgramHalfWord
 .text.EE_CheckPage
                0x0000000008001120       0x40 ./Application/EEPROM.o
                0x0000000008001120                EE_CheckPage
 .text.EE_ErasePage
                0x0000000008001160       0x3e ./Application/EEPROM.o
                0x0000000008001160                EE_ErasePage
 .text.EE_CheckErasePage
                0x000000000800119e       0x2a ./Application/EEPROM.o
                0x000000000800119e                EE_CheckErasePage
 .text.EE_Format
                0x00000000080011c8       0x48 ./Application/EEPROM.o
                0x00000000080011c8                EE_Format
 .text.EE_FindValidPage
                0x0000000008001210       0x54 ./Application/EEPROM.o
                0x0000000008001210                EE_FindValidPage
 .text.EE_GetVariablesCount
                0x0000000008001264       0x44 ./Application/EEPROM.o
                0x0000000008001264                EE_GetVariablesCount
 .text.EE_PageTransfer
                0x00000000080012a8       0xbc ./Application/EEPROM.o
                0x00000000080012a8                EE_PageTransfer
 .text.EE_Init  0x0000000008001364      0x160 ./Application/EEPROM.o
                0x0000000008001364                EE_Init
 .text.EE_Read  0x00000000080014c4       0x60 ./Application/EEPROM.o
                0x00000000080014c4                EE_Read
 .text.EE_VerifyPageFullWriteVariable
                0x0000000008001524      0x100 ./Application/EEPROM.o
                0x0000000008001524                EE_VerifyPageFullWriteVariable
 .text.EE_Write
                0x0000000008001624       0x38 ./Application/EEPROM.o
                0x0000000008001624                EE_Write
 .text.bbb_Init
                0x000000000800165c        0x2 ./Application/bbb.o
                0x000000000800165c                bbb_Init
 *fill*         0x000000000800165e        0x2 
 .text.bbb_Update
                0x0000000008001660      0x100 ./Application/bbb.o
                0x0000000008001660                bbb_Update
 .text.bbb_GetBtnStates
                0x0000000008001760       0x54 ./Application/bbb.o
                0x0000000008001760                bbb_GetBtnStates
 .text.bbb_GetPushBtnState
                0x00000000080017b4        0x8 ./Application/bbb.o
                0x00000000080017b4                bbb_GetPushBtnState
 .text.bbb_GetPullBtnState
                0x00000000080017bc        0x8 ./Application/bbb.o
                0x00000000080017bc                bbb_GetPullBtnState
 .text.bbb_GetCfgBtnState
                0x00000000080017c4        0x8 ./Application/bbb.o
                0x00000000080017c4                bbb_GetCfgBtnState
 .text.bbb_WaitSync
                0x00000000080017cc       0x14 ./Application/bbb.o
                0x00000000080017cc                bbb_WaitSync
 .text.bbb_WaitSyncCond
                0x00000000080017e0       0x20 ./Application/bbb.o
                0x00000000080017e0                bbb_WaitSyncCond
 .text.bbb_Beep
                0x0000000008001800       0x58 ./Application/bbb.o
                0x0000000008001800                bbb_Beep
 .text.bbb_Melody4
                0x0000000008001858       0x4c ./Application/bbb.o
                0x0000000008001858                bbb_Melody4
 .text.disp_DrawFrame
                0x00000000080018a4       0x72 ./Application/display.o
                0x00000000080018a4                disp_DrawFrame
 *fill*         0x0000000008001916        0x2 
 .text.disp_DrawInitScreen
                0x0000000008001918       0x68 ./Application/display.o
                0x0000000008001918                disp_DrawInitScreen
 .text.floatToString
                0x0000000008001980      0x1dc ./Application/display.o
                0x0000000008001980                floatToString
 .text.disp_DrawScreen
                0x0000000008001b5c      0x130 ./Application/display.o
                0x0000000008001b5c                disp_DrawScreen
 .text.meas_Init
                0x0000000008001c8c       0x44 ./Application/measurement.o
                0x0000000008001c8c                meas_Init
 .text.HAL_ADC_ConvCpltCallback
                0x0000000008001cd0       0x9c ./Application/measurement.o
                0x0000000008001cd0                HAL_ADC_ConvCpltCallback
 .text.HAL_ADC_ErrorCallback
                0x0000000008001d6c       0x10 ./Application/measurement.o
                0x0000000008001d6c                HAL_ADC_ErrorCallback
 .text.mo_SetSpeed
                0x0000000008001d7c       0xcc ./Application/motor.o
                0x0000000008001d7c                mo_SetSpeed
 .text.SSD1306_Fill
                0x0000000008001e48       0x1c ./Application/ssd1306.o
                0x0000000008001e48                SSD1306_Fill
 .text.SSD1306_DrawPixel
                0x0000000008001e64       0x54 ./Application/ssd1306.o
                0x0000000008001e64                SSD1306_DrawPixel
 .text.SSD1306_GotoXY
                0x0000000008001eb8        0xc ./Application/ssd1306.o
                0x0000000008001eb8                SSD1306_GotoXY
 .text.SSD1306_Putc
                0x0000000008001ec4       0x9c ./Application/ssd1306.o
                0x0000000008001ec4                SSD1306_Putc
 .text.SSD1306_Puts
                0x0000000008001f60       0x22 ./Application/ssd1306.o
                0x0000000008001f60                SSD1306_Puts
 *fill*         0x0000000008001f82        0x2 
 .text.ssd1306_I2C_Write
                0x0000000008001f84       0x2c ./Application/ssd1306.o
                0x0000000008001f84                ssd1306_I2C_Write
 .text.SSD1306_UpdateScreen
                0x0000000008001fb0       0x70 ./Application/ssd1306.o
                0x0000000008001fb0                SSD1306_UpdateScreen
 .text.SSD1306_Init
                0x0000000008002020      0x148 ./Application/ssd1306.o
                0x0000000008002020                SSD1306_Init
 .text.HAL_InitTick
                0x0000000008002168       0x4c ./Drivers/STM32F1xx_HAL_Driver/Src/stm32f1xx_hal.o
                0x0000000008002168                HAL_InitTick
 .text.HAL_Init
                0x00000000080021b4       0x24 ./Drivers/STM32F1xx_HAL_Driver/Src/stm32f1xx_hal.o
                0x00000000080021b4                HAL_Init
 .text.HAL_IncTick
                0x00000000080021d8       0x18 ./Drivers/STM32F1xx_HAL_Driver/Src/stm32f1xx_hal.o
                0x00000000080021d8                HAL_IncTick
 .text.HAL_GetTick
                0x00000000080021f0        0xc ./Drivers/STM32F1xx_HAL_Driver/Src/stm32f1xx_hal.o
                0x00000000080021f0                HAL_GetTick
 .text.HAL_Delay
                0x00000000080021fc       0x28 ./Drivers/STM32F1xx_HAL_Driver/Src/stm32f1xx_hal.o
                0x00000000080021fc                HAL_Delay
 .text.ADC_DMAConvCplt
                0x0000000008002224       0x52 ./Drivers/STM32F1xx_HAL_Driver/Src/stm32f1xx_hal_adc.o
                0x0000000008002224                ADC_DMAConvCplt
 .text.HAL_ADC_ConvHalfCpltCallback
                0x0000000008002276        0x2 ./Drivers/STM32F1xx_HAL_Driver/Src/stm32f1xx_hal_adc.o
                0x0000000008002276                HAL_ADC_ConvHalfCpltCallback
 .text.ADC_DMAHalfConvCplt
                0x0000000008002278        0xa ./Drivers/STM32F1xx_HAL_Driver/Src/stm32f1xx_hal_adc.o
                0x0000000008002278                ADC_DMAHalfConvCplt
 .text.HAL_ADC_LevelOutOfWindowCallback
                0x0000000008002282        0x2 ./Drivers/STM32F1xx_HAL_Driver/Src/stm32f1xx_hal_adc.o
                0x0000000008002282                HAL_ADC_LevelOutOfWindowCallback
 .text.HAL_ADC_IRQHandler
                0x0000000008002284      0x10c ./Drivers/STM32F1xx_HAL_Driver/Src/stm32f1xx_hal_adc.o
                0x0000000008002284                HAL_ADC_IRQHandler
 .text.ADC_DMAError
                0x0000000008002390       0x1a ./Drivers/STM32F1xx_HAL_Driver/Src/stm32f1xx_hal_adc.o
                0x0000000008002390                ADC_DMAError
 *fill*         0x00000000080023aa        0x2 
 .text.HAL_ADC_ConfigChannel
                0x00000000080023ac      0x138 ./Drivers/STM32F1xx_HAL_Driver/Src/stm32f1xx_hal_adc.o
                0x00000000080023ac                HAL_ADC_ConfigChannel
 .text.ADC_Enable
                0x00000000080024e4       0x88 ./Drivers/STM32F1xx_HAL_Driver/Src/stm32f1xx_hal_adc.o
                0x00000000080024e4                ADC_Enable
 .text.HAL_ADC_Start_DMA
                0x000000000800256c      0x130 ./Drivers/STM32F1xx_HAL_Driver/Src/stm32f1xx_hal_adc.o
                0x000000000800256c                HAL_ADC_Start_DMA
 .text.ADC_ConversionStop_Disable
                0x000000000800269c       0x56 ./Drivers/STM32F1xx_HAL_Driver/Src/stm32f1xx_hal_adc.o
                0x000000000800269c                ADC_ConversionStop_Disable
 *fill*         0x00000000080026f2        0x2 
 .text.HAL_ADC_Init
                0x00000000080026f4      0x108 ./Drivers/STM32F1xx_HAL_Driver/Src/stm32f1xx_hal_adc.o
                0x00000000080026f4                HAL_ADC_Init
 .text.HAL_ADCEx_Calibration_Start
                0x00000000080027fc      0x100 ./Drivers/STM32F1xx_HAL_Driver/Src/stm32f1xx_hal_adc_ex.o
                0x00000000080027fc                HAL_ADCEx_Calibration_Start
 .text.HAL_ADCEx_InjectedConvCpltCallback
                0x00000000080028fc        0x2 ./Drivers/STM32F1xx_HAL_Driver/Src/stm32f1xx_hal_adc_ex.o
                0x00000000080028fc                HAL_ADCEx_InjectedConvCpltCallback
 *fill*         0x00000000080028fe        0x2 
 .text.HAL_NVIC_SetPriorityGrouping
                0x0000000008002900       0x24 ./Drivers/STM32F1xx_HAL_Driver/Src/stm32f1xx_hal_cortex.o
                0x0000000008002900                HAL_NVIC_SetPriorityGrouping
 .text.HAL_NVIC_SetPriority
                0x0000000008002924       0x68 ./Drivers/STM32F1xx_HAL_Driver/Src/stm32f1xx_hal_cortex.o
                0x0000000008002924                HAL_NVIC_SetPriority
 .text.HAL_NVIC_EnableIRQ
                0x000000000800298c       0x1c ./Drivers/STM32F1xx_HAL_Driver/Src/stm32f1xx_hal_cortex.o
                0x000000000800298c                HAL_NVIC_EnableIRQ
 .text.HAL_SYSTICK_Config
                0x00000000080029a8       0x2c ./Drivers/STM32F1xx_HAL_Driver/Src/stm32f1xx_hal_cortex.o
                0x00000000080029a8                HAL_SYSTICK_Config
 .text.DMA_SetConfig
                0x00000000080029d4       0x2c ./Drivers/STM32F1xx_HAL_Driver/Src/stm32f1xx_hal_dma.o
 .text.HAL_DMA_Init
                0x0000000008002a00       0x6c ./Drivers/STM32F1xx_HAL_Driver/Src/stm32f1xx_hal_dma.o
                0x0000000008002a00                HAL_DMA_Init
 .text.HAL_DMA_Start_IT
                0x0000000008002a6c       0x74 ./Drivers/STM32F1xx_HAL_Driver/Src/stm32f1xx_hal_dma.o
                0x0000000008002a6c                HAL_DMA_Start_IT
 .text.HAL_DMA_Abort_IT
                0x0000000008002ae0       0x98 ./Drivers/STM32F1xx_HAL_Driver/Src/stm32f1xx_hal_dma.o
                0x0000000008002ae0                HAL_DMA_Abort_IT
 .text.HAL_DMA_IRQHandler
                0x0000000008002b78      0x144 ./Drivers/STM32F1xx_HAL_Driver/Src/stm32f1xx_hal_dma.o
                0x0000000008002b78                HAL_DMA_IRQHandler
 .text.HAL_DMA_GetState
                0x0000000008002cbc        0x6 ./Drivers/STM32F1xx_HAL_Driver/Src/stm32f1xx_hal_dma.o
                0x0000000008002cbc                HAL_DMA_GetState
 *fill*         0x0000000008002cc2        0x2 
 .text.HAL_GPIO_Init
                0x0000000008002cc4      0x220 ./Drivers/STM32F1xx_HAL_Driver/Src/stm32f1xx_hal_gpio.o
                0x0000000008002cc4                HAL_GPIO_Init
 .text.HAL_GPIO_WritePin
                0x0000000008002ee4        0xc ./Drivers/STM32F1xx_HAL_Driver/Src/stm32f1xx_hal_gpio.o
                0x0000000008002ee4                HAL_GPIO_WritePin
 .text.HAL_GPIO_TogglePin
                0x0000000008002ef0       0x12 ./Drivers/STM32F1xx_HAL_Driver/Src/stm32f1xx_hal_gpio.o
                0x0000000008002ef0                HAL_GPIO_TogglePin
 .text.I2C_Master_SB
                0x0000000008002f02       0xa8 ./Drivers/STM32F1xx_HAL_Driver/Src/stm32f1xx_hal_i2c.o
 .text.I2C_Master_ADD10
                0x0000000008002faa       0x2a ./Drivers/STM32F1xx_HAL_Driver/Src/stm32f1xx_hal_i2c.o
 .text.I2C_Master_ADDR
                0x0000000008002fd4      0x216 ./Drivers/STM32F1xx_HAL_Driver/Src/stm32f1xx_hal_i2c.o
 .text.I2C_SlaveTransmit_BTF
                0x00000000080031ea       0x20 ./Drivers/STM32F1xx_HAL_Driver/Src/stm32f1xx_hal_i2c.o
 .text.I2C_SlaveReceive_BTF
                0x000000000800320a       0x20 ./Drivers/STM32F1xx_HAL_Driver/Src/stm32f1xx_hal_i2c.o
 *fill*         0x000000000800322a        0x2 
 .text.I2C_WaitOnSTOPRequestThroughIT
                0x000000000800322c       0x48 ./Drivers/STM32F1xx_HAL_Driver/Src/stm32f1xx_hal_i2c.o
 .text.I2C_IsAcknowledgeFailed
                0x0000000008003274       0x32 ./Drivers/STM32F1xx_HAL_Driver/Src/stm32f1xx_hal_i2c.o
 .text.I2C_ConvertOtherXferOptions
                0x00000000080032a6       0x1e ./Drivers/STM32F1xx_HAL_Driver/Src/stm32f1xx_hal_i2c.o
 .text.I2C_WaitOnFlagUntilTimeout
                0x00000000080032c4       0x74 ./Drivers/STM32F1xx_HAL_Driver/Src/stm32f1xx_hal_i2c.o
 .text.I2C_WaitOnMasterAddressFlagUntilTimeout
                0x0000000008003338       0xaa ./Drivers/STM32F1xx_HAL_Driver/Src/stm32f1xx_hal_i2c.o
 .text.I2C_WaitOnTXEFlagUntilTimeout
                0x00000000080033e2       0x54 ./Drivers/STM32F1xx_HAL_Driver/Src/stm32f1xx_hal_i2c.o
 *fill*         0x0000000008003436        0x2 
 .text.I2C_RequestMemoryWrite
                0x0000000008003438       0xd8 ./Drivers/STM32F1xx_HAL_Driver/Src/stm32f1xx_hal_i2c.o
 .text.I2C_WaitOnBTFFlagUntilTimeout
                0x0000000008003510       0x54 ./Drivers/STM32F1xx_HAL_Driver/Src/stm32f1xx_hal_i2c.o
 .text.HAL_I2C_Init
                0x0000000008003564      0x1bc ./Drivers/STM32F1xx_HAL_Driver/Src/stm32f1xx_hal_i2c.o
                0x0000000008003564                HAL_I2C_Init
 .text.HAL_I2C_Mem_Write
                0x0000000008003720      0x164 ./Drivers/STM32F1xx_HAL_Driver/Src/stm32f1xx_hal_i2c.o
                0x0000000008003720                HAL_I2C_Mem_Write
 .text.HAL_I2C_Mem_Write_DMA
                0x0000000008003884      0x1c8 ./Drivers/STM32F1xx_HAL_Driver/Src/stm32f1xx_hal_i2c.o
                0x0000000008003884                HAL_I2C_Mem_Write_DMA
 .text.HAL_I2C_IsDeviceReady
                0x0000000008003a4c      0x194 ./Drivers/STM32F1xx_HAL_Driver/Src/stm32f1xx_hal_i2c.o
                0x0000000008003a4c                HAL_I2C_IsDeviceReady
 .text.HAL_I2C_MasterTxCpltCallback
                0x0000000008003be0        0x2 ./Drivers/STM32F1xx_HAL_Driver/Src/stm32f1xx_hal_i2c.o
                0x0000000008003be0                HAL_I2C_MasterTxCpltCallback
 .text.HAL_I2C_MasterRxCpltCallback
                0x0000000008003be2        0x2 ./Drivers/STM32F1xx_HAL_Driver/Src/stm32f1xx_hal_i2c.o
                0x0000000008003be2                HAL_I2C_MasterRxCpltCallback
 .text.HAL_I2C_SlaveTxCpltCallback
                0x0000000008003be4        0x2 ./Drivers/STM32F1xx_HAL_Driver/Src/stm32f1xx_hal_i2c.o
                0x0000000008003be4                HAL_I2C_SlaveTxCpltCallback
 .text.I2C_SlaveTransmit_TXE
                0x0000000008003be6       0x4c ./Drivers/STM32F1xx_HAL_Driver/Src/stm32f1xx_hal_i2c.o
 .text.HAL_I2C_SlaveRxCpltCallback
                0x0000000008003c32        0x2 ./Drivers/STM32F1xx_HAL_Driver/Src/stm32f1xx_hal_i2c.o
                0x0000000008003c32                HAL_I2C_SlaveRxCpltCallback
 .text.I2C_SlaveReceive_RXNE
                0x0000000008003c34       0x4c ./Drivers/STM32F1xx_HAL_Driver/Src/stm32f1xx_hal_i2c.o
 .text.HAL_I2C_AddrCallback
                0x0000000008003c80        0x2 ./Drivers/STM32F1xx_HAL_Driver/Src/stm32f1xx_hal_i2c.o
                0x0000000008003c80                HAL_I2C_AddrCallback
 .text.I2C_Slave_ADDR
                0x0000000008003c82       0x5a ./Drivers/STM32F1xx_HAL_Driver/Src/stm32f1xx_hal_i2c.o
 .text.HAL_I2C_ListenCpltCallback
                0x0000000008003cdc        0x2 ./Drivers/STM32F1xx_HAL_Driver/Src/stm32f1xx_hal_i2c.o
                0x0000000008003cdc                HAL_I2C_ListenCpltCallback
 .text.I2C_MasterTransmit_BTF
                0x0000000008003cde       0x9e ./Drivers/STM32F1xx_HAL_Driver/Src/stm32f1xx_hal_i2c.o
 .text.I2C_MemoryTransmit_TXE_BTF
                0x0000000008003d7c       0xbe ./Drivers/STM32F1xx_HAL_Driver/Src/stm32f1xx_hal_i2c.o
 .text.I2C_MasterTransmit_TXE
                0x0000000008003e3a       0xd0 ./Drivers/STM32F1xx_HAL_Driver/Src/stm32f1xx_hal_i2c.o
 .text.HAL_I2C_MemRxCpltCallback
                0x0000000008003f0a        0x2 ./Drivers/STM32F1xx_HAL_Driver/Src/stm32f1xx_hal_i2c.o
                0x0000000008003f0a                HAL_I2C_MemRxCpltCallback
 .text.I2C_MasterReceive_BTF
                0x0000000008003f0c      0x128 ./Drivers/STM32F1xx_HAL_Driver/Src/stm32f1xx_hal_i2c.o
 .text.I2C_DMAError
                0x0000000008004034       0x3a ./Drivers/STM32F1xx_HAL_Driver/Src/stm32f1xx_hal_i2c.o
 .text.I2C_DMAXferCplt
                0x000000000800406e      0x122 ./Drivers/STM32F1xx_HAL_Driver/Src/stm32f1xx_hal_i2c.o
 .text.I2C_MasterReceive_RXNE
                0x0000000008004190       0xec ./Drivers/STM32F1xx_HAL_Driver/Src/stm32f1xx_hal_i2c.o
 .text.HAL_I2C_AbortCpltCallback
                0x000000000800427c        0x2 ./Drivers/STM32F1xx_HAL_Driver/Src/stm32f1xx_hal_i2c.o
                0x000000000800427c                HAL_I2C_AbortCpltCallback
 *fill*         0x000000000800427e        0x2 
 .text.I2C_DMAAbort
                0x0000000008004280       0xe4 ./Drivers/STM32F1xx_HAL_Driver/Src/stm32f1xx_hal_i2c.o
 .text.I2C_ITError
                0x0000000008004364      0x174 ./Drivers/STM32F1xx_HAL_Driver/Src/stm32f1xx_hal_i2c.o
 .text.I2C_Slave_STOPF
                0x00000000080044d8      0x18c ./Drivers/STM32F1xx_HAL_Driver/Src/stm32f1xx_hal_i2c.o
 .text.HAL_I2C_EV_IRQHandler
                0x0000000008004664      0x1a0 ./Drivers/STM32F1xx_HAL_Driver/Src/stm32f1xx_hal_i2c.o
                0x0000000008004664                HAL_I2C_EV_IRQHandler
 .text.HAL_I2C_GetState
                0x0000000008004804        0x6 ./Drivers/STM32F1xx_HAL_Driver/Src/stm32f1xx_hal_i2c.o
                0x0000000008004804                HAL_I2C_GetState
 *fill*         0x000000000800480a        0x2 
 .text.RCC_Delay
                0x000000000800480c       0x2c ./Drivers/STM32F1xx_HAL_Driver/Src/stm32f1xx_hal_rcc.o
 .text.HAL_RCC_OscConfig
                0x0000000008004838      0x410 ./Drivers/STM32F1xx_HAL_Driver/Src/stm32f1xx_hal_rcc.o
                0x0000000008004838                HAL_RCC_OscConfig
 .text.HAL_RCC_GetSysClockFreq
                0x0000000008004c48       0x78 ./Drivers/STM32F1xx_HAL_Driver/Src/stm32f1xx_hal_rcc.o
                0x0000000008004c48                HAL_RCC_GetSysClockFreq
 .text.HAL_RCC_ClockConfig
                0x0000000008004cc0      0x16c ./Drivers/STM32F1xx_HAL_Driver/Src/stm32f1xx_hal_rcc.o
                0x0000000008004cc0                HAL_RCC_ClockConfig
 .text.HAL_RCC_GetHCLKFreq
                0x0000000008004e2c        0xc ./Drivers/STM32F1xx_HAL_Driver/Src/stm32f1xx_hal_rcc.o
                0x0000000008004e2c                HAL_RCC_GetHCLKFreq
 .text.HAL_RCC_GetPCLK1Freq
                0x0000000008004e38       0x20 ./Drivers/STM32F1xx_HAL_Driver/Src/stm32f1xx_hal_rcc.o
                0x0000000008004e38                HAL_RCC_GetPCLK1Freq
 .text.HAL_RCC_GetPCLK2Freq
                0x0000000008004e58       0x20 ./Drivers/STM32F1xx_HAL_Driver/Src/stm32f1xx_hal_rcc.o
                0x0000000008004e58                HAL_RCC_GetPCLK2Freq
 .text.HAL_RCCEx_PeriphCLKConfig
                0x0000000008004e78      0x114 ./Drivers/STM32F1xx_HAL_Driver/Src/stm32f1xx_hal_rcc_ex.o
                0x0000000008004e78                HAL_RCCEx_PeriphCLKConfig
 .text.HAL_RCCEx_GetPeriphCLKFreq
                0x0000000008004f8c       0xf8 ./Drivers/STM32F1xx_HAL_Driver/Src/stm32f1xx_hal_rcc_ex.o
                0x0000000008004f8c                HAL_RCCEx_GetPeriphCLKFreq
 .text.TIM_OC1_SetConfig
                0x0000000008005084       0x5c ./Drivers/STM32F1xx_HAL_Driver/Src/stm32f1xx_hal_tim.o
 .text.TIM_OC3_SetConfig
                0x00000000080050e0       0x64 ./Drivers/STM32F1xx_HAL_Driver/Src/stm32f1xx_hal_tim.o
 .text.TIM_OC4_SetConfig
                0x0000000008005144       0x48 ./Drivers/STM32F1xx_HAL_Driver/Src/stm32f1xx_hal_tim.o
 .text.TIM_TI1_ConfigInputStage
                0x000000000800518c       0x24 ./Drivers/STM32F1xx_HAL_Driver/Src/stm32f1xx_hal_tim.o
 .text.TIM_TI2_ConfigInputStage
                0x00000000080051b0       0x26 ./Drivers/STM32F1xx_HAL_Driver/Src/stm32f1xx_hal_tim.o
 .text.TIM_ITRx_SetConfig
                0x00000000080051d6       0x10 ./Drivers/STM32F1xx_HAL_Driver/Src/stm32f1xx_hal_tim.o
 *fill*         0x00000000080051e6        0x2 
 .text.HAL_TIM_Base_Start
                0x00000000080051e8       0x5c ./Drivers/STM32F1xx_HAL_Driver/Src/stm32f1xx_hal_tim.o
                0x00000000080051e8                HAL_TIM_Base_Start
 .text.HAL_TIM_Base_Stop
                0x0000000008005244       0x28 ./Drivers/STM32F1xx_HAL_Driver/Src/stm32f1xx_hal_tim.o
                0x0000000008005244                HAL_TIM_Base_Stop
 .text.TIM_Base_SetConfig
                0x000000000800526c       0x74 ./Drivers/STM32F1xx_HAL_Driver/Src/stm32f1xx_hal_tim.o
                0x000000000800526c                TIM_Base_SetConfig
 .text.HAL_TIM_Base_Init
                0x00000000080052e0       0x58 ./Drivers/STM32F1xx_HAL_Driver/Src/stm32f1xx_hal_tim.o
                0x00000000080052e0                HAL_TIM_Base_Init
 .text.HAL_TIM_PWM_Init
                0x0000000008005338       0x58 ./Drivers/STM32F1xx_HAL_Driver/Src/stm32f1xx_hal_tim.o
                0x0000000008005338                HAL_TIM_PWM_Init
 .text.TIM_OC2_SetConfig
                0x0000000008005390       0x64 ./Drivers/STM32F1xx_HAL_Driver/Src/stm32f1xx_hal_tim.o
                0x0000000008005390                TIM_OC2_SetConfig
 .text.HAL_TIM_PWM_ConfigChannel
                0x00000000080053f4       0xd0 ./Drivers/STM32F1xx_HAL_Driver/Src/stm32f1xx_hal_tim.o
                0x00000000080053f4                HAL_TIM_PWM_ConfigChannel
 .text.TIM_ETR_SetConfig
                0x00000000080054c4       0x16 ./Drivers/STM32F1xx_HAL_Driver/Src/stm32f1xx_hal_tim.o
                0x00000000080054c4                TIM_ETR_SetConfig
 .text.HAL_TIM_ConfigClockSource
                0x00000000080054da       0xda ./Drivers/STM32F1xx_HAL_Driver/Src/stm32f1xx_hal_tim.o
                0x00000000080054da                HAL_TIM_ConfigClockSource
 .text.TIM_CCxChannelCmd
                0x00000000080055b4       0x22 ./Drivers/STM32F1xx_HAL_Driver/Src/stm32f1xx_hal_tim.o
                0x00000000080055b4                TIM_CCxChannelCmd
 *fill*         0x00000000080055d6        0x2 
 .text.HAL_TIM_PWM_Start
                0x00000000080055d8       0xdc ./Drivers/STM32F1xx_HAL_Driver/Src/stm32f1xx_hal_tim.o
                0x00000000080055d8                HAL_TIM_PWM_Start
 .text.HAL_TIM_PWM_Stop
                0x00000000080056b4       0x84 ./Drivers/STM32F1xx_HAL_Driver/Src/stm32f1xx_hal_tim.o
                0x00000000080056b4                HAL_TIM_PWM_Stop
 .text.TIM_CCxNChannelCmd
                0x0000000008005738       0x22 ./Drivers/STM32F1xx_HAL_Driver/Src/stm32f1xx_hal_tim_ex.o
 *fill*         0x000000000800575a        0x2 
 .text.HAL_TIMEx_PWMN_Start
                0x000000000800575c       0xd4 ./Drivers/STM32F1xx_HAL_Driver/Src/stm32f1xx_hal_tim_ex.o
                0x000000000800575c                HAL_TIMEx_PWMN_Start
 .text.HAL_TIMEx_PWMN_Stop
                0x0000000008005830       0x76 ./Drivers/STM32F1xx_HAL_Driver/Src/stm32f1xx_hal_tim_ex.o
                0x0000000008005830                HAL_TIMEx_PWMN_Stop
 *fill*         0x00000000080058a6        0x2 
 .text.HAL_TIMEx_MasterConfigSynchronization
                0x00000000080058a8       0x68 ./Drivers/STM32F1xx_HAL_Driver/Src/stm32f1xx_hal_tim_ex.o
                0x00000000080058a8                HAL_TIMEx_MasterConfigSynchronization
 .text.HAL_TIMEx_ConfigBreakDeadTime
                0x0000000008005910       0x52 ./Drivers/STM32F1xx_HAL_Driver/Src/stm32f1xx_hal_tim_ex.o
                0x0000000008005910                HAL_TIMEx_ConfigBreakDeadTime
 *fill*         0x0000000008005962        0x2 
 .text.MX_ADC1_Init
                0x0000000008005964       0x94 ./Src/adc.o
                0x0000000008005964                MX_ADC1_Init
 .text.HAL_ADC_MspInit
                0x00000000080059f8       0xac ./Src/adc.o
                0x00000000080059f8                HAL_ADC_MspInit
 .text.MX_DMA_Init
                0x0000000008005aa4       0x44 ./Src/dma.o
                0x0000000008005aa4                MX_DMA_Init
 .text.MX_GPIO_Init
                0x0000000008005ae8       0xc4 ./Src/gpio.o
                0x0000000008005ae8                MX_GPIO_Init
 .text.MX_I2C1_Init
                0x0000000008005bac       0x3c ./Src/i2c.o
                0x0000000008005bac                MX_I2C1_Init
 .text.HAL_I2C_MspInit
                0x0000000008005be8       0xac ./Src/i2c.o
                0x0000000008005be8                HAL_I2C_MspInit
 .text.StopWaitingDueToPushBtnRelease
                0x0000000008005c94       0x20 ./Src/main.o
                0x0000000008005c94                StopWaitingDueToPushBtnRelease
 .text.StopWaitingDueToPullBtnRelease
                0x0000000008005cb4       0x20 ./Src/main.o
                0x0000000008005cb4                StopWaitingDueToPullBtnRelease
 .text.StopWaitingDueToAnyBtnPressed
                0x0000000008005cd4       0x3a ./Src/main.o
                0x0000000008005cd4                StopWaitingDueToAnyBtnPressed
 .text._write   0x0000000008005d0e       0x4e ./Src/main.o
                0x0000000008005d0e                _write
 .text.ReadFromEprom
                0x0000000008005d5c       0x2c ./Src/main.o
                0x0000000008005d5c                ReadFromEprom
 .text.RestoreFromEprom
                0x0000000008005d88       0x4c ./Src/main.o
                0x0000000008005d88                RestoreFromEprom
 .text.InitTimers
                0x0000000008005dd4       0x34 ./Src/main.o
                0x0000000008005dd4                InitTimers
 .text.TimerAction
                0x0000000008005e08       0xa0 ./Src/main.o
                0x0000000008005e08                TimerAction
 .text.HAL_I2C_MemTxCpltCallback
                0x0000000008005ea8        0xc ./Src/main.o
                0x0000000008005ea8                HAL_I2C_MemTxCpltCallback
 .text.HAL_I2C_ErrorCallback
                0x0000000008005eb4        0x4 ./Src/main.o
                0x0000000008005eb4                HAL_I2C_ErrorCallback
 .text.SystemClock_Config
                0x0000000008005eb8       0x6c ./Src/main.o
                0x0000000008005eb8                SystemClock_Config
 .text.main     0x0000000008005f24      0x45c ./Src/main.o
                0x0000000008005f24                main
 .text.Error_Handler
                0x0000000008006380        0x2 ./Src/main.o
                0x0000000008006380                Error_Handler
 *fill*         0x0000000008006382        0x2 
 .text.HAL_MspInit
                0x0000000008006384       0x44 ./Src/stm32f1xx_hal_msp.o
                0x0000000008006384                HAL_MspInit
 .text.NMI_Handler
                0x00000000080063c8        0x2 ./Src/stm32f1xx_it.o
                0x00000000080063c8                NMI_Handler
 .text.HardFault_Handler
                0x00000000080063ca        0x2 ./Src/stm32f1xx_it.o
                0x00000000080063ca                HardFault_Handler
 .text.MemManage_Handler
                0x00000000080063cc        0x2 ./Src/stm32f1xx_it.o
                0x00000000080063cc                MemManage_Handler
 .text.BusFault_Handler
                0x00000000080063ce        0x2 ./Src/stm32f1xx_it.o
                0x00000000080063ce                BusFault_Handler
 .text.UsageFault_Handler
                0x00000000080063d0        0x2 ./Src/stm32f1xx_it.o
                0x00000000080063d0                UsageFault_Handler
 .text.SVC_Handler
                0x00000000080063d2        0x2 ./Src/stm32f1xx_it.o
                0x00000000080063d2                SVC_Handler
 .text.DebugMon_Handler
                0x00000000080063d4        0x2 ./Src/stm32f1xx_it.o
                0x00000000080063d4                DebugMon_Handler
 .text.PendSV_Handler
                0x00000000080063d6        0x2 ./Src/stm32f1xx_it.o
                0x00000000080063d6                PendSV_Handler
 .text.SysTick_Handler
                0x00000000080063d8        0xc ./Src/stm32f1xx_it.o
                0x00000000080063d8                SysTick_Handler
 .text.DMA1_Channel1_IRQHandler
                0x00000000080063e4       0x10 ./Src/stm32f1xx_it.o
                0x00000000080063e4                DMA1_Channel1_IRQHandler
 .text.DMA1_Channel6_IRQHandler
                0x00000000080063f4       0x10 ./Src/stm32f1xx_it.o
                0x00000000080063f4                DMA1_Channel6_IRQHandler
 .text.ADC1_2_IRQHandler
                0x0000000008006404       0x10 ./Src/stm32f1xx_it.o
                0x0000000008006404                ADC1_2_IRQHandler
 .text.I2C1_EV_IRQHandler
                0x0000000008006414       0x10 ./Src/stm32f1xx_it.o
                0x0000000008006414                I2C1_EV_IRQHandler
 .text._read    0x0000000008006424       0x20 ./Src/syscalls.o
                0x0000000008006424                _read
 .text._close   0x0000000008006444        0x6 ./Src/syscalls.o
                0x0000000008006444                _close
 .text._fstat   0x000000000800644a        0xa ./Src/syscalls.o
                0x000000000800644a                _fstat
 .text._isatty  0x0000000008006454        0x4 ./Src/syscalls.o
                0x0000000008006454                _isatty
 .text._lseek   0x0000000008006458        0x4 ./Src/syscalls.o
                0x0000000008006458                _lseek
 .text._sbrk    0x000000000800645c       0x48 ./Src/sysmem.o
                0x000000000800645c                _sbrk
 .text.SystemInit
                0x00000000080064a4        0x2 ./Src/system_stm32f1xx.o
                0x00000000080064a4                SystemInit
 *fill*         0x00000000080064a6        0x2 
 .text.APB2TIM  0x00000000080064a8       0x1c ./Src/tim.o
                0x00000000080064a8                APB2TIM
 .text.PWMPulse
                0x00000000080064c4       0x34 ./Src/tim.o
                0x00000000080064c4                PWMPulse
 .text.m_MX_TIM3_Init
                0x00000000080064f8       0xec ./Src/tim.o
                0x00000000080064f8                m_MX_TIM3_Init
 .text.HAL_TIM_PWM_MspInit
                0x00000000080065e4       0x2c ./Src/tim.o
                0x00000000080065e4                HAL_TIM_PWM_MspInit
 .text.HAL_TIM_Base_MspInit
                0x0000000008006610       0x2c ./Src/tim.o
                0x0000000008006610                HAL_TIM_Base_MspInit
 .text.HAL_TIM_MspPostInit
                0x000000000800663c       0x64 ./Src/tim.o
                0x000000000800663c                HAL_TIM_MspPostInit
 .text.MX_TIM1_Init
                0x00000000080066a0       0xf4 ./Src/tim.o
                0x00000000080066a0                MX_TIM1_Init
 .text.Reset_Handler
                0x0000000008006794       0x48 ./Startup/startup_stm32f103c8tx.o
                0x0000000008006794                Reset_Handler
 .text.Default_Handler
                0x00000000080067dc        0x2 ./Startup/startup_stm32f103c8tx.o
                0x00000000080067dc                RTC_Alarm_IRQHandler
                0x00000000080067dc                EXTI2_IRQHandler
                0x00000000080067dc                TIM1_CC_IRQHandler
                0x00000000080067dc                PVD_IRQHandler
                0x00000000080067dc                EXTI3_IRQHandler
                0x00000000080067dc                EXTI0_IRQHandler
                0x00000000080067dc                I2C2_EV_IRQHandler
                0x00000000080067dc                SPI1_IRQHandler
                0x00000000080067dc                TAMPER_IRQHandler
                0x00000000080067dc                DMA1_Channel4_IRQHandler
                0x00000000080067dc                USART3_IRQHandler
                0x00000000080067dc                RTC_IRQHandler
                0x00000000080067dc                DMA1_Channel7_IRQHandler
                0x00000000080067dc                CAN1_RX1_IRQHandler
                0x00000000080067dc                TIM4_IRQHandler
                0x00000000080067dc                TIM3_IRQHandler
                0x00000000080067dc                RCC_IRQHandler
                0x00000000080067dc                TIM1_TRG_COM_IRQHandler
                0x00000000080067dc                Default_Handler
                0x00000000080067dc                EXTI15_10_IRQHandler
                0x00000000080067dc                EXTI9_5_IRQHandler
                0x00000000080067dc                SPI2_IRQHandler
                0x00000000080067dc                DMA1_Channel5_IRQHandler
                0x00000000080067dc                EXTI4_IRQHandler
                0x00000000080067dc                USB_LP_CAN1_RX0_IRQHandler
                0x00000000080067dc                USB_HP_CAN1_TX_IRQHandler
                0x00000000080067dc                DMA1_Channel3_IRQHandler
                0x00000000080067dc                TIM1_UP_IRQHandler
                0x00000000080067dc                WWDG_IRQHandler
                0x00000000080067dc                TIM2_IRQHandler
                0x00000000080067dc                TIM1_BRK_IRQHandler
                0x00000000080067dc                EXTI1_IRQHandler
                0x00000000080067dc                USART2_IRQHandler
                0x00000000080067dc                I2C2_ER_IRQHandler
                0x00000000080067dc                DMA1_Channel2_IRQHandler
                0x00000000080067dc                CAN1_SCE_IRQHandler
                0x00000000080067dc                FLASH_IRQHandler
                0x00000000080067dc                USART1_IRQHandler
                0x00000000080067dc                I2C1_ER_IRQHandler
                0x00000000080067dc                USBWakeUp_IRQHandler
 *fill*         0x00000000080067de        0x2 
 .text.__errno  0x00000000080067e0        0xc c:/program files (x86)/stmicroelectronics/stm32cubeide_1.3.0/stm32cubeide/plugins/com.st.stm32cube.ide.mcu.externaltools.gnu-tools-for-stm32.9-2020-q2-update.win32_2.0.0.202105311346/tools/bin/../lib/gcc/arm-none-eabi/9.3.1/../../../../arm-none-eabi/lib/thumb/v7-m/nofp\libc_nano.a(lib_a-errno.o)
                0x00000000080067e0                __errno
 .text.__libc_init_array
                0x00000000080067ec       0x48 c:/program files (x86)/stmicroelectronics/stm32cubeide_1.3.0/stm32cubeide/plugins/com.st.stm32cube.ide.mcu.externaltools.gnu-tools-for-stm32.9-2020-q2-update.win32_2.0.0.202105311346/tools/bin/../lib/gcc/arm-none-eabi/9.3.1/../../../../arm-none-eabi/lib/thumb/v7-m/nofp\libc_nano.a(lib_a-init.o)
                0x00000000080067ec                __libc_init_array
 .text.__itoa   0x0000000008006834       0x30 c:/program files (x86)/stmicroelectronics/stm32cubeide_1.3.0/stm32cubeide/plugins/com.st.stm32cube.ide.mcu.externaltools.gnu-tools-for-stm32.9-2020-q2-update.win32_2.0.0.202105311346/tools/bin/../lib/gcc/arm-none-eabi/9.3.1/../../../../arm-none-eabi/lib/thumb/v7-m/nofp\libc_nano.a(lib_a-itoa.o)
                0x0000000008006834                __itoa
 .text.itoa     0x0000000008006864        0x4 c:/program files (x86)/stmicroelectronics/stm32cubeide_1.3.0/stm32cubeide/plugins/com.st.stm32cube.ide.mcu.externaltools.gnu-tools-for-stm32.9-2020-q2-update.win32_2.0.0.202105311346/tools/bin/../lib/gcc/arm-none-eabi/9.3.1/../../../../arm-none-eabi/lib/thumb/v7-m/nofp\libc_nano.a(lib_a-itoa.o)
                0x0000000008006864                itoa
 .text.memset   0x0000000008006868       0x10 c:/program files (x86)/stmicroelectronics/stm32cubeide_1.3.0/stm32cubeide/plugins/com.st.stm32cube.ide.mcu.externaltools.gnu-tools-for-stm32.9-2020-q2-update.win32_2.0.0.202105311346/tools/bin/../lib/gcc/arm-none-eabi/9.3.1/../../../../arm-none-eabi/lib/thumb/v7-m/nofp\libc_nano.a(lib_a-memset.o)
                0x0000000008006868                memset
 .text.printf   0x0000000008006878       0x30 c:/program files (x86)/stmicroelectronics/stm32cubeide_1.3.0/stm32cubeide/plugins/com.st.stm32cube.ide.mcu.externaltools.gnu-tools-for-stm32.9-2020-q2-update.win32_2.0.0.202105311346/tools/bin/../lib/gcc/arm-none-eabi/9.3.1/../../../../arm-none-eabi/lib/thumb/v7-m/nofp\libc_nano.a(lib_a-printf.o)
                0x0000000008006878                iprintf
                0x0000000008006878                printf
 .text._puts_r  0x00000000080068a8       0xdc c:/program files (x86)/stmicroelectronics/stm32cubeide_1.3.0/stm32cubeide/plugins/com.st.stm32cube.ide.mcu.externaltools.gnu-tools-for-stm32.9-2020-q2-update.win32_2.0.0.202105311346/tools/bin/../lib/gcc/arm-none-eabi/9.3.1/../../../../arm-none-eabi/lib/thumb/v7-m/nofp\libc_nano.a(lib_a-puts.o)
                0x00000000080068a8                _puts_r
 .text.puts     0x0000000008006984       0x10 c:/program files (x86)/stmicroelectronics/stm32cubeide_1.3.0/stm32cubeide/plugins/com.st.stm32cube.ide.mcu.externaltools.gnu-tools-for-stm32.9-2020-q2-update.win32_2.0.0.202105311346/tools/bin/../lib/gcc/arm-none-eabi/9.3.1/../../../../arm-none-eabi/lib/thumb/v7-m/nofp\libc_nano.a(lib_a-puts.o)
                0x0000000008006984                puts
 .text.strcat   0x0000000008006994       0x1e c:/program files (x86)/stmicroelectronics/stm32cubeide_1.3.0/stm32cubeide/plugins/com.st.stm32cube.ide.mcu.externaltools.gnu-tools-for-stm32.9-2020-q2-update.win32_2.0.0.202105311346/tools/bin/../lib/gcc/arm-none-eabi/9.3.1/../../../../arm-none-eabi/lib/thumb/v7-m/nofp\libc_nano.a(lib_a-strcat.o)
                0x0000000008006994                strcat
 *fill*         0x00000000080069b2        0x2 
 .text.__utoa   0x00000000080069b4       0x84 c:/program files (x86)/stmicroelectronics/stm32cubeide_1.3.0/stm32cubeide/plugins/com.st.stm32cube.ide.mcu.externaltools.gnu-tools-for-stm32.9-2020-q2-update.win32_2.0.0.202105311346/tools/bin/../lib/gcc/arm-none-eabi/9.3.1/../../../../arm-none-eabi/lib/thumb/v7-m/nofp\libc_nano.a(lib_a-utoa.o)
                0x00000000080069b4                __utoa
 .text.__swbuf_r
                0x0000000008006a38       0xa4 c:/program files (x86)/stmicroelectronics/stm32cubeide_1.3.0/stm32cubeide/plugins/com.st.stm32cube.ide.mcu.externaltools.gnu-tools-for-stm32.9-2020-q2-update.win32_2.0.0.202105311346/tools/bin/../lib/gcc/arm-none-eabi/9.3.1/../../../../arm-none-eabi/lib/thumb/v7-m/nofp\libc_nano.a(lib_a-wbuf.o)
                0x0000000008006a38                __swbuf_r
 .text.__swsetup_r
                0x0000000008006adc       0xdc c:/program files (x86)/stmicroelectronics/stm32cubeide_1.3.0/stm32cubeide/plugins/com.st.stm32cube.ide.mcu.externaltools.gnu-tools-for-stm32.9-2020-q2-update.win32_2.0.0.202105311346/tools/bin/../lib/gcc/arm-none-eabi/9.3.1/../../../../arm-none-eabi/lib/thumb/v7-m/nofp\libc_nano.a(lib_a-wsetup.o)
                0x0000000008006adc                __swsetup_r
 .text.__sflush_r
                0x0000000008006bb8      0x10c c:/program files (x86)/stmicroelectronics/stm32cubeide_1.3.0/stm32cubeide/plugins/com.st.stm32cube.ide.mcu.externaltools.gnu-tools-for-stm32.9-2020-q2-update.win32_2.0.0.202105311346/tools/bin/../lib/gcc/arm-none-eabi/9.3.1/../../../../arm-none-eabi/lib/thumb/v7-m/nofp\libc_nano.a(lib_a-fflush.o)
                0x0000000008006bb8                __sflush_r
 .text._fflush_r
                0x0000000008006cc4       0x78 c:/program files (x86)/stmicroelectronics/stm32cubeide_1.3.0/stm32cubeide/plugins/com.st.stm32cube.ide.mcu.externaltools.gnu-tools-for-stm32.9-2020-q2-update.win32_2.0.0.202105311346/tools/bin/../lib/gcc/arm-none-eabi/9.3.1/../../../../arm-none-eabi/lib/thumb/v7-m/nofp\libc_nano.a(lib_a-fflush.o)
                0x0000000008006cc4                _fflush_r
 .text.std      0x0000000008006d3c       0x48 c:/program files (x86)/stmicroelectronics/stm32cubeide_1.3.0/stm32cubeide/plugins/com.st.stm32cube.ide.mcu.externaltools.gnu-tools-for-stm32.9-2020-q2-update.win32_2.0.0.202105311346/tools/bin/../lib/gcc/arm-none-eabi/9.3.1/../../../../arm-none-eabi/lib/thumb/v7-m/nofp\libc_nano.a(lib_a-findfp.o)
 .text._cleanup_r
                0x0000000008006d84        0xc c:/program files (x86)/stmicroelectronics/stm32cubeide_1.3.0/stm32cubeide/plugins/com.st.stm32cube.ide.mcu.externaltools.gnu-tools-for-stm32.9-2020-q2-update.win32_2.0.0.202105311346/tools/bin/../lib/gcc/arm-none-eabi/9.3.1/../../../../arm-none-eabi/lib/thumb/v7-m/nofp\libc_nano.a(lib_a-findfp.o)
                0x0000000008006d84                _cleanup_r
 .text.__sfmoreglue
                0x0000000008006d90       0x2c c:/program files (x86)/stmicroelectronics/stm32cubeide_1.3.0/stm32cubeide/plugins/com.st.stm32cube.ide.mcu.externaltools.gnu-tools-for-stm32.9-2020-q2-update.win32_2.0.0.202105311346/tools/bin/../lib/gcc/arm-none-eabi/9.3.1/../../../../arm-none-eabi/lib/thumb/v7-m/nofp\libc_nano.a(lib_a-findfp.o)
                0x0000000008006d90                __sfmoreglue
 .text.__sfp_lock_acquire
                0x0000000008006dbc        0xc c:/program files (x86)/stmicroelectronics/stm32cubeide_1.3.0/stm32cubeide/plugins/com.st.stm32cube.ide.mcu.externaltools.gnu-tools-for-stm32.9-2020-q2-update.win32_2.0.0.202105311346/tools/bin/../lib/gcc/arm-none-eabi/9.3.1/../../../../arm-none-eabi/lib/thumb/v7-m/nofp\libc_nano.a(lib_a-findfp.o)
                0x0000000008006dbc                __sfp_lock_acquire
 .text.__sfp_lock_release
                0x0000000008006dc8        0xc c:/program files (x86)/stmicroelectronics/stm32cubeide_1.3.0/stm32cubeide/plugins/com.st.stm32cube.ide.mcu.externaltools.gnu-tools-for-stm32.9-2020-q2-update.win32_2.0.0.202105311346/tools/bin/../lib/gcc/arm-none-eabi/9.3.1/../../../../arm-none-eabi/lib/thumb/v7-m/nofp\libc_nano.a(lib_a-findfp.o)
                0x0000000008006dc8                __sfp_lock_release
 .text.__sinit_lock_acquire
                0x0000000008006dd4        0xc c:/program files (x86)/stmicroelectronics/stm32cubeide_1.3.0/stm32cubeide/plugins/com.st.stm32cube.ide.mcu.externaltools.gnu-tools-for-stm32.9-2020-q2-update.win32_2.0.0.202105311346/tools/bin/../lib/gcc/arm-none-eabi/9.3.1/../../../../arm-none-eabi/lib/thumb/v7-m/nofp\libc_nano.a(lib_a-findfp.o)
                0x0000000008006dd4                __sinit_lock_acquire
 .text.__sinit_lock_release
                0x0000000008006de0        0xc c:/program files (x86)/stmicroelectronics/stm32cubeide_1.3.0/stm32cubeide/plugins/com.st.stm32cube.ide.mcu.externaltools.gnu-tools-for-stm32.9-2020-q2-update.win32_2.0.0.202105311346/tools/bin/../lib/gcc/arm-none-eabi/9.3.1/../../../../arm-none-eabi/lib/thumb/v7-m/nofp\libc_nano.a(lib_a-findfp.o)
                0x0000000008006de0                __sinit_lock_release
 .text.__sinit  0x0000000008006dec       0x70 c:/program files (x86)/stmicroelectronics/stm32cubeide_1.3.0/stm32cubeide/plugins/com.st.stm32cube.ide.mcu.externaltools.gnu-tools-for-stm32.9-2020-q2-update.win32_2.0.0.202105311346/tools/bin/../lib/gcc/arm-none-eabi/9.3.1/../../../../arm-none-eabi/lib/thumb/v7-m/nofp\libc_nano.a(lib_a-findfp.o)
                0x0000000008006dec                __sinit
 .text.__sfp    0x0000000008006e5c       0x8c c:/program files (x86)/stmicroelectronics/stm32cubeide_1.3.0/stm32cubeide/plugins/com.st.stm32cube.ide.mcu.externaltools.gnu-tools-for-stm32.9-2020-q2-update.win32_2.0.0.202105311346/tools/bin/../lib/gcc/arm-none-eabi/9.3.1/../../../../arm-none-eabi/lib/thumb/v7-m/nofp\libc_nano.a(lib_a-findfp.o)
                0x0000000008006e5c                __sfp
 .text._fwalk_reent
                0x0000000008006ee8       0x3e c:/program files (x86)/stmicroelectronics/stm32cubeide_1.3.0/stm32cubeide/plugins/com.st.stm32cube.ide.mcu.externaltools.gnu-tools-for-stm32.9-2020-q2-update.win32_2.0.0.202105311346/tools/bin/../lib/gcc/arm-none-eabi/9.3.1/../../../../arm-none-eabi/lib/thumb/v7-m/nofp\libc_nano.a(lib_a-fwalk.o)
                0x0000000008006ee8                _fwalk_reent
 .text.__retarget_lock_init_recursive
                0x0000000008006f26        0x2 c:/program files (x86)/stmicroelectronics/stm32cubeide_1.3.0/stm32cubeide/plugins/com.st.stm32cube.ide.mcu.externaltools.gnu-tools-for-stm32.9-2020-q2-update.win32_2.0.0.202105311346/tools/bin/../lib/gcc/arm-none-eabi/9.3.1/../../../../arm-none-eabi/lib/thumb/v7-m/nofp\libc_nano.a(lib_a-lock.o)
                0x0000000008006f26                __retarget_lock_init_recursive
 .text.__retarget_lock_acquire_recursive
                0x0000000008006f28        0x2 c:/program files (x86)/stmicroelectronics/stm32cubeide_1.3.0/stm32cubeide/plugins/com.st.stm32cube.ide.mcu.externaltools.gnu-tools-for-stm32.9-2020-q2-update.win32_2.0.0.202105311346/tools/bin/../lib/gcc/arm-none-eabi/9.3.1/../../../../arm-none-eabi/lib/thumb/v7-m/nofp\libc_nano.a(lib_a-lock.o)
                0x0000000008006f28                __retarget_lock_acquire_recursive
 .text.__retarget_lock_release_recursive
                0x0000000008006f2a        0x2 c:/program files (x86)/stmicroelectronics/stm32cubeide_1.3.0/stm32cubeide/plugins/com.st.stm32cube.ide.mcu.externaltools.gnu-tools-for-stm32.9-2020-q2-update.win32_2.0.0.202105311346/tools/bin/../lib/gcc/arm-none-eabi/9.3.1/../../../../arm-none-eabi/lib/thumb/v7-m/nofp\libc_nano.a(lib_a-lock.o)
                0x0000000008006f2a                __retarget_lock_release_recursive
 .text.__swhatbuf_r
                0x0000000008006f2c       0x48 c:/program files (x86)/stmicroelectronics/stm32cubeide_1.3.0/stm32cubeide/plugins/com.st.stm32cube.ide.mcu.externaltools.gnu-tools-for-stm32.9-2020-q2-update.win32_2.0.0.202105311346/tools/bin/../lib/gcc/arm-none-eabi/9.3.1/../../../../arm-none-eabi/lib/thumb/v7-m/nofp\libc_nano.a(lib_a-makebuf.o)
                0x0000000008006f2c                __swhatbuf_r
 .text.__smakebuf_r
                0x0000000008006f74       0x80 c:/program files (x86)/stmicroelectronics/stm32cubeide_1.3.0/stm32cubeide/plugins/com.st.stm32cube.ide.mcu.externaltools.gnu-tools-for-stm32.9-2020-q2-update.win32_2.0.0.202105311346/tools/bin/../lib/gcc/arm-none-eabi/9.3.1/../../../../arm-none-eabi/lib/thumb/v7-m/nofp\libc_nano.a(lib_a-makebuf.o)
                0x0000000008006f74                __smakebuf_r
 .text._free_r  0x0000000008006ff4       0x98 c:/program files (x86)/stmicroelectronics/stm32cubeide_1.3.0/stm32cubeide/plugins/com.st.stm32cube.ide.mcu.externaltools.gnu-tools-for-stm32.9-2020-q2-update.win32_2.0.0.202105311346/tools/bin/../lib/gcc/arm-none-eabi/9.3.1/../../../../arm-none-eabi/lib/thumb/v7-m/nofp\libc_nano.a(lib_a-nano-freer.o)
                0x0000000008006ff4                _free_r
 .text._malloc_r
                0x000000000800708c       0xb4 c:/program files (x86)/stmicroelectronics/stm32cubeide_1.3.0/stm32cubeide/plugins/com.st.stm32cube.ide.mcu.externaltools.gnu-tools-for-stm32.9-2020-q2-update.win32_2.0.0.202105311346/tools/bin/../lib/gcc/arm-none-eabi/9.3.1/../../../../arm-none-eabi/lib/thumb/v7-m/nofp\libc_nano.a(lib_a-nano-mallocr.o)
                0x000000000800708c                _malloc_r
 .text.__sfputc_r
                0x0000000008007140       0x2a c:/program files (x86)/stmicroelectronics/stm32cubeide_1.3.0/stm32cubeide/plugins/com.st.stm32cube.ide.mcu.externaltools.gnu-tools-for-stm32.9-2020-q2-update.win32_2.0.0.202105311346/tools/bin/../lib/gcc/arm-none-eabi/9.3.1/../../../../arm-none-eabi/lib/thumb/v7-m/nofp\libc_nano.a(lib_a-nano-vfprintf.o)
 .text.__sfputs_r
                0x000000000800716a       0x24 c:/program files (x86)/stmicroelectronics/stm32cubeide_1.3.0/stm32cubeide/plugins/com.st.stm32cube.ide.mcu.externaltools.gnu-tools-for-stm32.9-2020-q2-update.win32_2.0.0.202105311346/tools/bin/../lib/gcc/arm-none-eabi/9.3.1/../../../../arm-none-eabi/lib/thumb/v7-m/nofp\libc_nano.a(lib_a-nano-vfprintf.o)
                0x000000000800716a                __sfputs_r
 *fill*         0x000000000800718e        0x2 
 .text._vfprintf_r
                0x0000000008007190      0x260 c:/program files (x86)/stmicroelectronics/stm32cubeide_1.3.0/stm32cubeide/plugins/com.st.stm32cube.ide.mcu.externaltools.gnu-tools-for-stm32.9-2020-q2-update.win32_2.0.0.202105311346/tools/bin/../lib/gcc/arm-none-eabi/9.3.1/../../../../arm-none-eabi/lib/thumb/v7-m/nofp\libc_nano.a(lib_a-nano-vfprintf.o)
                0x0000000008007190                _vfprintf_r
                0x0000000008007190                _vfiprintf_r
 .text._printf_common
                0x00000000080073f0       0xde c:/program files (x86)/stmicroelectronics/stm32cubeide_1.3.0/stm32cubeide/plugins/com.st.stm32cube.ide.mcu.externaltools.gnu-tools-for-stm32.9-2020-q2-update.win32_2.0.0.202105311346/tools/bin/../lib/gcc/arm-none-eabi/9.3.1/../../../../arm-none-eabi/lib/thumb/v7-m/nofp\libc_nano.a(lib_a-nano-vfprintf_i.o)
                0x00000000080073f0                _printf_common
 *fill*         0x00000000080074ce        0x2 
 .text._printf_i
                0x00000000080074d0      0x24c c:/program files (x86)/stmicroelectronics/stm32cubeide_1.3.0/stm32cubeide/plugins/com.st.stm32cube.ide.mcu.externaltools.gnu-tools-for-stm32.9-2020-q2-update.win32_2.0.0.202105311346/tools/bin/../lib/gcc/arm-none-eabi/9.3.1/../../../../arm-none-eabi/lib/thumb/v7-m/nofp\libc_nano.a(lib_a-nano-vfprintf_i.o)
                0x00000000080074d0                _printf_i
 .text._sbrk_r  0x000000000800771c       0x20 c:/program files (x86)/stmicroelectronics/stm32cubeide_1.3.0/stm32cubeide/plugins/com.st.stm32cube.ide.mcu.externaltools.gnu-tools-for-stm32.9-2020-q2-update.win32_2.0.0.202105311346/tools/bin/../lib/gcc/arm-none-eabi/9.3.1/../../../../arm-none-eabi/lib/thumb/v7-m/nofp\libc_nano.a(lib_a-sbrkr.o)
                0x000000000800771c                _sbrk_r
 .text.__sread  0x000000000800773c       0x22 c:/program files (x86)/stmicroelectronics/stm32cubeide_1.3.0/stm32cubeide/plugins/com.st.stm32cube.ide.mcu.externaltools.gnu-tools-for-stm32.9-2020-q2-update.win32_2.0.0.202105311346/tools/bin/../lib/gcc/arm-none-eabi/9.3.1/../../../../arm-none-eabi/lib/thumb/v7-m/nofp\libc_nano.a(lib_a-stdio.o)
                0x000000000800773c                __sread
 .text.__swrite
                0x000000000800775e       0x38 c:/program files (x86)/stmicroelectronics/stm32cubeide_1.3.0/stm32cubeide/plugins/com.st.stm32cube.ide.mcu.externaltools.gnu-tools-for-stm32.9-2020-q2-update.win32_2.0.0.202105311346/tools/bin/../lib/gcc/arm-none-eabi/9.3.1/../../../../arm-none-eabi/lib/thumb/v7-m/nofp\libc_nano.a(lib_a-stdio.o)
                0x000000000800775e                __swrite
 .text.__sseek  0x0000000008007796       0x24 c:/program files (x86)/stmicroelectronics/stm32cubeide_1.3.0/stm32cubeide/plugins/com.st.stm32cube.ide.mcu.externaltools.gnu-tools-for-stm32.9-2020-q2-update.win32_2.0.0.202105311346/tools/bin/../lib/gcc/arm-none-eabi/9.3.1/../../../../arm-none-eabi/lib/thumb/v7-m/nofp\libc_nano.a(lib_a-stdio.o)
                0x0000000008007796                __sseek
 .text.__sclose
                0x00000000080077ba        0x8 c:/program files (x86)/stmicroelectronics/stm32cubeide_1.3.0/stm32cubeide/plugins/com.st.stm32cube.ide.mcu.externaltools.gnu-tools-for-stm32.9-2020-q2-update.win32_2.0.0.202105311346/tools/bin/../lib/gcc/arm-none-eabi/9.3.1/../../../../arm-none-eabi/lib/thumb/v7-m/nofp\libc_nano.a(lib_a-stdio.o)
                0x00000000080077ba                __sclose
 *fill*         0x00000000080077c2        0x2 
 .text._write_r
                0x00000000080077c4       0x24 c:/program files (x86)/stmicroelectronics/stm32cubeide_1.3.0/stm32cubeide/plugins/com.st.stm32cube.ide.mcu.externaltools.gnu-tools-for-stm32.9-2020-q2-update.win32_2.0.0.202105311346/tools/bin/../lib/gcc/arm-none-eabi/9.3.1/../../../../arm-none-eabi/lib/thumb/v7-m/nofp\libc_nano.a(lib_a-writer.o)
                0x00000000080077c4                _write_r
 .text._close_r
                0x00000000080077e8       0x20 c:/program files (x86)/stmicroelectronics/stm32cubeide_1.3.0/stm32cubeide/plugins/com.st.stm32cube.ide.mcu.externaltools.gnu-tools-for-stm32.9-2020-q2-update.win32_2.0.0.202105311346/tools/bin/../lib/gcc/arm-none-eabi/9.3.1/../../../../arm-none-eabi/lib/thumb/v7-m/nofp\libc_nano.a(lib_a-closer.o)
                0x00000000080077e8                _close_r
 .text._fstat_r
                0x0000000008007808       0x24 c:/program files (x86)/stmicroelectronics/stm32cubeide_1.3.0/stm32cubeide/plugins/com.st.stm32cube.ide.mcu.externaltools.gnu-tools-for-stm32.9-2020-q2-update.win32_2.0.0.202105311346/tools/bin/../lib/gcc/arm-none-eabi/9.3.1/../../../../arm-none-eabi/lib/thumb/v7-m/nofp\libc_nano.a(lib_a-fstatr.o)
                0x0000000008007808                _fstat_r
 .text._isatty_r
                0x000000000800782c       0x20 c:/program files (x86)/stmicroelectronics/stm32cubeide_1.3.0/stm32cubeide/plugins/com.st.stm32cube.ide.mcu.externaltools.gnu-tools-for-stm32.9-2020-q2-update.win32_2.0.0.202105311346/tools/bin/../lib/gcc/arm-none-eabi/9.3.1/../../../../arm-none-eabi/lib/thumb/v7-m/nofp\libc_nano.a(lib_a-isattyr.o)
                0x000000000800782c                _isatty_r
 .text._lseek_r
                0x000000000800784c       0x24 c:/program files (x86)/stmicroelectronics/stm32cubeide_1.3.0/stm32cubeide/plugins/com.st.stm32cube.ide.mcu.externaltools.gnu-tools-for-stm32.9-2020-q2-update.win32_2.0.0.202105311346/tools/bin/../lib/gcc/arm-none-eabi/9.3.1/../../../../arm-none-eabi/lib/thumb/v7-m/nofp\libc_nano.a(lib_a-lseekr.o)
                0x000000000800784c                _lseek_r
 .text.memchr   0x0000000008007870       0x1c c:/program files (x86)/stmicroelectronics/stm32cubeide_1.3.0/stm32cubeide/plugins/com.st.stm32cube.ide.mcu.externaltools.gnu-tools-for-stm32.9-2020-q2-update.win32_2.0.0.202105311346/tools/bin/../lib/gcc/arm-none-eabi/9.3.1/../../../../arm-none-eabi/lib/thumb/v7-m/nofp\libc_nano.a(lib_a-memchr-stub.o)
                0x0000000008007870                memchr
 .text.__malloc_lock
                0x000000000800788c        0xc c:/program files (x86)/stmicroelectronics/stm32cubeide_1.3.0/stm32cubeide/plugins/com.st.stm32cube.ide.mcu.externaltools.gnu-tools-for-stm32.9-2020-q2-update.win32_2.0.0.202105311346/tools/bin/../lib/gcc/arm-none-eabi/9.3.1/../../../../arm-none-eabi/lib/thumb/v7-m/nofp\libc_nano.a(lib_a-mlock.o)
                0x000000000800788c                __malloc_lock
 .text.__malloc_unlock
                0x0000000008007898        0xc c:/program files (x86)/stmicroelectronics/stm32cubeide_1.3.0/stm32cubeide/plugins/com.st.stm32cube.ide.mcu.externaltools.gnu-tools-for-stm32.9-2020-q2-update.win32_2.0.0.202105311346/tools/bin/../lib/gcc/arm-none-eabi/9.3.1/../../../../arm-none-eabi/lib/thumb/v7-m/nofp\libc_nano.a(lib_a-mlock.o)
                0x0000000008007898                __malloc_unlock
 .text._read_r  0x00000000080078a4       0x24 c:/program files (x86)/stmicroelectronics/stm32cubeide_1.3.0/stm32cubeide/plugins/com.st.stm32cube.ide.mcu.externaltools.gnu-tools-for-stm32.9-2020-q2-update.win32_2.0.0.202105311346/tools/bin/../lib/gcc/arm-none-eabi/9.3.1/../../../../arm-none-eabi/lib/thumb/v7-m/nofp\libc_nano.a(lib_a-readr.o)
                0x00000000080078a4                _read_r
 *(.glue_7)
 .glue_7        0x00000000080078c8        0x0 linker stubs
 *(.glue_7t)
 .glue_7t       0x00000000080078c8        0x0 linker stubs
 *(.eh_frame)
 .eh_frame      0x00000000080078c8        0x0 c:/program files (x86)/stmicroelectronics/stm32cubeide_1.3.0/stm32cubeide/plugins/com.st.stm32cube.ide.mcu.externaltools.gnu-tools-for-stm32.9-2020-q2-update.win32_2.0.0.202105311346/tools/bin/../lib/gcc/arm-none-eabi/9.3.1/thumb/v7-m/nofp/crtbegin.o
 *(.init)
 .init          0x00000000080078c8        0x4 c:/program files (x86)/stmicroelectronics/stm32cubeide_1.3.0/stm32cubeide/plugins/com.st.stm32cube.ide.mcu.externaltools.gnu-tools-for-stm32.9-2020-q2-update.win32_2.0.0.202105311346/tools/bin/../lib/gcc/arm-none-eabi/9.3.1/thumb/v7-m/nofp/crti.o
                0x00000000080078c8                _init
 .init          0x00000000080078cc        0x8 c:/program files (x86)/stmicroelectronics/stm32cubeide_1.3.0/stm32cubeide/plugins/com.st.stm32cube.ide.mcu.externaltools.gnu-tools-for-stm32.9-2020-q2-update.win32_2.0.0.202105311346/tools/bin/../lib/gcc/arm-none-eabi/9.3.1/thumb/v7-m/nofp/crtn.o
 *(.fini)
 .fini          0x00000000080078d4        0x4 c:/program files (x86)/stmicroelectronics/stm32cubeide_1.3.0/stm32cubeide/plugins/com.st.stm32cube.ide.mcu.externaltools.gnu-tools-for-stm32.9-2020-q2-update.win32_2.0.0.202105311346/tools/bin/../lib/gcc/arm-none-eabi/9.3.1/thumb/v7-m/nofp/crti.o
                0x00000000080078d4                _fini
 .fini          0x00000000080078d8        0x8 c:/program files (x86)/stmicroelectronics/stm32cubeide_1.3.0/stm32cubeide/plugins/com.st.stm32cube.ide.mcu.externaltools.gnu-tools-for-stm32.9-2020-q2-update.win32_2.0.0.202105311346/tools/bin/../lib/gcc/arm-none-eabi/9.3.1/thumb/v7-m/nofp/crtn.o
                0x00000000080078e0                . = ALIGN (0x4)
                0x00000000080078e0                _etext = .

.vfp11_veneer   0x00000000080078e0        0x0
 .vfp11_veneer  0x00000000080078e0        0x0 linker stubs

.v4_bx          0x00000000080078e0        0x0
 .v4_bx         0x00000000080078e0        0x0 linker stubs

.iplt           0x00000000080078e0        0x0
 .iplt          0x00000000080078e0        0x0 c:/program files (x86)/stmicroelectronics/stm32cubeide_1.3.0/stm32cubeide/plugins/com.st.stm32cube.ide.mcu.externaltools.gnu-tools-for-stm32.9-2020-q2-update.win32_2.0.0.202105311346/tools/bin/../lib/gcc/arm-none-eabi/9.3.1/thumb/v7-m/nofp/crtbegin.o

.rodata         0x00000000080078e0      0x9e4
                0x00000000080078e0                . = ALIGN (0x4)
 *(.rodata)
 *(.rodata*)
 .rodata.BtnList
                0x00000000080078e0        0xc ./Application/bbb.o
 .rodata.disp_DrawInitScreen.str1.4
                0x00000000080078ec       0x35 ./Application/display.o
 *fill*         0x0000000008007921        0x3 
 .rodata.disp_DrawScreen.str1.4
                0x0000000008007924       0x3a ./Application/display.o
 *fill*         0x000000000800795e        0x2 
 .rodata.Font7x10
                0x0000000008007960      0x76c ./Application/fonts.o
                0x0000000008007960                Font7x10
 .rodata.HAL_ADC_ErrorCallback.str1.4
                0x00000000080080cc       0x13 ./Application/measurement.o
 *fill*         0x00000000080080df        0x1 
 .rodata.HAL_RCC_GetSysClockFreq.str1.4
                0x00000000080080e0       0x11 ./Drivers/STM32F1xx_HAL_Driver/Src/stm32f1xx_hal_rcc.o
 .rodata.HAL_RCCEx_GetPeriphCLKFreq.str1.4
                0x00000000080080f1       0x11 ./Drivers/STM32F1xx_HAL_Driver/Src/stm32f1xx_hal_rcc_ex.o
 *fill*         0x00000000080080f1        0x3 
 .rodata.main.str1.4
                0x00000000080080f4       0x1b ./Src/main.o
 *fill*         0x000000000800810f        0x1 
 .rodata.str1.4
                0x0000000008008110       0x6c ./Src/main.o
 .rodata.RetractDurationDesc
                0x000000000800817c       0x24 ./Src/main.o
 .rodata.RetractDurationList
                0x00000000080081a0       0x12 ./Src/main.o
 *fill*         0x00000000080081b2        0x2 
 .rodata.SpeedModeDesc
                0x00000000080081b4       0x24 ./Src/main.o
 .rodata.SpeedModeList
                0x00000000080081d8       0x12 ./Src/main.o
 *fill*         0x00000000080081ea        0x2 
 .rodata.AHBPrescTable
                0x00000000080081ec       0x10 ./Src/system_stm32f1xx.o
                0x00000000080081ec                AHBPrescTable
 .rodata.APBPrescTable
                0x00000000080081fc        0x8 ./Src/system_stm32f1xx.o
                0x00000000080081fc                APBPrescTable
 .rodata._global_impure_ptr
                0x0000000008008204        0x4 c:/program files (x86)/stmicroelectronics/stm32cubeide_1.3.0/stm32cubeide/plugins/com.st.stm32cube.ide.mcu.externaltools.gnu-tools-for-stm32.9-2020-q2-update.win32_2.0.0.202105311346/tools/bin/../lib/gcc/arm-none-eabi/9.3.1/../../../../arm-none-eabi/lib/thumb/v7-m/nofp\libc_nano.a(lib_a-impure.o)
                0x0000000008008204                _global_impure_ptr
 .rodata.__utoa.str1.1
                0x0000000008008208       0x25 c:/program files (x86)/stmicroelectronics/stm32cubeide_1.3.0/stm32cubeide/plugins/com.st.stm32cube.ide.mcu.externaltools.gnu-tools-for-stm32.9-2020-q2-update.win32_2.0.0.202105311346/tools/bin/../lib/gcc/arm-none-eabi/9.3.1/../../../../arm-none-eabi/lib/thumb/v7-m/nofp\libc_nano.a(lib_a-utoa.o)
 *fill*         0x000000000800822d        0x3 
 .rodata.__sf_fake_stderr
                0x0000000008008230       0x20 c:/program files (x86)/stmicroelectronics/stm32cubeide_1.3.0/stm32cubeide/plugins/com.st.stm32cube.ide.mcu.externaltools.gnu-tools-for-stm32.9-2020-q2-update.win32_2.0.0.202105311346/tools/bin/../lib/gcc/arm-none-eabi/9.3.1/../../../../arm-none-eabi/lib/thumb/v7-m/nofp\libc_nano.a(lib_a-findfp.o)
                0x0000000008008230                __sf_fake_stderr
 .rodata.__sf_fake_stdin
                0x0000000008008250       0x20 c:/program files (x86)/stmicroelectronics/stm32cubeide_1.3.0/stm32cubeide/plugins/com.st.stm32cube.ide.mcu.externaltools.gnu-tools-for-stm32.9-2020-q2-update.win32_2.0.0.202105311346/tools/bin/../lib/gcc/arm-none-eabi/9.3.1/../../../../arm-none-eabi/lib/thumb/v7-m/nofp\libc_nano.a(lib_a-findfp.o)
                0x0000000008008250                __sf_fake_stdin
 .rodata.__sf_fake_stdout
                0x0000000008008270       0x20 c:/program files (x86)/stmicroelectronics/stm32cubeide_1.3.0/stm32cubeide/plugins/com.st.stm32cube.ide.mcu.externaltools.gnu-tools-for-stm32.9-2020-q2-update.win32_2.0.0.202105311346/tools/bin/../lib/gcc/arm-none-eabi/9.3.1/../../../../arm-none-eabi/lib/thumb/v7-m/nofp\libc_nano.a(lib_a-findfp.o)
                0x0000000008008270                __sf_fake_stdout
 .rodata._vfprintf_r.str1.1
                0x0000000008008290       0x11 c:/program files (x86)/stmicroelectronics/stm32cubeide_1.3.0/stm32cubeide/plugins/com.st.stm32cube.ide.mcu.externaltools.gnu-tools-for-stm32.9-2020-q2-update.win32_2.0.0.202105311346/tools/bin/../lib/gcc/arm-none-eabi/9.3.1/../../../../arm-none-eabi/lib/thumb/v7-m/nofp\libc_nano.a(lib_a-nano-vfprintf.o)
 .rodata._printf_i.str1.1
                0x00000000080082a1       0x22 c:/program files (x86)/stmicroelectronics/stm32cubeide_1.3.0/stm32cubeide/plugins/com.st.stm32cube.ide.mcu.externaltools.gnu-tools-for-stm32.9-2020-q2-update.win32_2.0.0.202105311346/tools/bin/../lib/gcc/arm-none-eabi/9.3.1/../../../../arm-none-eabi/lib/thumb/v7-m/nofp\libc_nano.a(lib_a-nano-vfprintf_i.o)
                0x00000000080082c4                . = ALIGN (0x4)
 *fill*         0x00000000080082c3        0x1 

.rel.dyn        0x00000000080082c4        0x0
 .rel.iplt      0x00000000080082c4        0x0 c:/program files (x86)/stmicroelectronics/stm32cubeide_1.3.0/stm32cubeide/plugins/com.st.stm32cube.ide.mcu.externaltools.gnu-tools-for-stm32.9-2020-q2-update.win32_2.0.0.202105311346/tools/bin/../lib/gcc/arm-none-eabi/9.3.1/thumb/v7-m/nofp/crtbegin.o

.ARM.extab      0x00000000080082c4        0x0
                0x00000000080082c4                . = ALIGN (0x4)
 *(.ARM.extab* .gnu.linkonce.armextab.*)
                0x00000000080082c4                . = ALIGN (0x4)

.ARM            0x00000000080082c4        0x0
                0x00000000080082c4                . = ALIGN (0x4)
                0x00000000080082c4                __exidx_start = .
 *(.ARM.exidx*)
                0x00000000080082c4                __exidx_end = .
                0x00000000080082c4                . = ALIGN (0x4)

.preinit_array  0x00000000080082c4        0x0
                0x00000000080082c4                . = ALIGN (0x4)
                0x00000000080082c4                PROVIDE (__preinit_array_start = .)
 *(.preinit_array*)
                0x00000000080082c4                PROVIDE (__preinit_array_end = .)
                0x00000000080082c4                . = ALIGN (0x4)

.init_array     0x00000000080082c4        0x4
                0x00000000080082c4                . = ALIGN (0x4)
                0x00000000080082c4                PROVIDE (__init_array_start = .)
 *(SORT_BY_NAME(.init_array.*))
 *(.init_array*)
 .init_array    0x00000000080082c4        0x4 c:/program files (x86)/stmicroelectronics/stm32cubeide_1.3.0/stm32cubeide/plugins/com.st.stm32cube.ide.mcu.externaltools.gnu-tools-for-stm32.9-2020-q2-update.win32_2.0.0.202105311346/tools/bin/../lib/gcc/arm-none-eabi/9.3.1/thumb/v7-m/nofp/crtbegin.o
                0x00000000080082c8                PROVIDE (__init_array_end = .)
                0x00000000080082c8                . = ALIGN (0x4)

.fini_array     0x00000000080082c8        0x4
                0x00000000080082c8                . = ALIGN (0x4)
                [!provide]                        PROVIDE (__fini_array_start = .)
 *(SORT_BY_NAME(.fini_array.*))
 *(.fini_array*)
 .fini_array    0x00000000080082c8        0x4 c:/program files (x86)/stmicroelectronics/stm32cubeide_1.3.0/stm32cubeide/plugins/com.st.stm32cube.ide.mcu.externaltools.gnu-tools-for-stm32.9-2020-q2-update.win32_2.0.0.202105311346/tools/bin/../lib/gcc/arm-none-eabi/9.3.1/thumb/v7-m/nofp/crtbegin.o
                [!provide]                        PROVIDE (__fini_array_end = .)
                0x00000000080082cc                . = ALIGN (0x4)
                0x00000000080082cc                _sidata = LOADADDR (.data)

.data           0x0000000020000000       0xe0 load address 0x00000000080082cc
                0x0000000020000000                . = ALIGN (0x4)
                0x0000000020000000                _sdata = .
 *(.data)
 *(.data*)
 .data.CfgBtn   0x0000000020000000       0x20 ./Application/bbb.o
 .data.PullBtn  0x0000000020000020       0x20 ./Application/bbb.o
 .data.PushBtn  0x0000000020000040       0x20 ./Application/bbb.o
 .data.Font_7x10
                0x0000000020000060        0x8 ./Application/fonts.o
                0x0000000020000060                Font_7x10
 .data.uwTickFreq
                0x0000000020000068        0x1 ./Drivers/STM32F1xx_HAL_Driver/Src/stm32f1xx_hal.o
                0x0000000020000068                uwTickFreq
 *fill*         0x0000000020000069        0x3 
 .data.uwTickPrio
                0x000000002000006c        0x4 ./Drivers/STM32F1xx_HAL_Driver/Src/stm32f1xx_hal.o
                0x000000002000006c                uwTickPrio
 .data.I2C_DMA_Completed
                0x0000000020000070        0x1 ./Src/main.o
                0x0000000020000070                I2C_DMA_Completed
 .data.RedrawRequested
                0x0000000020000071        0x1 ./Src/main.o
                0x0000000020000071                RedrawRequested
 .data.RetractDuration
                0x0000000020000072        0x2 ./Src/main.o
 .data.SpeedMode
                0x0000000020000074        0x2 ./Src/main.o
 *fill*         0x0000000020000076        0x2 
 .data.SystemCoreClock
                0x0000000020000078        0x4 ./Src/system_stm32f1xx.o
                0x0000000020000078                SystemCoreClock
 .data._impure_ptr
                0x000000002000007c        0x4 c:/program files (x86)/stmicroelectronics/stm32cubeide_1.3.0/stm32cubeide/plugins/com.st.stm32cube.ide.mcu.externaltools.gnu-tools-for-stm32.9-2020-q2-update.win32_2.0.0.202105311346/tools/bin/../lib/gcc/arm-none-eabi/9.3.1/../../../../arm-none-eabi/lib/thumb/v7-m/nofp\libc_nano.a(lib_a-impure.o)
                0x000000002000007c                _impure_ptr
 .data.impure_data
                0x0000000020000080       0x60 c:/program files (x86)/stmicroelectronics/stm32cubeide_1.3.0/stm32cubeide/plugins/com.st.stm32cube.ide.mcu.externaltools.gnu-tools-for-stm32.9-2020-q2-update.win32_2.0.0.202105311346/tools/bin/../lib/gcc/arm-none-eabi/9.3.1/../../../../arm-none-eabi/lib/thumb/v7-m/nofp\libc_nano.a(lib_a-impure.o)
                0x00000000200000e0                . = ALIGN (0x4)
                0x00000000200000e0                _edata = .

.igot.plt       0x00000000200000e0        0x0 load address 0x00000000080083ac
 .igot.plt      0x00000000200000e0        0x0 c:/program files (x86)/stmicroelectronics/stm32cubeide_1.3.0/stm32cubeide/plugins/com.st.stm32cube.ide.mcu.externaltools.gnu-tools-for-stm32.9-2020-q2-update.win32_2.0.0.202105311346/tools/bin/../lib/gcc/arm-none-eabi/9.3.1/thumb/v7-m/nofp/crtbegin.o
                0x00000000200000e0                . = ALIGN (0x4)

.bss            0x00000000200000e0      0x484 load address 0x00000000080083ac
                0x00000000200000e0                _sbss = .
                0x00000000200000e0                __bss_start__ = _sbss
 *(.bss)
 .bss           0x00000000200000e0       0x1c c:/program files (x86)/stmicroelectronics/stm32cubeide_1.3.0/stm32cubeide/plugins/com.st.stm32cube.ide.mcu.externaltools.gnu-tools-for-stm32.9-2020-q2-update.win32_2.0.0.202105311346/tools/bin/../lib/gcc/arm-none-eabi/9.3.1/thumb/v7-m/nofp/crtbegin.o
 *(.bss*)
 .bss.LastBtnEvtUpdateTimestamp
                0x00000000200000fc        0x4 ./Application/bbb.o
 .bss.AvTemp    0x0000000020000100        0x4 ./Application/measurement.o
                0x0000000020000100                AvTemp
 .bss.AvVBat    0x0000000020000104        0x4 ./Application/measurement.o
                0x0000000020000104                AvVBat
 .bss.CountMeasure
                0x0000000020000108        0x1 ./Application/measurement.o
                0x0000000020000108                CountMeasure
 *fill*         0x0000000020000109        0x3 
 .bss.SSD1306   0x000000002000010c        0x6 ./Application/ssd1306.o
 *fill*         0x0000000020000112        0x2 
 .bss.SSD1306_Buffer
                0x0000000020000114      0x200 ./Application/ssd1306.o
 .bss.CfgMode   0x0000000020000314        0x1 ./Src/main.o
 .bss.RetractDurationChange
                0x0000000020000315        0x1 ./Src/main.o
                0x0000000020000315                RetractDurationChange
 .bss.SpeedModeChange
                0x0000000020000316        0x1 ./Src/main.o
                0x0000000020000316                SpeedModeChange
 *fill*         0x0000000020000317        0x1 
 .bss.__sbrk_heap_end
                0x0000000020000318        0x4 ./Src/sysmem.o
 .bss.__malloc_free_list
                0x000000002000031c        0x4 c:/program files (x86)/stmicroelectronics/stm32cubeide_1.3.0/stm32cubeide/plugins/com.st.stm32cube.ide.mcu.externaltools.gnu-tools-for-stm32.9-2020-q2-update.win32_2.0.0.202105311346/tools/bin/../lib/gcc/arm-none-eabi/9.3.1/../../../../arm-none-eabi/lib/thumb/v7-m/nofp\libc_nano.a(lib_a-nano-mallocr.o)
                0x000000002000031c                __malloc_free_list
 .bss.__malloc_sbrk_start
                0x0000000020000320        0x4 c:/program files (x86)/stmicroelectronics/stm32cubeide_1.3.0/stm32cubeide/plugins/com.st.stm32cube.ide.mcu.externaltools.gnu-tools-for-stm32.9-2020-q2-update.win32_2.0.0.202105311346/tools/bin/../lib/gcc/arm-none-eabi/9.3.1/../../../../arm-none-eabi/lib/thumb/v7-m/nofp\libc_nano.a(lib_a-nano-mallocr.o)
                0x0000000020000320                __malloc_sbrk_start
 *(COMMON)
 COMMON         0x0000000020000324       0x10 ./Application/EEPROM.o
                0x0000000020000324                PageBase0
                0x0000000020000328                Status
                0x000000002000032c                PageSize
                0x0000000020000330                PageBase1
 COMMON         0x0000000020000334       0x39 ./Application/display.o
                0x0000000020000334                floatBuf
                0x0000000020000340                Tmp
                0x0000000020000358                Line
 *fill*         0x000000002000036d        0x3 
 COMMON         0x0000000020000370       0x18 ./Application/measurement.o
                0x0000000020000370                vSense
                0x0000000020000374                Temp
                0x0000000020000378                VBat
                0x000000002000037c                ADCBuffer
                0x0000000020000384                Im
 COMMON         0x0000000020000388        0x2 ./Application/motor.o
                0x0000000020000388                Speed
 *fill*         0x000000002000038a        0x2 
 COMMON         0x000000002000038c        0x4 ./Drivers/STM32F1xx_HAL_Driver/Src/stm32f1xx_hal.o
                0x000000002000038c                uwTick
 COMMON         0x0000000020000390       0x74 ./Src/adc.o
                0x0000000020000390                hadc1
                0x00000000200003c0                hdma_adc1
 COMMON         0x0000000020000404       0x98 ./Src/i2c.o
                0x0000000020000404                hdma_i2c1_tx
                0x0000000020000448                hi2c1
 COMMON         0x000000002000049c       0x25 ./Src/main.o
                0x000000002000049c                Timers
                0x00000000200004ae                Status1
                0x00000000200004b0                CfgBtn
                0x00000000200004b4                CompareDate
                0x00000000200004b8                PullBtn
                0x00000000200004bc                PushBtn
                0x00000000200004c0                CompareSeconds
 *fill*         0x00000000200004c1        0x3 
 COMMON         0x00000000200004c4       0x90 ./Src/tim.o
                0x00000000200004c4                htim3
                0x000000002000050c                htim1
 COMMON         0x0000000020000554        0x9 c:/program files (x86)/stmicroelectronics/stm32cubeide_1.3.0/stm32cubeide/plugins/com.st.stm32cube.ide.mcu.externaltools.gnu-tools-for-stm32.9-2020-q2-update.win32_2.0.0.202105311346/tools/bin/../lib/gcc/arm-none-eabi/9.3.1/../../../../arm-none-eabi/lib/thumb/v7-m/nofp\libc_nano.a(lib_a-lock.o)
                0x0000000020000554                __lock___atexit_recursive_mutex
                0x0000000020000555                __lock___arc4random_mutex
                0x0000000020000556                __lock___env_recursive_mutex
                0x0000000020000557                __lock___sinit_recursive_mutex
                0x0000000020000558                __lock___malloc_recursive_mutex
                0x0000000020000559                __lock___at_quick_exit_mutex
                0x000000002000055a                __lock___dd_hash_mutex
                0x000000002000055b                __lock___tz_mutex
                0x000000002000055c                __lock___sfp_recursive_mutex
 *fill*         0x000000002000055d        0x3 
 COMMON         0x0000000020000560        0x4 c:/program files (x86)/stmicroelectronics/stm32cubeide_1.3.0/stm32cubeide/plugins/com.st.stm32cube.ide.mcu.externaltools.gnu-tools-for-stm32.9-2020-q2-update.win32_2.0.0.202105311346/tools/bin/../lib/gcc/arm-none-eabi/9.3.1/../../../../arm-none-eabi/lib/thumb/v7-m/nofp\libc_nano.a(lib_a-reent.o)
                0x0000000020000560                errno
                0x0000000020000564                . = ALIGN (0x4)
                0x0000000020000564                _ebss = .
                0x0000000020000564                __bss_end__ = _ebss

._user_heap_stack
                0x0000000020000564      0x604 load address 0x00000000080083ac
                0x0000000020000568                . = ALIGN (0x8)
 *fill*         0x0000000020000564        0x4 
                [!provide]                        PROVIDE (end = .)
                0x0000000020000568                PROVIDE (_end = .)
                0x0000000020000768                . = (. + _Min_Heap_Size)
 *fill*         0x0000000020000568      0x200 
                0x0000000020000b68                . = (. + _Min_Stack_Size)
 *fill*         0x0000000020000768      0x400 
                0x0000000020000b68                . = ALIGN (0x8)

/DISCARD/
 libc.a(*)
 libm.a(*)
 libgcc.a(*)

.ARM.attributes
                0x0000000000000000       0x29
 *(.ARM.attributes)
 .ARM.attributes
                0x0000000000000000       0x1d c:/program files (x86)/stmicroelectronics/stm32cubeide_1.3.0/stm32cubeide/plugins/com.st.stm32cube.ide.mcu.externaltools.gnu-tools-for-stm32.9-2020-q2-update.win32_2.0.0.202105311346/tools/bin/../lib/gcc/arm-none-eabi/9.3.1/thumb/v7-m/nofp/crti.o
 .ARM.attributes
                0x000000000000001d       0x2d c:/program files (x86)/stmicroelectronics/stm32cubeide_1.3.0/stm32cubeide/plugins/com.st.stm32cube.ide.mcu.externaltools.gnu-tools-for-stm32.9-2020-q2-update.win32_2.0.0.202105311346/tools/bin/../lib/gcc/arm-none-eabi/9.3.1/thumb/v7-m/nofp/crtbegin.o
 .ARM.attributes
                0x000000000000004a       0x2d ./Application/EEPROM.o
 .ARM.attributes
                0x0000000000000077       0x2d ./Application/bbb.o
 .ARM.attributes
                0x00000000000000a4       0x2d ./Application/display.o
 .ARM.attributes
                0x00000000000000d1       0x2d ./Application/fonts.o
 .ARM.attributes
                0x00000000000000fe       0x2d ./Application/measurement.o
 .ARM.attributes
                0x000000000000012b       0x2d ./Application/motor.o
 .ARM.attributes
                0x0000000000000158       0x2d ./Application/ssd1306.o
 .ARM.attributes
                0x0000000000000185       0x2d ./Drivers/STM32F1xx_HAL_Driver/Src/stm32f1xx_hal.o
 .ARM.attributes
                0x00000000000001b2       0x2d ./Drivers/STM32F1xx_HAL_Driver/Src/stm32f1xx_hal_adc.o
 .ARM.attributes
                0x00000000000001df       0x2d ./Drivers/STM32F1xx_HAL_Driver/Src/stm32f1xx_hal_adc_ex.o
 .ARM.attributes
                0x000000000000020c       0x2d ./Drivers/STM32F1xx_HAL_Driver/Src/stm32f1xx_hal_cortex.o
 .ARM.attributes
                0x0000000000000239       0x2d ./Drivers/STM32F1xx_HAL_Driver/Src/stm32f1xx_hal_dma.o
 .ARM.attributes
                0x0000000000000266       0x2d ./Drivers/STM32F1xx_HAL_Driver/Src/stm32f1xx_hal_gpio.o
 .ARM.attributes
                0x0000000000000293       0x2d ./Drivers/STM32F1xx_HAL_Driver/Src/stm32f1xx_hal_i2c.o
 .ARM.attributes
                0x00000000000002c0       0x2d ./Drivers/STM32F1xx_HAL_Driver/Src/stm32f1xx_hal_rcc.o
 .ARM.attributes
                0x00000000000002ed       0x2d ./Drivers/STM32F1xx_HAL_Driver/Src/stm32f1xx_hal_rcc_ex.o
 .ARM.attributes
                0x000000000000031a       0x2d ./Drivers/STM32F1xx_HAL_Driver/Src/stm32f1xx_hal_tim.o
 .ARM.attributes
                0x0000000000000347       0x2d ./Drivers/STM32F1xx_HAL_Driver/Src/stm32f1xx_hal_tim_ex.o
 .ARM.attributes
                0x0000000000000374       0x2d ./Src/adc.o
 .ARM.attributes
                0x00000000000003a1       0x2d ./Src/dma.o
 .ARM.attributes
                0x00000000000003ce       0x2d ./Src/gpio.o
 .ARM.attributes
                0x00000000000003fb       0x2d ./Src/i2c.o
 .ARM.attributes
                0x0000000000000428       0x2d ./Src/main.o
 .ARM.attributes
                0x0000000000000455       0x2d ./Src/stm32f1xx_hal_msp.o
 .ARM.attributes
                0x0000000000000482       0x2d ./Src/stm32f1xx_it.o
 .ARM.attributes
                0x00000000000004af       0x2d ./Src/syscalls.o
 .ARM.attributes
                0x00000000000004dc       0x2d ./Src/sysmem.o
 .ARM.attributes
                0x0000000000000509       0x2d ./Src/system_stm32f1xx.o
 .ARM.attributes
                0x0000000000000536       0x2d ./Src/tim.o
 .ARM.attributes
                0x0000000000000563       0x21 ./Startup/startup_stm32f103c8tx.o
 .ARM.attributes